Component: ARM Compiler 5.06 update 7 (build 960) Tool: armlink [4d3601]

==============================================================================

Section Cross References

    startup_stm32f103xb.o(RESET) refers to startup_stm32f103xb.o(STACK) for __initial_sp
    startup_stm32f103xb.o(RESET) refers to startup_stm32f103xb.o(.text) for Reset_Handler
    startup_stm32f103xb.o(RESET) refers to stm32f1xx_it.o(i.NMI_Handler) for NMI_Handler
    startup_stm32f103xb.o(RESET) refers to stm32f1xx_it.o(i.HardFault_Handler) for HardFault_Handler
    startup_stm32f103xb.o(RESET) refers to stm32f1xx_it.o(i.MemManage_Handler) for MemManage_Handler
    startup_stm32f103xb.o(RESET) refers to stm32f1xx_it.o(i.BusFault_Handler) for BusFault_Handler
    startup_stm32f103xb.o(RESET) refers to stm32f1xx_it.o(i.UsageFault_Handler) for UsageFault_Handler
    startup_stm32f103xb.o(RESET) refers to stm32f1xx_it.o(i.SVC_Handler) for SVC_Handler
    startup_stm32f103xb.o(RESET) refers to stm32f1xx_it.o(i.DebugMon_Handler) for DebugMon_Handler
    startup_stm32f103xb.o(RESET) refers to stm32f1xx_it.o(i.PendSV_Handler) for PendSV_Handler
    startup_stm32f103xb.o(RESET) refers to stm32f1xx_it.o(i.SysTick_Handler) for SysTick_Handler
    startup_stm32f103xb.o(RESET) refers to stm32f1xx_it.o(i.TIM2_IRQHandler) for TIM2_IRQHandler
    startup_stm32f103xb.o(.text) refers to system_stm32f1xx.o(i.SystemInit) for SystemInit
    startup_stm32f103xb.o(.text) refers to entry.o(.ARM.Collect$$$$00000000) for __main
    pid.o(i.Trail_PID) refers to pid.o(i.PID_Trail_Init) for PID_Trail_Init
    pid.o(i.Trail_PID) refers to fadd.o(.text) for __aeabi_fsub
    pid.o(i.Trail_PID) refers to fscalb.o(.text) for __ARM_scalbnf
    pid.o(i.Trail_PID) refers to fmul.o(.text) for __aeabi_fmul
    pid.o(i.Trail_PID) refers to ffixi.o(.text) for __aeabi_f2iz
    pid.o(i.Trail_PID) refers to fflti.o(.text) for __aeabi_i2f
    pid.o(i.Trail_PID) refers to cfrcmple.o(.text) for __aeabi_cfrcmple
    pid.o(i.Trail_PID) refers to cfcmple.o(.text) for __aeabi_cfcmple
    pid.o(i.Velocity_PID) refers to pid.o(i.PID_Init) for PID_Init
    pid.o(i.Velocity_PID) refers to fadd.o(.text) for __aeabi_fsub
    pid.o(i.Velocity_PID) refers to fscalb.o(.text) for __ARM_scalbnf
    pid.o(i.Velocity_PID) refers to fmul.o(.text) for __aeabi_fmul
    pid.o(i.Velocity_PID) refers to cfrcmple.o(.text) for __aeabi_cfrcmple
    pid.o(i.Velocity_PID) refers to ffixi.o(.text) for __aeabi_f2iz
    pid.o(i.Velocity_PID) refers to fflti.o(.text) for __aeabi_i2f
    motor.o(i.CalActualSpeed) refers to dflti.o(.text) for __aeabi_i2d
    motor.o(i.CalActualSpeed) refers to dmul.o(.text) for __aeabi_dmul
    motor.o(i.CalActualSpeed) refers to d2f.o(.text) for __aeabi_d2f
    motor.o(i.LeftMotor_Back) refers to stm32f1xx_hal_gpio.o(i.HAL_GPIO_WritePin) for HAL_GPIO_WritePin
    motor.o(i.LeftMotor_Go) refers to stm32f1xx_hal_gpio.o(i.HAL_GPIO_WritePin) for HAL_GPIO_WritePin
    motor.o(i.LeftMotor_Stop) refers to stm32f1xx_hal_gpio.o(i.HAL_GPIO_WritePin) for HAL_GPIO_WritePin
    motor.o(i.MotorControl) refers to motor.o(i.LeftMotor_Go) for LeftMotor_Go
    motor.o(i.MotorControl) refers to motor.o(i.RightMotor_Go) for RightMotor_Go
    motor.o(i.MotorControl) refers to motor.o(i.LeftMotor_Back) for LeftMotor_Back
    motor.o(i.MotorControl) refers to motor.o(i.LeftMotor_Stop) for LeftMotor_Stop
    motor.o(i.MotorControl) refers to motor.o(i.RightMotor_Stop) for RightMotor_Stop
    motor.o(i.MotorControl) refers to motor.o(i.RightMotor_Back) for RightMotor_Back
    motor.o(i.MotorControl) refers to tim.o(.bss) for htim1
    motor.o(i.RightMotor_Back) refers to stm32f1xx_hal_gpio.o(i.HAL_GPIO_WritePin) for HAL_GPIO_WritePin
    motor.o(i.RightMotor_Go) refers to stm32f1xx_hal_gpio.o(i.HAL_GPIO_WritePin) for HAL_GPIO_WritePin
    motor.o(i.RightMotor_Stop) refers to stm32f1xx_hal_gpio.o(i.HAL_GPIO_WritePin) for HAL_GPIO_WritePin
    trail.o(i.getTrailStatus) refers to stm32f1xx_hal_gpio.o(i.HAL_GPIO_ReadPin) for HAL_GPIO_ReadPin
    hc_sr04.o(i.Delayus) refers to system_stm32f1xx.o(.data) for SystemCoreClock
    hc_sr04.o(i.HC_SR04_Read) refers to stm32f1xx_hal_gpio.o(i.HAL_GPIO_WritePin) for HAL_GPIO_WritePin
    hc_sr04.o(i.HC_SR04_Read) refers to hc_sr04.o(i.Delayus) for Delayus
    hc_sr04.o(i.HC_SR04_Read) refers to stm32f1xx_hal_gpio.o(i.HAL_GPIO_ReadPin) for HAL_GPIO_ReadPin
    hc_sr04.o(i.HC_SR04_Read) refers to dfltui.o(.text) for __aeabi_ui2d
    hc_sr04.o(i.HC_SR04_Read) refers to dmul.o(.text) for __aeabi_dmul
    hc_sr04.o(i.HC_SR04_Read) refers to dscalb.o(.text) for __ARM_scalbn
    hc_sr04.o(i.HC_SR04_Read) refers to d2f.o(.text) for __aeabi_d2f
    oled.o(i.I2C_Start) refers to stm32f1xx_hal_gpio.o(i.HAL_GPIO_WritePin) for HAL_GPIO_WritePin
    oled.o(i.I2C_Start) refers to oled.o(i.IIC_delay) for IIC_delay
    oled.o(i.I2C_Stop) refers to stm32f1xx_hal_gpio.o(i.HAL_GPIO_WritePin) for HAL_GPIO_WritePin
    oled.o(i.I2C_Stop) refers to oled.o(i.IIC_delay) for IIC_delay
[...]
    Removing stm32f1xx_hal_exti.o(i.HAL_EXTI_IRQHandler), (36 bytes).
    Removing stm32f1xx_hal_exti.o(i.HAL_EXTI_RegisterCallback), (14 bytes).
    Removing stm32f1xx_hal_exti.o(i.HAL_EXTI_SetConfigLine), (164 bytes).
    Removing stm32f1xx_hal_uart.o(.rev16_text), (4 bytes).
    Removing stm32f1xx_hal_uart.o(.revsh_text), (4 bytes).
    Removing stm32f1xx_hal_uart.o(.rrx_text), (6 bytes).
    Removing stm32f1xx_hal_uart.o(i.HAL_HalfDuplex_EnableReceiver), (50 bytes).
    Removing stm32f1xx_hal_uart.o(i.HAL_HalfDuplex_EnableTransmitter), (50 bytes).
    Removing stm32f1xx_hal_uart.o(i.HAL_HalfDuplex_Init), (108 bytes).
    Removing stm32f1xx_hal_uart.o(i.HAL_LIN_Init), (128 bytes).
    Removing stm32f1xx_hal_uart.o(i.HAL_LIN_SendBreak), (46 bytes).
    Removing stm32f1xx_hal_uart.o(i.HAL_MultiProcessor_EnterMuteMode), (46 bytes).
    Removing stm32f1xx_hal_uart.o(i.HAL_MultiProcessor_ExitMuteMode), (46 bytes).
    Removing stm32f1xx_hal_uart.o(i.HAL_MultiProcessor_Init), (142 bytes).
    Removing stm32f1xx_hal_uart.o(i.HAL_UARTEx_ReceiveToIdle), (254 bytes).
    Removing stm32f1xx_hal_uart.o(i.HAL_UARTEx_ReceiveToIdle_DMA), (74 bytes).
    Removing stm32f1xx_hal_uart.o(i.HAL_UARTEx_ReceiveToIdle_IT), (74 bytes).
    Removing stm32f1xx_hal_uart.o(i.HAL_UARTEx_RxEventCallback), (2 bytes).
    Removing stm32f1xx_hal_uart.o(i.HAL_UART_Abort), (156 bytes).
    Removing stm32f1xx_hal_uart.o(i.HAL_UART_AbortCpltCallback), (2 bytes).
    Removing stm32f1xx_hal_uart.o(i.HAL_UART_AbortReceive), (106 bytes).
    Removing stm32f1xx_hal_uart.o(i.HAL_UART_AbortReceiveCpltCallback), (2 bytes).
    Removing stm32f1xx_hal_uart.o(i.HAL_UART_AbortReceive_IT), (112 bytes).
    Removing stm32f1xx_hal_uart.o(i.HAL_UART_AbortTransmit), (78 bytes).
    Removing stm32f1xx_hal_uart.o(i.HAL_UART_AbortTransmitCpltCallback), (2 bytes).
    Removing stm32f1xx_hal_uart.o(i.HAL_UART_AbortTransmit_IT), (84 bytes).
    Removing stm32f1xx_hal_uart.o(i.HAL_UART_Abort_IT), (188 bytes).
    Removing stm32f1xx_hal_uart.o(i.HAL_UART_DMAPause), (102 bytes).
    Removing stm32f1xx_hal_uart.o(i.HAL_UART_DMAResume), (94 bytes).
    Removing stm32f1xx_hal_uart.o(i.HAL_UART_DMAStop), (88 bytes).
    Removing stm32f1xx_hal_uart.o(i.HAL_UART_DeInit), (52 bytes).
    Removing stm32f1xx_hal_uart.o(i.HAL_UART_ErrorCallback), (2 bytes).
    Removing stm32f1xx_hal_uart.o(i.HAL_UART_GetError), (4 bytes).
    Removing stm32f1xx_hal_uart.o(i.HAL_UART_GetState), (10 bytes).
    Removing stm32f1xx_hal_uart.o(i.HAL_UART_IRQHandler), (524 bytes).
    Removing stm32f1xx_hal_uart.o(i.HAL_UART_MspDeInit), (2 bytes).
    Removing stm32f1xx_hal_uart.o(i.HAL_UART_MspInit), (2 bytes).
    Removing stm32f1xx_hal_uart.o(i.HAL_UART_Receive), (192 bytes).
    Removing stm32f1xx_hal_uart.o(i.HAL_UART_Receive_DMA), (42 bytes).
    Removing stm32f1xx_hal_uart.o(i.HAL_UART_Receive_IT), (42 bytes).
    Removing stm32f1xx_hal_uart.o(i.HAL_UART_RxCpltCallback), (2 bytes).
    Removing stm32f1xx_hal_uart.o(i.HAL_UART_RxHalfCpltCallback), (2 bytes).
    Removing stm32f1xx_hal_uart.o(i.HAL_UART_Transmit_DMA), (128 bytes).
    Removing stm32f1xx_hal_uart.o(i.HAL_UART_Transmit_IT), (62 bytes).
    Removing stm32f1xx_hal_uart.o(i.HAL_UART_TxCpltCallback), (2 bytes).
    Removing stm32f1xx_hal_uart.o(i.HAL_UART_TxHalfCpltCallback), (2 bytes).
    Removing stm32f1xx_hal_uart.o(i.UART_DMAAbortOnError), (16 bytes).
    Removing stm32f1xx_hal_uart.o(i.UART_DMAError), (74 bytes).
    Removing stm32f1xx_hal_uart.o(i.UART_DMAReceiveCplt), (90 bytes).
    Removing stm32f1xx_hal_uart.o(i.UART_DMARxAbortCallback), (44 bytes).
    Removing stm32f1xx_hal_uart.o(i.UART_DMARxHalfCplt), (26 bytes).
    Removing stm32f1xx_hal_uart.o(i.UART_DMARxOnlyAbortCallback), (22 bytes).
    Removing stm32f1xx_hal_uart.o(i.UART_DMATransmitCplt), (46 bytes).
    Removing stm32f1xx_hal_uart.o(i.UART_DMATxAbortCallback), (44 bytes).
    Removing stm32f1xx_hal_uart.o(i.UART_DMATxHalfCplt), (10 bytes).
    Removing stm32f1xx_hal_uart.o(i.UART_DMATxOnlyAbortCallback), (20 bytes).
    Removing stm32f1xx_hal_uart.o(i.UART_EndRxTransfer), (48 bytes).
    Removing stm32f1xx_hal_uart.o(i.UART_EndTxTransfer), (18 bytes).
    Removing stm32f1xx_hal_uart.o(i.UART_Receive_IT), (182 bytes).
    Removing stm32f1xx_hal_uart.o(i.UART_Start_Receive_DMA), (112 bytes).
    Removing stm32f1xx_hal_uart.o(i.UART_Start_Receive_IT), (54 bytes).
    Removing system_stm32f1xx.o(.rev16_text), (4 bytes).
    Removing system_stm32f1xx.o(.revsh_text), (4 bytes).
    Removing system_stm32f1xx.o(.rrx_text), (6 bytes).
    Removing system_stm32f1xx.o(i.SystemCoreClockUpdate), (104 bytes).

399 unused section(s) (total 25996 bytes) removed from the image.

==============================================================================

Image Symbol Table

    Local Symbols

    Symbol Name                              Value     Ov Type        Size  Object(Section)

    ../Core/Src/gpio.c                       0x00000000   Number         0  gpio.o ABSOLUTE
    ../Core/Src/main.c                       0x00000000   Number         0  main.o ABSOLUTE
    ../Core/Src/stm32f1xx_hal_msp.c          0x00000000   Number         0  stm32f1xx_hal_msp.o ABSOLUTE
    ../Core/Src/stm32f1xx_it.c               0x00000000   Number         0  stm32f1xx_it.o ABSOLUTE
    ../Core/Src/system_stm32f1xx.c           0x00000000   Number         0  system_stm32f1xx.o ABSOLUTE
    ../Core/Src/tim.c                        0x00000000   Number         0  tim.o ABSOLUTE
    ../Core/Src/usart.c                      0x00000000   Number         0  usart.o ABSOLUTE
    ../Drivers/STM32F1xx_HAL_Driver/Src/stm32f1xx_hal.c 0x00000000   Number         0  stm32f1xx_hal.o ABSOLUTE
    ../Drivers/STM32F1xx_HAL_Driver/Src/stm32f1xx_hal_cortex.c 0x00000000   Number         0  stm32f1xx_hal_cortex.o ABSOLUTE
    ../Drivers/STM32F1xx_HAL_Driver/Src/stm32f1xx_hal_dma.c 0x00000000   Number         0  stm32f1xx_hal_dma.o ABSOLUTE
    ../Drivers/STM32F1xx_HAL_Driver/Src/stm32f1xx_hal_exti.c 0x00000000   Number         0  stm32f1xx_hal_exti.o ABSOLUTE
    ../Drivers/STM32F1xx_HAL_Driver/Src/stm32f1xx_hal_flash.c 0x00000000   Number         0  stm32f1xx_hal_flash.o ABSOLUTE
    ../Drivers/STM32F1xx_HAL_Driver/Src/stm32f1xx_hal_flash_ex.c 0x00000000   Number         0  stm32f1xx_hal_flash_ex.o ABSOLUTE
    ../Drivers/STM32F1xx_HAL_Driver/Src/stm32f1xx_hal_gpio.c 0x00000000   Number         0  stm32f1xx_hal_gpio.o ABSOLUTE
    ../Drivers/STM32F1xx_HAL_Driver/Src/stm32f1xx_hal_gpio_ex.c 0x00000000   Number         0  stm32f1xx_hal_gpio_ex.o ABSOLUTE
    ../Drivers/STM32F1xx_HAL_Driver/Src/stm32f1xx_hal_pwr.c 0x00000000   Number         0  stm32f1xx_hal_pwr.o ABSOLUTE
    ../Drivers/STM32F1xx_HAL_Driver/Src/stm32f1xx_hal_rcc.c 0x00000000   Number         0  stm32f1xx_hal_rcc.o ABSOLUTE
    ../Drivers/STM32F1xx_HAL_Driver/Src/stm32f1xx_hal_rcc_ex.c 0x00000000   Number         0  stm32f1xx_hal_rcc_ex.o ABSOLUTE
    ../Drivers/STM32F1xx_HAL_Driver/Src/stm32f1xx_hal_tim.c 0x00000000   Number         0  stm32f1xx_hal_tim.o ABSOLUTE
    ../Drivers/STM32F1xx_HAL_Driver/Src/stm32f1xx_hal_tim_ex.c 0x00000000   Number         0  stm32f1xx_hal_tim_ex.o ABSOLUTE
    ../Drivers/STM32F1xx_HAL_Driver/Src/stm32f1xx_hal_uart.c 0x00000000   Number         0  stm32f1xx_hal_uart.o ABSOLUTE
    ../clib/microlib/division.c              0x00000000   Number         0  uldiv.o ABSOLUTE
    ../clib/microlib/division.c              0x00000000   Number         0  uidiv.o ABSOLUTE
    ../clib/microlib/init/entry.s            0x00000000   Number         0  entry10a.o ABSOLUTE
    ../clib/microlib/init/entry.s            0x00000000   Number         0  entry9a.o ABSOLUTE
    ../clib/microlib/init/entry.s            0x00000000   Number         0  entry10b.o ABSOLUTE
    ../clib/microlib/init/entry.s            0x00000000   Number         0  entry8b.o ABSOLUTE
    ../clib/microlib/init/entry.s            0x00000000   Number         0  entry11a.o ABSOLUTE
    ../clib/microlib/init/entry.s            0x00000000   Number         0  entry8a.o ABSOLUTE
    ../clib/microlib/init/entry.s            0x00000000   Number         0  entry11b.o ABSOLUTE
    ../clib/microlib/init/entry.s            0x00000000   Number         0  entry7b.o ABSOLUTE
    ../clib/microlib/init/entry.s            0x00000000   Number         0  entry12a.o ABSOLUTE
    ../clib/microlib/init/entry.s            0x00000000   Number         0  entry7a.o ABSOLUTE
    ../clib/microlib/init/entry.s            0x00000000   Number         0  entry12b.o ABSOLUTE
    ../clib/microlib/init/entry.s            0x00000000   Number         0  entry9b.o ABSOLUTE
    ../clib/microlib/init/entry.s            0x00000000   Number         0  entry.o ABSOLUTE
    ../clib/microlib/init/entry.s            0x00000000   Number         0  entry5.o ABSOLUTE
    ../clib/microlib/init/entry.s            0x00000000   Number         0  entry2.o ABSOLUTE
    ../clib/microlib/longlong.c              0x00000000   Number         0  llshl.o ABSOLUTE
    ../clib/microlib/longlong.c              0x00000000   Number         0  llsshr.o ABSOLUTE
    ../clib/microlib/longlong.c              0x00000000   Number         0  llushr.o ABSOLUTE
    ../clib/microlib/printf/printf.c         0x00000000   Number         0  printfa.o ABSOLUTE
    ../clib/microlib/printf/printf.c         0x00000000   Number         0  printf5.o ABSOLUTE
    ../clib/microlib/printf/printf.c         0x00000000   Number         0  printf4.o ABSOLUTE
    ../clib/microlib/printf/printf.c         0x00000000   Number         0  printf3.o ABSOLUTE
    ../clib/microlib/printf/printf.c         0x00000000   Number         0  printf2.o ABSOLUTE
    ../clib/microlib/printf/printf.c         0x00000000   Number         0  printf1.o ABSOLUTE
    ../clib/microlib/printf/printf.c         0x00000000   Number         0  printf0.o ABSOLUTE
    ../clib/microlib/printf/printf.c         0x00000000   Number         0  printfb.o ABSOLUTE
    ../clib/microlib/printf/printf.c         0x00000000   Number         0  printf8.o ABSOLUTE
    ../clib/microlib/printf/printf.c         0x00000000   Number         0  printf7.o ABSOLUTE
    ../clib/microlib/printf/printf.c         0x00000000   Number         0  printf6.o ABSOLUTE
    ../clib/microlib/printf/stubs.s          0x00000000   Number         0  stubs.o ABSOLUTE
    ../clib/microlib/stdio/streams.c         0x00000000   Number         0  stdout.o ABSOLUTE
    ../clib/microlib/string/memset.c         0x00000000   Number         0  memseta.o ABSOLUTE
    ../clib/microlib/stubs.s                 0x00000000   Number         0  iusefp.o ABSOLUTE
    ../fplib/microlib/d2f.c                  0x00000000   Number         0  d2f.o ABSOLUTE
    ../fplib/microlib/f2d.c                  0x00000000   Number         0  f2d.o ABSOLUTE
    ../fplib/microlib/fpadd.c                0x00000000   Number         0  dadd.o ABSOLUTE
    ../fplib/microlib/fpadd.c                0x00000000   Number         0  fadd.o ABSOLUTE
    ../fplib/microlib/fpdiv.c                0x00000000   Number         0  ddiv.o ABSOLUTE
    ../fplib/microlib/fpepilogue.c           0x00000000   Number         0  fepilogue.o ABSOLUTE
    ../fplib/microlib/fpepilogue.c           0x00000000   Number         0  depilogue.o ABSOLUTE
    ../fplib/microlib/fpfix.c                0x00000000   Number         0  ffixi.o ABSOLUTE
    ../fplib/microlib/fpfix.c                0x00000000   Number         0  dfixul.o ABSOLUTE
    ../fplib/microlib/fpflt.c                0x00000000   Number         0  dfltui.o ABSOLUTE
    ../fplib/microlib/fpflt.c                0x00000000   Number         0  dflti.o ABSOLUTE
    ../fplib/microlib/fpflt.c                0x00000000   Number         0  fflti.o ABSOLUTE
    ../fplib/microlib/fpmul.c                0x00000000   Number         0  fmul.o ABSOLUTE
    ../fplib/microlib/fpmul.c                0x00000000   Number         0  dmul.o ABSOLUTE
    ../fplib/microlib/fpscalb.c              0x00000000   Number         0  fscalb.o ABSOLUTE
    ../fplib/microlib/fpscalb.c              0x00000000   Number         0  dscalb.o ABSOLUTE
    ..\Core\Src\HC_SR04.c                    0x00000000   Number         0  hc_sr04.o ABSOLUTE
    ..\Core\Src\gpio.c                       0x00000000   Number         0  gpio.o ABSOLUTE
    ..\Core\Src\main.c                       0x00000000   Number         0  main.o ABSOLUTE
    ..\Core\Src\motor.c                      0x00000000   Number         0  motor.o ABSOLUTE
    ..\Core\Src\oled.c                       0x00000000   Number         0  oled.o ABSOLUTE
    ..\Core\Src\pid.c                        0x00000000   Number         0  pid.o ABSOLUTE
    ..\Core\Src\stm32f1xx_hal_msp.c          0x00000000   Number         0  stm32f1xx_hal_msp.o ABSOLUTE
    ..\Core\Src\stm32f1xx_it.c               0x00000000   Number         0  stm32f1xx_it.o ABSOLUTE
    ..\Core\Src\system_stm32f1xx.c           0x00000000   Number         0  system_stm32f1xx.o ABSOLUTE
    ..\Core\Src\tim.c                        0x00000000   Number         0  tim.o ABSOLUTE
    ..\Core\Src\trail.c                      0x00000000   Number         0  trail.o ABSOLUTE
    ..\Core\Src\usart.c                      0x00000000   Number         0  usart.o ABSOLUTE
    ..\Drivers\STM32F1xx_HAL_Driver\Src\stm32f1xx_hal.c 0x00000000   Number         0  stm32f1xx_hal.o ABSOLUTE
    ..\Drivers\STM32F1xx_HAL_Driver\Src\stm32f1xx_hal_cortex.c 0x00000000   Number         0  stm32f1xx_hal_cortex.o ABSOLUTE
    ..\Drivers\STM32F1xx_HAL_Driver\Src\stm32f1xx_hal_dma.c 0x00000000   Number         0  stm32f1xx_hal_dma.o ABSOLUTE
    ..\Drivers\STM32F1xx_HAL_Driver\Src\stm32f1xx_hal_exti.c 0x00000000   Number         0  stm32f1xx_hal_exti.o ABSOLUTE
    ..\Drivers\STM32F1xx_HAL_Driver\Src\stm32f1xx_hal_flash.c 0x00000000   Number         0  stm32f1xx_hal_flash.o ABSOLUTE
    ..\Drivers\STM32F1xx_HAL_Driver\Src\stm32f1xx_hal_flash_ex.c 0x00000000   Number         0  stm32f1xx_hal_flash_ex.o ABSOLUTE
    ..\Drivers\STM32F1xx_HAL_Driver\Src\stm32f1xx_hal_gpio.c 0x00000000   Number         0  stm32f1xx_hal_gpio.o ABSOLUTE
    ..\Drivers\STM32F1xx_HAL_Driver\Src\stm32f1xx_hal_gpio_ex.c 0x00000000   Number         0  stm32f1xx_hal_gpio_ex.o ABSOLUTE
    ..\Drivers\STM32F1xx_HAL_Driver\Src\stm32f1xx_hal_pwr.c 0x00000000   Number         0  stm32f1xx_hal_pwr.o ABSOLUTE
    ..\Drivers\STM32F1xx_HAL_Driver\Src\stm32f1xx_hal_rcc.c 0x00000000   Number         0  stm32f1xx_hal_rcc.o ABSOLUTE
    ..\Drivers\STM32F1xx_HAL_Driver\Src\stm32f1xx_hal_rcc_ex.c 0x00000000   Number         0  stm32f1xx_hal_rcc_ex.o ABSOLUTE
    ..\Drivers\STM32F1xx_HAL_Driver\Src\stm32f1xx_hal_tim.c 0x00000000   Number         0  stm32f1xx_hal_tim.o ABSOLUTE
    ..\Drivers\STM32F1xx_HAL_Driver\Src\stm32f1xx_hal_tim_ex.c 0x00000000   Number         0  stm32f1xx_hal_tim_ex.o ABSOLUTE
    ..\Drivers\STM32F1xx_HAL_Driver\Src\stm32f1xx_hal_uart.c 0x00000000   Number         0  stm32f1xx_hal_uart.o ABSOLUTE
    ..\\Core\\Src\\HC_SR04.c                 0x00000000   Number         0  hc_sr04.o ABSOLUTE
    ..\\Core\\Src\\motor.c                   0x00000000   Number         0  motor.o ABSOLUTE
    ..\\Core\\Src\\oled.c                    0x00000000   Number         0  oled.o ABSOLUTE
    ..\\Core\\Src\\pid.c                     0x00000000   Number         0  pid.o ABSOLUTE
    ..\\Core\\Src\\trail.c                   0x00000000   Number         0  trail.o ABSOLUTE
    cdrcmple.s                               0x00000000   Number         0  cdrcmple.o ABSOLUTE
    cfcmple.s                                0x00000000   Number         0  cfcmple.o ABSOLUTE
    cfrcmple.s                               0x00000000   Number         0  cfrcmple.o ABSOLUTE
    dc.s                                     0x00000000   Number         0  dc.o ABSOLUTE
    handlers.s                               0x00000000   Number         0  handlers.o ABSOLUTE
    init.s                                   0x00000000   Number         0  init.o ABSOLUTE
    startup_stm32f103xb.s                    0x00000000   Number         0  startup_stm32f103xb.o ABSOLUTE
    RESET                                    0x08000000   Section      236  startup_stm32f103xb.o(RESET)
    .ARM.Collect$$$$00000000                 0x080000ec   Section        0  entry.o(.ARM.Collect$$$$00000000)
    .ARM.Collect$$$$00000001                 0x080000ec   Section        4  entry2.o(.ARM.Collect$$$$00000001)
    .ARM.Collect$$$$00000004                 0x080000f0   Section        4  entry5.o(.ARM.Collect$$$$00000004)
    .ARM.Collect$$$$00000008                 0x080000f4   Section        0  entry7b.o(.ARM.Collect$$$$00000008)
    .ARM.Collect$$$$0000000A                 0x080000f4   Section        0  entry8b.o(.ARM.Collect$$$$0000000A)
    .ARM.Collect$$$$0000000B                 0x080000f4   Section        8  entry9a.o(.ARM.Collect$$$$0000000B)
    .ARM.Collect$$$$0000000E                 0x080000fc   Section        4  entry12b.o(.ARM.Collect$$$$0000000E)
    .ARM.Collect$$$$0000000F                 0x08000100   Section        0  entry10a.o(.ARM.Collect$$$$0000000F)
    .ARM.Collect$$$$00000011                 0x08000100   Section        0  entry11a.o(.ARM.Collect$$$$00000011)
    .ARM.Collect$$$$00002712                 0x08000100   Section        4  entry2.o(.ARM.Collect$$$$00002712)
    __lit__00000000                          0x08000100   Data           4  entry2.o(.ARM.Collect$$$$00002712)
    .text                                    0x08000104   Section       36  startup_stm32f103xb.o(.text)
    .text                                    0x08000128   Section        0  llushr.o(.text)
    .text                                    0x08000148   Section        0  memseta.o(.text)
    .text                                    0x0800016c   Section        0  fadd.o(.text)
    .text                                    0x0800021c   Section        0  fmul.o(.text)
    .text                                    0x08000280   Section        0  fscalb.o(.text)
    .text                                    0x08000298   Section        0  dmul.o(.text)
    .text                                    0x0800037c   Section        0  ddiv.o(.text)
    .text                                    0x0800045a   Section        0  dscalb.o(.text)
    .text                                    0x08000488   Section        0  fflti.o(.text)
    .text                                    0x0800049a   Section        0  dflti.o(.text)
    .text                                    0x080004bc   Section        0  dfltui.o(.text)
    .text                                    0x080004d6   Section        0  ffixi.o(.text)
    .text                                    0x08000508   Section        0  f2d.o(.text)
    .text                                    0x0800052e   Section        0  d2f.o(.text)
    .text                                    0x08000568   Section       20  cfcmple.o(.text)
    .text                                    0x0800057c   Section       20  cfrcmple.o(.text)
    .text                                    0x08000590   Section        0  uidiv.o(.text)
    .text                                    0x080005bc   Section        0  uldiv.o(.text)
    .text                                    0x0800061e   Section        0  fepilogue.o(.text)
    .text                                    0x0800061e   Section        0  iusefp.o(.text)
    .text                                    0x0800068c   Section        0  depilogue.o(.text)
    .text                                    0x08000746   Section        0  dadd.o(.text)
    .text                                    0x08000894   Section        0  dfixul.o(.text)
    .text                                    0x080008c4   Section       48  cdrcmple.o(.text)
    .text                                    0x080008f4   Section       36  init.o(.text)
    .text                                    0x08000918   Section        0  llshl.o(.text)
    .text                                    0x08000936   Section        0  llsshr.o(.text)
    i.BusFault_Handler                       0x0800095a   Section        0  stm32f1xx_it.o(i.BusFault_Handler)
    i.CalActualSpeed                         0x0800095c   Section        0  motor.o(i.CalActualSpeed)
    i.DebugMon_Handler                       0x0800097c   Section        0  stm32f1xx_it.o(i.DebugMon_Handler)
    i.Delayus                                0x08000980   Section        0  hc_sr04.o(i.Delayus)
    i.Error_Handler                          0x080009a4   Section        0  main.o(i.Error_Handler)
    i.GetEncoderPulse                        0x080009a8   Section        0  main.o(i.GetEncoderPulse)
    i.HAL_Delay                              0x080009d4   Section        0  stm32f1xx_hal.o(i.HAL_Delay)
    i.HAL_GPIO_Init                          0x080009f8   Section        0  stm32f1xx_hal_gpio.o(i.HAL_GPIO_Init)
    i.HAL_GPIO_ReadPin                       0x08000bd8   Section        0  stm32f1xx_hal_gpio.o(i.HAL_GPIO_ReadPin)
    i.HAL_GPIO_TogglePin                     0x08000be2   Section        0  stm32f1xx_hal_gpio.o(i.HAL_GPIO_TogglePin)
    i.HAL_GPIO_WritePin                      0x08000bf2   Section        0  stm32f1xx_hal_gpio.o(i.HAL_GPIO_WritePin)
    i.HAL_GetTick                            0x08000bfc   Section        0  stm32f1xx_hal.o(i.HAL_GetTick)
    i.HAL_IncTick                            0x08000c08   Section        0  stm32f1xx_hal.o(i.HAL_IncTick)
    i.HAL_Init                               0x08000c18   Section        0  stm32f1xx_hal.o(i.HAL_Init)
    i.HAL_InitTick                           0x08000c3c   Section        0  stm32f1xx_hal.o(i.HAL_InitTick)
    i.HAL_MspInit                            0x08000c7c   Section        0  stm32f1xx_hal_msp.o(i.HAL_MspInit)
    i.HAL_NVIC_EnableIRQ                     0x08000cb8   Section        0  stm32f1xx_hal_cortex.o(i.HAL_NVIC_EnableIRQ)
    i.HAL_NVIC_SetPriority                   0x08000cd4   Section        0  stm32f1xx_hal_cortex.o(i.HAL_NVIC_SetPriority)
    i.HAL_NVIC_SetPriorityGrouping           0x08000d14   Section        0  stm32f1xx_hal_cortex.o(i.HAL_NVIC_SetPriorityGrouping)
    i.HAL_RCC_ClockConfig                    0x08000d38   Section        0  stm32f1xx_hal_rcc.o(i.HAL_RCC_ClockConfig)
    i.HAL_RCC_GetPCLK1Freq                   0x08000e64   Section        0  stm32f1xx_hal_rcc.o(i.HAL_RCC_GetPCLK1Freq)
    i.HAL_RCC_GetPCLK2Freq                   0x08000e84   Section        0  stm32f1xx_hal_rcc.o(i.HAL_RCC_GetPCLK2Freq)
    i.HAL_RCC_GetSysClockFreq                0x08000ea4   Section        0  stm32f1xx_hal_rcc.o(i.HAL_RCC_GetSysClockFreq)
    i.HAL_RCC_OscConfig                      0x08000f10   Section        0  stm32f1xx_hal_rcc.o(i.HAL_RCC_OscConfig)
    i.HAL_SYSTICK_Config                     0x08001230   Section        0  stm32f1xx_hal_cortex.o(i.HAL_SYSTICK_Config)
    i.HAL_TIMEx_BreakCallback                0x08001258   Section        0  stm32f1xx_hal_tim_ex.o(i.HAL_TIMEx_BreakCallback)
    i.HAL_TIMEx_CommutCallback               0x0800125a   Section        0  stm32f1xx_hal_tim_ex.o(i.HAL_TIMEx_CommutCallback)
    i.HAL_TIMEx_ConfigBreakDeadTime          0x0800125c   Section        0  stm32f1xx_hal_tim_ex.o(i.HAL_TIMEx_ConfigBreakDeadTime)
    i.HAL_TIMEx_MasterConfigSynchronization  0x080012b0   Section        0  stm32f1xx_hal_tim_ex.o(i.HAL_TIMEx_MasterConfigSynchronization)
    i.HAL_TIM_Base_Init                      0x08001318   Section        0  stm32f1xx_hal_tim.o(i.HAL_TIM_Base_Init)
    i.HAL_TIM_Base_MspInit                   0x08001374   Section        0  tim.o(i.HAL_TIM_Base_MspInit)
    i.HAL_TIM_Base_Start_IT                  0x080013c4   Section        0  stm32f1xx_hal_tim.o(i.HAL_TIM_Base_Start_IT)
    i.HAL_TIM_ConfigClockSource              0x0800141c   Section        0  stm32f1xx_hal_tim.o(i.HAL_TIM_ConfigClockSource)
    i.HAL_TIM_Encoder_Init                   0x080014f2   Section        0  stm32f1xx_hal_tim.o(i.HAL_TIM_Encoder_Init)
    i.HAL_TIM_Encoder_MspInit                0x08001598   Section        0  tim.o(i.HAL_TIM_Encoder_MspInit)
    i.HAL_TIM_Encoder_Start                  0x08001638   Section        0  stm32f1xx_hal_tim.o(i.HAL_TIM_Encoder_Start)
    i.HAL_TIM_IC_CaptureCallback             0x080016c6   Section        0  stm32f1xx_hal_tim.o(i.HAL_TIM_IC_CaptureCallback)
    i.HAL_TIM_IRQHandler                     0x080016c8   Section        0  stm32f1xx_hal_tim.o(i.HAL_TIM_IRQHandler)
    i.HAL_TIM_MspPostInit                    0x08001830   Section        0  tim.o(i.HAL_TIM_MspPostInit)
    i.HAL_TIM_OC_DelayElapsedCallback        0x0800187c   Section        0  stm32f1xx_hal_tim.o(i.HAL_TIM_OC_DelayElapsedCallback)
    i.HAL_TIM_PWM_ConfigChannel              0x0800187e   Section        0  stm32f1xx_hal_tim.o(i.HAL_TIM_PWM_ConfigChannel)
    i.HAL_TIM_PWM_Init                       0x08001944   Section        0  stm32f1xx_hal_tim.o(i.HAL_TIM_PWM_Init)
    i.HAL_TIM_PWM_MspInit                    0x0800199e   Section        0  stm32f1xx_hal_tim.o(i.HAL_TIM_PWM_MspInit)
    i.HAL_TIM_PWM_PulseFinishedCallback      0x080019a0   Section        0  stm32f1xx_hal_tim.o(i.HAL_TIM_PWM_PulseFinishedCallback)
    i.HAL_TIM_PWM_Start                      0x080019a4   Section        0  stm32f1xx_hal_tim.o(i.HAL_TIM_PWM_Start)
    i.HAL_TIM_PeriodElapsedCallback          0x08001a40   Section        0  main.o(i.HAL_TIM_PeriodElapsedCallback)
    i.HAL_TIM_TriggerCallback                0x08001c94   Section        0  stm32f1xx_hal_tim.o(i.HAL_TIM_TriggerCallback)
    i.HAL_UART_Init                          0x08001c96   Section        0  stm32f1xx_hal_uart.o(i.HAL_UART_Init)
    i.HAL_UART_MspInit                       0x08001cf8   Section        0  usart.o(i.HAL_UART_MspInit)
    i.HAL_UART_Transmit                      0x08001d68   Section        0  stm32f1xx_hal_uart.o(i.HAL_UART_Transmit)
    i.HC_SR04_Read                           0x08001e1c   Section        0  hc_sr04.o(i.HC_SR04_Read)
    i.HardFault_Handler                      0x08001eb8   Section        0  stm32f1xx_it.o(i.HardFault_Handler)
    i.I2C_Start                              0x08001ebc   Section        0  oled.o(i.I2C_Start)
    i.I2C_Stop                               0x08001f00   Section        0  oled.o(i.I2C_Stop)
    i.I2C_WaitAck                            0x08001f34   Section        0  oled.o(i.I2C_WaitAck)
    i.IIC_delay                              0x08001f6c   Section        0  oled.o(i.IIC_delay)
    i.LeftMotor_Back                         0x08001f78   Section        0  motor.o(i.LeftMotor_Back)
    i.LeftMotor_Go                           0x08001f98   Section        0  motor.o(i.LeftMotor_Go)
    i.LeftMotor_Stop                         0x08001fb8   Section        0  motor.o(i.LeftMotor_Stop)
    i.MX_GPIO_Init                           0x08001fd8   Section        0  gpio.o(i.MX_GPIO_Init)
    i.MX_TIM1_Init                           0x080020e4   Section        0  tim.o(i.MX_TIM1_Init)
    i.MX_TIM2_Init                           0x080021bc   Section        0  tim.o(i.MX_TIM2_Init)
    i.MX_TIM3_Init                           0x08002224   Section        0  tim.o(i.MX_TIM3_Init)
    i.MX_TIM4_Init                           0x08002290   Section        0  tim.o(i.MX_TIM4_Init)
    i.MX_USART3_UART_Init                    0x080022fc   Section        0  usart.o(i.MX_USART3_UART_Init)
    i.MemManage_Handler                      0x08002334   Section        0  stm32f1xx_it.o(i.MemManage_Handler)
    i.MotorControl                           0x08002338   Section        0  motor.o(i.MotorControl)
    i.NMI_Handler                            0x080023a0   Section        0  stm32f1xx_it.o(i.NMI_Handler)
    i.OLED_Clear                             0x080023a4   Section        0  oled.o(i.OLED_Clear)
    i.OLED_DrawPoint                         0x080023d0   Section        0  oled.o(i.OLED_DrawPoint)
    i.OLED_Init                              0x080023fc   Section        0  oled.o(i.OLED_Init)
    i.OLED_Refresh                           0x080024f8   Section        0  oled.o(i.OLED_Refresh)
    i.OLED_ShowChar                          0x08002560   Section        0  oled.o(i.OLED_ShowChar)
    i.OLED_ShowString                        0x08002644   Section        0  oled.o(i.OLED_ShowString)
    i.OLED_WR_Byte                           0x08002680   Section        0  oled.o(i.OLED_WR_Byte)
    i.PID_Init                               0x080026b8   Section        0  pid.o(i.PID_Init)
    i.PID_Trail_Init                         0x080026f0   Section        0  pid.o(i.PID_Trail_Init)
    i.PendSV_Handler                         0x08002718   Section        0  stm32f1xx_it.o(i.PendSV_Handler)
    i.RightMotor_Back                        0x0800271c   Section        0  motor.o(i.RightMotor_Back)
    i.RightMotor_Go                          0x0800273c   Section        0  motor.o(i.RightMotor_Go)
    i.RightMotor_Stop                        0x0800275c   Section        0  motor.o(i.RightMotor_Stop)
    i.SVC_Handler                            0x0800277c   Section        0  stm32f1xx_it.o(i.SVC_Handler)
    i.Send_Byte                              0x08002780   Section        0  oled.o(i.Send_Byte)
    i.SysTick_Handler                        0x080027d4   Section        0  stm32f1xx_it.o(i.SysTick_Handler)
    i.SystemClock_Config                     0x080027d8   Section        0  main.o(i.SystemClock_Config)
    i.SystemInit                             0x08002836   Section        0  system_stm32f1xx.o(i.SystemInit)
    i.TIM2_IRQHandler                        0x08002838   Section        0  stm32f1xx_it.o(i.TIM2_IRQHandler)
    i.TIM_Base_SetConfig                     0x08002844   Section        0  stm32f1xx_hal_tim.o(i.TIM_Base_SetConfig)
    i.TIM_CCxChannelCmd                      0x080028b0   Section        0  stm32f1xx_hal_tim.o(i.TIM_CCxChannelCmd)
    i.TIM_ETR_SetConfig                      0x080028ca   Section        0  stm32f1xx_hal_tim.o(i.TIM_ETR_SetConfig)
    i.TIM_ITRx_SetConfig                     0x080028de   Section        0  stm32f1xx_hal_tim.o(i.TIM_ITRx_SetConfig)
    TIM_ITRx_SetConfig                       0x080028df   Thumb Code    16  stm32f1xx_hal_tim.o(i.TIM_ITRx_SetConfig)
    i.TIM_OC1_SetConfig                      0x080028f0   Section        0  stm32f1xx_hal_tim.o(i.TIM_OC1_SetConfig)
    TIM_OC1_SetConfig                        0x080028f1   Thumb Code    74  stm32f1xx_hal_tim.o(i.TIM_OC1_SetConfig)
    i.TIM_OC2_SetConfig                      0x08002940   Section        0  stm32f1xx_hal_tim.o(i.TIM_OC2_SetConfig)
    i.TIM_OC3_SetConfig                      0x08002998   Section        0  stm32f1xx_hal_tim.o(i.TIM_OC3_SetConfig)
    TIM_OC3_SetConfig                        0x08002999   Thumb Code    82  stm32f1xx_hal_tim.o(i.TIM_OC3_SetConfig)
    i.TIM_OC4_SetConfig                      0x080029f0   Section        0  stm32f1xx_hal_tim.o(i.TIM_OC4_SetConfig)
    TIM_OC4_SetConfig                        0x080029f1   Thumb Code    64  stm32f1xx_hal_tim.o(i.TIM_OC4_SetConfig)
    i.TIM_TI1_ConfigInputStage               0x08002a34   Section        0  stm32f1xx_hal_tim.o(i.TIM_TI1_ConfigInputStage)
    TIM_TI1_ConfigInputStage                 0x08002a35   Thumb Code    34  stm32f1xx_hal_tim.o(i.TIM_TI1_ConfigInputStage)
    i.TIM_TI2_ConfigInputStage               0x08002a56   Section        0  stm32f1xx_hal_tim.o(i.TIM_TI2_ConfigInputStage)
    TIM_TI2_ConfigInputStage                 0x08002a57   Thumb Code    36  stm32f1xx_hal_tim.o(i.TIM_TI2_ConfigInputStage)
    i.Trail_PID                              0x08002a7a   Section        0  pid.o(i.Trail_PID)
    i.UART_SetConfig                         0x08002b24   Section        0  stm32f1xx_hal_uart.o(i.UART_SetConfig)
    UART_SetConfig                           0x08002b25   Thumb Code   178  stm32f1xx_hal_uart.o(i.UART_SetConfig)
    i.UART_WaitOnFlagUntilTimeout            0x08002bdc   Section        0  stm32f1xx_hal_uart.o(i.UART_WaitOnFlagUntilTimeout)
    UART_WaitOnFlagUntilTimeout              0x08002bdd   Thumb Code   100  stm32f1xx_hal_uart.o(i.UART_WaitOnFlagUntilTimeout)
    i.UsageFault_Handler                     0x08002c40   Section        0  stm32f1xx_it.o(i.UsageFault_Handler)
    i.Velocity_PID                           0x08002c44   Section        0  pid.o(i.Velocity_PID)
    i.__0printf                              0x08002cfc   Section        0  printfa.o(i.__0printf)
    i.__0sprintf                             0x08002d1c   Section        0  printfa.o(i.__0sprintf)
    i.__NVIC_SetPriority                     0x08002d44   Section        0  stm32f1xx_hal_cortex.o(i.__NVIC_SetPriority)
    __NVIC_SetPriority                       0x08002d45   Thumb Code    32  stm32f1xx_hal_cortex.o(i.__NVIC_SetPriority)
    i.__scatterload_copy                     0x08002d64   Section       14  handlers.o(i.__scatterload_copy)
    i.__scatterload_null                     0x08002d72   Section        2  handlers.o(i.__scatterload_null)
    i.__scatterload_zeroinit                 0x08002d74   Section       14  handlers.o(i.__scatterload_zeroinit)
    i._fp_digits                             0x08002d84   Section        0  printfa.o(i._fp_digits)
    _fp_digits                               0x08002d85   Thumb Code   366  printfa.o(i._fp_digits)
    i._printf_core                           0x08002f08   Section        0  printfa.o(i._printf_core)
    _printf_core                             0x08002f09   Thumb Code  1704  printfa.o(i._printf_core)
    i._printf_post_padding                   0x080035bc   Section        0  printfa.o(i._printf_post_padding)
    _printf_post_padding                     0x080035bd   Thumb Code    36  printfa.o(i._printf_post_padding)
    i._printf_pre_padding                    0x080035e0   Section        0  printfa.o(i._printf_pre_padding)
    _printf_pre_padding                      0x080035e1   Thumb Code    46  printfa.o(i._printf_pre_padding)
    i._sputc                                 0x0800360e   Section        0  printfa.o(i._sputc)
    _sputc                                   0x0800360f   Thumb Code    10  printfa.o(i._sputc)
    i.beepOff                                0x08003618   Section        0  main.o(i.beepOff)
    i.beepOn                                 0x08003628   Section        0  main.o(i.beepOn)
    i.fputc                                  0x08003638   Section        0  main.o(i.fputc)
    i.getTrailStatus                         0x08003654   Section        0  trail.o(i.getTrailStatus)
    i.main                                   0x08003828   Section        0  main.o(i.main)
    i.stage1and2and3                         0x08003934   Section        0  main.o(i.stage1and2and3)
    i.stageFive                              0x08003c14   Section        0  main.o(i.stageFive)
    i.stageFour                              0x08003dd0   Section        0  main.o(i.stageFour)
    i.trailModule                            0x08003ef8   Section        0  main.o(i.trailModule)
    .constdata                               0x08003fa0   Section     7696  oled.o(.constdata)
    .constdata                               0x08005db0   Section       16  system_stm32f1xx.o(.constdata)
    .constdata                               0x08005dc0   Section        8  system_stm32f1xx.o(.constdata)
    .data                                    0x20000000   Section       87  main.o(.data)
    .data                                    0x20000058   Section       12  stm32f1xx_hal.o(.data)
    .data                                    0x20000064   Section        4  system_stm32f1xx.o(.data)
    .data                                    0x20000068   Section        4  stdout.o(.data)
    .bss                                     0x2000006c   Section     1152  oled.o(.bss)
    .bss                                     0x200004ec   Section      136  main.o(.bss)
    .bss                                     0x20000574   Section      288  tim.o(.bss)
    .bss                                     0x20000694   Section       68  usart.o(.bss)
    STACK                                    0x200006d8   Section     1536  startup_stm32f103xb.o(STACK)

    Global Symbols

    Symbol Name                              Value     Ov Type        Size  Object(Section)

    BuildAttributes$$THM_ISAv4$P$D$K$B$S$PE$A:L22UL41UL21$X:L11$S22US41US21$IEEE1$IW$USESV6$~STKCKD$USESV7$~SHL$OTIME$ROPI$EBA8$MICROLIB$REQ8$PRES8$EABIv2 0x00000000   Number         0  anon$$obj.o ABSOLUTE
    __ARM_use_no_argv                        0x00000000   Number         0  main.o ABSOLUTE
    _printf_a                                0x00000000   Number         0  stubs.o ABSOLUTE
    _printf_c                                0x00000000   Number         0  stubs.o ABSOLUTE
    _printf_charcount                        0x00000000   Number         0  stubs.o ABSOLUTE
    _printf_d                                0x00000000   Number         0  stubs.o ABSOLUTE
    _printf_e                                0x00000000   Number         0  stubs.o ABSOLUTE
    _printf_f                                0x00000000   Number         0  stubs.o ABSOLUTE
    _printf_flags                            0x00000000   Number         0  stubs.o ABSOLUTE
    _printf_fp_dec                           0x00000000   Number         0  stubs.o ABSOLUTE
    _printf_fp_hex                           0x00000000   Number         0  stubs.o ABSOLUTE
    _printf_g                                0x00000000   Number         0  stubs.o ABSOLUTE
    _printf_i                                0x00000000   Number         0  stubs.o ABSOLUTE
    _printf_int_dec                          0x00000000   Number         0  stubs.o ABSOLUTE
    _printf_l                                0x00000000   Number         0  stubs.o ABSOLUTE
    _printf_lc                               0x00000000   Number         0  stubs.o ABSOLUTE
    _printf_ll                               0x00000000   Number         0  stubs.o ABSOLUTE
    _printf_lld                              0x00000000   Number         0  stubs.o ABSOLUTE
    _printf_lli                              0x00000000   Number         0  stubs.o ABSOLUTE
    _printf_llo                              0x00000000   Number         0  stubs.o ABSOLUTE
    _printf_llu                              0x00000000   Number         0  stubs.o ABSOLUTE
    _printf_llx                              0x00000000   Number         0  stubs.o ABSOLUTE
    _printf_longlong_dec                     0x00000000   Number         0  stubs.o ABSOLUTE
    _printf_longlong_hex                     0x00000000   Number         0  stubs.o ABSOLUTE
    _printf_longlong_oct                     0x00000000   Number         0  stubs.o ABSOLUTE
    _printf_ls                               0x00000000   Number         0  stubs.o ABSOLUTE
    _printf_mbtowc                           0x00000000   Number         0  stubs.o ABSOLUTE
    _printf_n                                0x00000000   Number         0  stubs.o ABSOLUTE
    _printf_o                                0x00000000   Number         0  stubs.o ABSOLUTE
    _printf_p                                0x00000000   Number         0  stubs.o ABSOLUTE
    _printf_percent                          0x00000000   Number         0  stubs.o ABSOLUTE
    _printf_pre_padding                      0x00000000   Number         0  stubs.o ABSOLUTE
    _printf_return_value                     0x00000000   Number         0  stubs.o ABSOLUTE
    _printf_s                                0x00000000   Number         0  stubs.o ABSOLUTE
    _printf_sizespec                         0x00000000   Number         0  stubs.o ABSOLUTE
    _printf_str                              0x00000000   Number         0  stubs.o ABSOLUTE
    _printf_truncate_signed                  0x00000000   Number         0  stubs.o ABSOLUTE
    _printf_truncate_unsigned                0x00000000   Number         0  stubs.o ABSOLUTE
    _printf_u                                0x00000000   Number         0  stubs.o ABSOLUTE
    _printf_wc                               0x00000000   Number         0  stubs.o ABSOLUTE
    _printf_wctomb                           0x00000000   Number         0  stubs.o ABSOLUTE
    _printf_widthprec                        0x00000000   Number         0  stubs.o ABSOLUTE
    _printf_x                                0x00000000   Number         0  stubs.o ABSOLUTE
    __arm_fini_                               - Undefined Weak Reference
    __cpp_initialize__aeabi_                  - Undefined Weak Reference
    __cxa_finalize                            - Undefined Weak Reference
    __decompress                              - Undefined Weak Reference
    _clock_init                               - Undefined Weak Reference
    _microlib_exit                            - Undefined Weak Reference
    __Vectors_Size                           0x000000ec   Number         0  startup_stm32f103xb.o ABSOLUTE
    __Vectors                                0x08000000   Data           4  startup_stm32f103xb.o(RESET)
    __Vectors_End                            0x080000ec   Data           0  startup_stm32f103xb.o(RESET)
    __main                                   0x080000ed   Thumb Code     0  entry.o(.ARM.Collect$$$$00000000)
    _main_stk                                0x080000ed   Thumb Code     0  entry2.o(.ARM.Collect$$$$00000001)
    _main_scatterload                        0x080000f1   Thumb Code     0  entry5.o(.ARM.Collect$$$$00000004)
    __main_after_scatterload                 0x080000f5   Thumb Code     0  entry5.o(.ARM.Collect$$$$00000004)
    _main_clock                              0x080000f5   Thumb Code     0  entry7b.o(.ARM.Collect$$$$00000008)
    _main_cpp_init                           0x080000f5   Thumb Code     0  entry8b.o(.ARM.Collect$$$$0000000A)
    _main_init                               0x080000f5   Thumb Code     0  entry9a.o(.ARM.Collect$$$$0000000B)
    __rt_lib_shutdown_fini                   0x080000fd   Thumb Code     0  entry12b.o(.ARM.Collect$$$$0000000E)
    __rt_final_cpp                           0x08000101   Thumb Code     0  entry10a.o(.ARM.Collect$$$$0000000F)
    __rt_final_exit                          0x08000101   Thumb Code     0  entry11a.o(.ARM.Collect$$$$00000011)
    Reset_Handler                            0x08000105   Thumb Code     8  startup_stm32f103xb.o(.text)
    ADC1_2_IRQHandler                        0x0800011f   Thumb Code     0  startup_stm32f103xb.o(.text)
    CAN1_RX1_IRQHandler                      0x0800011f   Thumb Code     0  startup_stm32f103xb.o(.text)
    CAN1_SCE_IRQHandler                      0x0800011f   Thumb Code     0  startup_stm32f103xb.o(.text)
    DMA1_Channel1_IRQHandler                 0x0800011f   Thumb Code     0  startup_stm32f103xb.o(.text)
    DMA1_Channel2_IRQHandler                 0x0800011f   Thumb Code     0  startup_stm32f103xb.o(.text)
    DMA1_Channel3_IRQHandler                 0x0800011f   Thumb Code     0  startup_stm32f103xb.o(.text)
    DMA1_Channel4_IRQHandler                 0x0800011f   Thumb Code     0  startup_stm32f103xb.o(.text)
    DMA1_Channel5_IRQHandler                 0x0800011f   Thumb Code     0  startup_stm32f103xb.o(.text)
    DMA1_Channel6_IRQHandler                 0x0800011f   Thumb Code     0  startup_stm32f103xb.o(.text)
    DMA1_Channel7_IRQHandler                 0x0800011f   Thumb Code     0  startup_stm32f103xb.o(.text)
    EXTI0_IRQHandler                         0x0800011f   Thumb Code     0  startup_stm32f103xb.o(.text)
    EXTI15_10_IRQHandler                     0x0800011f   Thumb Code     0  startup_stm32f103xb.o(.text)
    EXTI1_IRQHandler                         0x0800011f   Thumb Code     0  startup_stm32f103xb.o(.text)
    EXTI2_IRQHandler                         0x0800011f   Thumb Code     0  startup_stm32f103xb.o(.text)
    EXTI3_IRQHandler                         0x0800011f   Thumb Code     0  startup_stm32f103xb.o(.text)
    EXTI4_IRQHandler                         0x0800011f   Thumb Code     0  startup_stm32f103xb.o(.text)
    EXTI9_5_IRQHandler                       0x0800011f   Thumb Code     0  startup_stm32f103xb.o(.text)
    FLASH_IRQHandler                         0x0800011f   Thumb Code     0  startup_stm32f103xb.o(.text)
    I2C1_ER_IRQHandler                       0x0800011f   Thumb Code     0  startup_stm32f103xb.o(.text)
    I2C1_EV_IRQHandler                       0x0800011f   Thumb Code     0  startup_stm32f103xb.o(.text)
    I2C2_ER_IRQHandler                       0x0800011f   Thumb Code     0  startup_stm32f103xb.o(.text)
    I2C2_EV_IRQHandler                       0x0800011f   Thumb Code     0  startup_stm32f103xb.o(.text)
    PVD_IRQHandler                           0x0800011f   Thumb Code     0  startup_stm32f103xb.o(.text)
    RCC_IRQHandler                           0x0800011f   Thumb Code     0  startup_stm32f103xb.o(.text)
    RTC_Alarm_IRQHandler                     0x0800011f   Thumb Code     0  startup_stm32f103xb.o(.text)
    RTC_IRQHandler                           0x0800011f   Thumb Code     0  startup_stm32f103xb.o(.text)
    SPI1_IRQHandler                          0x0800011f   Thumb Code     0  startup_stm32f103xb.o(.text)
    SPI2_IRQHandler                          0x0800011f   Thumb Code     0  startup_stm32f103xb.o(.text)
    TAMPER_IRQHandler                        0x0800011f   Thumb Code     0  startup_stm32f103xb.o(.text)
    TIM1_BRK_IRQHandler                      0x0800011f   Thumb Code     0  startup_stm32f103xb.o(.text)
    TIM1_CC_IRQHandler                       0x0800011f   Thumb Code     0  startup_stm32f103xb.o(.text)
    TIM1_TRG_COM_IRQHandler                  0x0800011f   Thumb Code     0  startup_stm32f103xb.o(.text)
    TIM1_UP_IRQHandler                       0x0800011f   Thumb Code     0  startup_stm32f103xb.o(.text)
    TIM3_IRQHandler                          0x0800011f   Thumb Code     0  startup_stm32f103xb.o(.text)
    TIM4_IRQHandler                          0x0800011f   Thumb Code     0  startup_stm32f103xb.o(.text)
    USART1_IRQHandler                        0x0800011f   Thumb Code     0  startup_stm32f103xb.o(.text)
    USART2_IRQHandler                        0x0800011f   Thumb Code     0  startup_stm32f103xb.o(.text)
    USART3_IRQHandler                        0x0800011f   Thumb Code     0  startup_stm32f103xb.o(.text)
    USBWakeUp_IRQHandler                     0x0800011f   Thumb Code     0  startup_stm32f103xb.o(.text)
    USB_HP_CAN1_TX_IRQHandler                0x0800011f   Thumb Code     0  startup_stm32f103xb.o(.text)
    USB_LP_CAN1_RX0_IRQHandler               0x0800011f   Thumb Code     0  startup_stm32f103xb.o(.text)
    WWDG_IRQHandler                          0x0800011f   Thumb Code     0  startup_stm32f103xb.o(.text)
    __aeabi_llsr                             0x08000129   Thumb Code    32  llushr.o(.text)
    _ll_ushift_r                             0x08000129   Thumb Code     0  llushr.o(.text)
    __aeabi_memset                           0x08000149   Thumb Code    14  memseta.o(.text)
    __aeabi_memset4                          0x08000149   Thumb Code     0  memseta.o(.text)
    __aeabi_memset8                          0x08000149   Thumb Code     0  memseta.o(.text)
    __aeabi_memclr                           0x08000157   Thumb Code     4  memseta.o(.text)
    __aeabi_memclr4                          0x08000157   Thumb Code     0  memseta.o(.text)
    __aeabi_memclr8                          0x08000157   Thumb Code     0  memseta.o(.text)
    _memset$wrapper                          0x0800015b   Thumb Code    18  memseta.o(.text)
    __aeabi_fadd                             0x0800016d   Thumb Code   164  fadd.o(.text)
    __aeabi_fsub                             0x08000211   Thumb Code     6  fadd.o(.text)
    __aeabi_frsub                            0x08000217   Thumb Code     6  fadd.o(.text)
    __aeabi_fmul                             0x0800021d   Thumb Code   100  fmul.o(.text)
    __ARM_scalbnf                            0x08000281   Thumb Code    24  fscalb.o(.text)
    scalbnf                                  0x08000281   Thumb Code     0  fscalb.o(.text)
    __aeabi_dmul                             0x08000299   Thumb Code   228  dmul.o(.text)
    __aeabi_ddiv                             0x0800037d   Thumb Code   222  ddiv.o(.text)
    __ARM_scalbn                             0x0800045b   Thumb Code    46  dscalb.o(.text)
    scalbn                                   0x0800045b   Thumb Code     0  dscalb.o(.text)
    __aeabi_i2f                              0x08000489   Thumb Code    18  fflti.o(.text)
    __aeabi_i2d                              0x0800049b   Thumb Code    34  dflti.o(.text)
    __aeabi_ui2d                             0x080004bd   Thumb Code    26  dfltui.o(.text)
    __aeabi_f2iz                             0x080004d7   Thumb Code    50  ffixi.o(.text)
    __aeabi_f2d                              0x08000509   Thumb Code    38  f2d.o(.text)
    __aeabi_d2f                              0x0800052f   Thumb Code    56  d2f.o(.text)
    __aeabi_cfcmpeq                          0x08000569   Thumb Code     0  cfcmple.o(.text)
    __aeabi_cfcmple                          0x08000569   Thumb Code    20  cfcmple.o(.text)
    __aeabi_cfrcmple                         0x0800057d   Thumb Code    20  cfrcmple.o(.text)
    __aeabi_uidiv                            0x08000591   Thumb Code     0  uidiv.o(.text)
    __aeabi_uidivmod                         0x08000591   Thumb Code    44  uidiv.o(.text)
    __aeabi_uldivmod                         0x080005bd   Thumb Code    98  uldiv.o(.text)
    __I$use$fp                               0x0800061f   Thumb Code     0  iusefp.o(.text)
    _float_round                             0x0800061f   Thumb Code    18  fepilogue.o(.text)
    _float_epilogue                          0x08000631   Thumb Code    92  fepilogue.o(.text)
    _double_round                            0x0800068d   Thumb Code    30  depilogue.o(.text)
    _double_epilogue                         0x080006ab   Thumb Code   156  depilogue.o(.text)
    __aeabi_dadd                             0x08000747   Thumb Code   322  dadd.o(.text)
    __aeabi_dsub                             0x08000889   Thumb Code     6  dadd.o(.text)
    __aeabi_drsub                            0x0800088f   Thumb Code     6  dadd.o(.text)
    __aeabi_d2ulz                            0x08000895   Thumb Code    48  dfixul.o(.text)
    __aeabi_cdrcmple                         0x080008c5   Thumb Code    48  cdrcmple.o(.text)
    __scatterload                            0x080008f5   Thumb Code    28  init.o(.text)
    __scatterload_rt2                        0x080008f5   Thumb Code     0  init.o(.text)
    __aeabi_llsl                             0x08000919   Thumb Code    30  llshl.o(.text)
    _ll_shift_l                              0x08000919   Thumb Code     0  llshl.o(.text)
    __aeabi_lasr                             0x08000937   Thumb Code    36  llsshr.o(.text)
    _ll_sshift_r                             0x08000937   Thumb Code     0  llsshr.o(.text)
    BusFault_Handler                         0x0800095b   Thumb Code     2  stm32f1xx_it.o(i.BusFault_Handler)
    CalActualSpeed                           0x0800095d   Thumb Code    22  motor.o(i.CalActualSpeed)
    DebugMon_Handler                         0x0800097d   Thumb Code     2  stm32f1xx_it.o(i.DebugMon_Handler)
    Delayus                                  0x08000981   Thumb Code    28  hc_sr04.o(i.Delayus)
    Error_Handler                            0x080009a5   Thumb Code     4  main.o(i.Error_Handler)
    GetEncoderPulse                          0x080009a9   Thumb Code    32  main.o(i.GetEncoderPulse)
    HAL_Delay                                0x080009d5   Thumb Code    32  stm32f1xx_hal.o(i.HAL_Delay)
    HAL_GPIO_Init                            0x080009f9   Thumb Code   446  stm32f1xx_hal_gpio.o(i.HAL_GPIO_Init)
    HAL_GPIO_ReadPin                         0x08000bd9   Thumb Code    10  stm32f1xx_hal_gpio.o(i.HAL_GPIO_ReadPin)
    HAL_GPIO_TogglePin                       0x08000be3   Thumb Code    16  stm32f1xx_hal_gpio.o(i.HAL_GPIO_TogglePin)
    HAL_GPIO_WritePin                        0x08000bf3   Thumb Code    10  stm32f1xx_hal_gpio.o(i.HAL_GPIO_WritePin)
    HAL_GetTick                              0x08000bfd   Thumb Code     6  stm32f1xx_hal.o(i.HAL_GetTick)
    HAL_IncTick                              0x08000c09   Thumb Code    12  stm32f1xx_hal.o(i.HAL_IncTick)
    HAL_Init                                 0x08000c19   Thumb Code    32  stm32f1xx_hal.o(i.HAL_Init)
    HAL_InitTick                             0x08000c3d   Thumb Code    54  stm32f1xx_hal.o(i.HAL_InitTick)
    HAL_MspInit                              0x08000c7d   Thumb Code    52  stm32f1xx_hal_msp.o(i.HAL_MspInit)
    HAL_NVIC_EnableIRQ                       0x08000cb9   Thumb Code    26  stm32f1xx_hal_cortex.o(i.HAL_NVIC_EnableIRQ)
    HAL_NVIC_SetPriority                     0x08000cd5   Thumb Code    60  stm32f1xx_hal_cortex.o(i.HAL_NVIC_SetPriority)
    HAL_NVIC_SetPriorityGrouping             0x08000d15   Thumb Code    26  stm32f1xx_hal_cortex.o(i.HAL_NVIC_SetPriorityGrouping)
    HAL_RCC_ClockConfig                      0x08000d39   Thumb Code   280  stm32f1xx_hal_rcc.o(i.HAL_RCC_ClockConfig)
    HAL_RCC_GetPCLK1Freq                     0x08000e65   Thumb Code    20  stm32f1xx_hal_rcc.o(i.HAL_RCC_GetPCLK1Freq)
    HAL_RCC_GetPCLK2Freq                     0x08000e85   Thumb Code    20  stm32f1xx_hal_rcc.o(i.HAL_RCC_GetPCLK2Freq)
    HAL_RCC_GetSysClockFreq                  0x08000ea5   Thumb Code    74  stm32f1xx_hal_rcc.o(i.HAL_RCC_GetSysClockFreq)
    HAL_RCC_OscConfig                        0x08000f11   Thumb Code   778  stm32f1xx_hal_rcc.o(i.HAL_RCC_OscConfig)
    HAL_SYSTICK_Config                       0x08001231   Thumb Code    40  stm32f1xx_hal_cortex.o(i.HAL_SYSTICK_Config)
    HAL_TIMEx_BreakCallback                  0x08001259   Thumb Code     2  stm32f1xx_hal_tim_ex.o(i.HAL_TIMEx_BreakCallback)
    HAL_TIMEx_CommutCallback                 0x0800125b   Thumb Code     2  stm32f1xx_hal_tim_ex.o(i.HAL_TIMEx_CommutCallback)
    HAL_TIMEx_ConfigBreakDeadTime            0x0800125d   Thumb Code    84  stm32f1xx_hal_tim_ex.o(i.HAL_TIMEx_ConfigBreakDeadTime)
    HAL_TIMEx_MasterConfigSynchronization    0x080012b1   Thumb Code    92  stm32f1xx_hal_tim_ex.o(i.HAL_TIMEx_MasterConfigSynchronization)
    HAL_TIM_Base_Init                        0x08001319   Thumb Code    90  stm32f1xx_hal_tim.o(i.HAL_TIM_Base_Init)
    HAL_TIM_Base_MspInit                     0x08001375   Thumb Code    72  tim.o(i.HAL_TIM_Base_MspInit)
    HAL_TIM_Base_Start_IT                    0x080013c5   Thumb Code    76  stm32f1xx_hal_tim.o(i.HAL_TIM_Base_Start_IT)
    HAL_TIM_ConfigClockSource                0x0800141d   Thumb Code   214  stm32f1xx_hal_tim.o(i.HAL_TIM_ConfigClockSource)
    HAL_TIM_Encoder_Init                     0x080014f3   Thumb Code   164  stm32f1xx_hal_tim.o(i.HAL_TIM_Encoder_Init)
    HAL_TIM_Encoder_MspInit                  0x08001599   Thumb Code   140  tim.o(i.HAL_TIM_Encoder_MspInit)
    HAL_TIM_Encoder_Start                    0x08001639   Thumb Code   142  stm32f1xx_hal_tim.o(i.HAL_TIM_Encoder_Start)
    HAL_TIM_IC_CaptureCallback               0x080016c7   Thumb Code     2  stm32f1xx_hal_tim.o(i.HAL_TIM_IC_CaptureCallback)
    HAL_TIM_IRQHandler                       0x080016c9   Thumb Code   358  stm32f1xx_hal_tim.o(i.HAL_TIM_IRQHandler)
    HAL_TIM_MspPostInit                      0x08001831   Thumb Code    64  tim.o(i.HAL_TIM_MspPostInit)
    HAL_TIM_OC_DelayElapsedCallback          0x0800187d   Thumb Code     2  stm32f1xx_hal_tim.o(i.HAL_TIM_OC_DelayElapsedCallback)
    HAL_TIM_PWM_ConfigChannel                0x0800187f   Thumb Code   198  stm32f1xx_hal_tim.o(i.HAL_TIM_PWM_ConfigChannel)
    HAL_TIM_PWM_Init                         0x08001945   Thumb Code    90  stm32f1xx_hal_tim.o(i.HAL_TIM_PWM_Init)
    HAL_TIM_PWM_MspInit                      0x0800199f   Thumb Code     2  stm32f1xx_hal_tim.o(i.HAL_TIM_PWM_MspInit)
    HAL_TIM_PWM_PulseFinishedCallback        0x080019a1   Thumb Code     2  stm32f1xx_hal_tim.o(i.HAL_TIM_PWM_PulseFinishedCallback)
    HAL_TIM_PWM_Start                        0x080019a5   Thumb Code   144  stm32f1xx_hal_tim.o(i.HAL_TIM_PWM_Start)
    HAL_TIM_PeriodElapsedCallback            0x08001a41   Thumb Code   546  main.o(i.HAL_TIM_PeriodElapsedCallback)
    HAL_TIM_TriggerCallback                  0x08001c95   Thumb Code     2  stm32f1xx_hal_tim.o(i.HAL_TIM_TriggerCallback)
    HAL_UART_Init                            0x08001c97   Thumb Code    98  stm32f1xx_hal_uart.o(i.HAL_UART_Init)
    HAL_UART_MspInit                         0x08001cf9   Thumb Code   100  usart.o(i.HAL_UART_MspInit)
    HAL_UART_Transmit                        0x08001d69   Thumb Code   178  stm32f1xx_hal_uart.o(i.HAL_UART_Transmit)
    HC_SR04_Read                             0x08001e1d   Thumb Code   136  hc_sr04.o(i.HC_SR04_Read)
    HardFault_Handler                        0x08001eb9   Thumb Code     2  stm32f1xx_it.o(i.HardFault_Handler)
    I2C_Start                                0x08001ebd   Thumb Code    64  oled.o(i.I2C_Start)
    I2C_Stop                                 0x08001f01   Thumb Code    46  oled.o(i.I2C_Stop)
    I2C_WaitAck                              0x08001f35   Thumb Code    52  oled.o(i.I2C_WaitAck)
    IIC_delay                                0x08001f6d   Thumb Code    10  oled.o(i.IIC_delay)
    LeftMotor_Back                           0x08001f79   Thumb Code    28  motor.o(i.LeftMotor_Back)
    LeftMotor_Go                             0x08001f99   Thumb Code    28  motor.o(i.LeftMotor_Go)
    LeftMotor_Stop                           0x08001fb9   Thumb Code    28  motor.o(i.LeftMotor_Stop)
    MX_GPIO_Init                             0x08001fd9   Thumb Code   252  gpio.o(i.MX_GPIO_Init)
    MX_TIM1_Init                             0x080020e5   Thumb Code   208  tim.o(i.MX_TIM1_Init)
    MX_TIM2_Init                             0x080021bd   Thumb Code    98  tim.o(i.MX_TIM2_Init)
    MX_TIM3_Init                             0x08002225   Thumb Code   100  tim.o(i.MX_TIM3_Init)
    MX_TIM4_Init                             0x08002291   Thumb Code   100  tim.o(i.MX_TIM4_Init)
    MX_USART3_UART_Init                      0x080022fd   Thumb Code    48  usart.o(i.MX_USART3_UART_Init)
    MemManage_Handler                        0x08002335   Thumb Code     2  stm32f1xx_it.o(i.MemManage_Handler)
    MotorControl                             0x08002339   Thumb Code   100  motor.o(i.MotorControl)
    NMI_Handler                              0x080023a1   Thumb Code     2  stm32f1xx_it.o(i.NMI_Handler)
    OLED_Clear                               0x080023a5   Thumb Code    40  oled.o(i.OLED_Clear)
    OLED_DrawPoint                           0x080023d1   Thumb Code    40  oled.o(i.OLED_DrawPoint)
    OLED_Init                                0x080023fd   Thumb Code   246  oled.o(i.OLED_Init)
    OLED_Refresh                             0x080024f9   Thumb Code   100  oled.o(i.OLED_Refresh)
    OLED_ShowChar                            0x08002561   Thumb Code   212  oled.o(i.OLED_ShowChar)
    OLED_ShowString                          0x08002645   Thumb Code    60  oled.o(i.OLED_ShowString)
    OLED_WR_Byte                             0x08002681   Thumb Code    54  oled.o(i.OLED_WR_Byte)
    PID_Init                                 0x080026b9   Thumb Code    36  pid.o(i.PID_Init)
    PID_Trail_Init                           0x080026f1   Thumb Code    32  pid.o(i.PID_Trail_Init)
    PendSV_Handler                           0x08002719   Thumb Code     2  stm32f1xx_it.o(i.PendSV_Handler)
    RightMotor_Back                          0x0800271d   Thumb Code    28  motor.o(i.RightMotor_Back)
    RightMotor_Go                            0x0800273d   Thumb Code    28  motor.o(i.RightMotor_Go)
    RightMotor_Stop                          0x0800275d   Thumb Code    28  motor.o(i.RightMotor_Stop)
    SVC_Handler                              0x0800277d   Thumb Code     2  stm32f1xx_it.o(i.SVC_Handler)
    Send_Byte                                0x08002781   Thumb Code    78  oled.o(i.Send_Byte)
    SysTick_Handler                          0x080027d5   Thumb Code     4  stm32f1xx_it.o(i.SysTick_Handler)
    SystemClock_Config                       0x080027d9   Thumb Code    94  main.o(i.SystemClock_Config)
    SystemInit                               0x08002837   Thumb Code     2  system_stm32f1xx.o(i.SystemInit)
    TIM2_IRQHandler                          0x08002839   Thumb Code     6  stm32f1xx_it.o(i.TIM2_IRQHandler)
    TIM_Base_SetConfig                       0x08002845   Thumb Code    94  stm32f1xx_hal_tim.o(i.TIM_Base_SetConfig)
    TIM_CCxChannelCmd                        0x080028b1   Thumb Code    26  stm32f1xx_hal_tim.o(i.TIM_CCxChannelCmd)
    TIM_ETR_SetConfig                        0x080028cb   Thumb Code    20  stm32f1xx_hal_tim.o(i.TIM_ETR_SetConfig)
    TIM_OC2_SetConfig                        0x08002941   Thumb Code    84  stm32f1xx_hal_tim.o(i.TIM_OC2_SetConfig)
    Trail_PID                                0x08002a7b   Thumb Code   168  pid.o(i.Trail_PID)
    UsageFault_Handler                       0x08002c41   Thumb Code     2  stm32f1xx_it.o(i.UsageFault_Handler)
    Velocity_PID                             0x08002c45   Thumb Code   178  pid.o(i.Velocity_PID)
    __0printf                                0x08002cfd   Thumb Code    22  printfa.o(i.__0printf)
    __1printf                                0x08002cfd   Thumb Code     0  printfa.o(i.__0printf)
    __2printf                                0x08002cfd   Thumb Code     0  printfa.o(i.__0printf)
    __c89printf                              0x08002cfd   Thumb Code     0  printfa.o(i.__0printf)
    printf                                   0x08002cfd   Thumb Code     0  printfa.o(i.__0printf)
    __0sprintf                               0x08002d1d   Thumb Code    34  printfa.o(i.__0sprintf)
    __1sprintf                               0x08002d1d   Thumb Code     0  printfa.o(i.__0sprintf)
    __2sprintf                               0x08002d1d   Thumb Code     0  printfa.o(i.__0sprintf)
    __c89sprintf                             0x08002d1d   Thumb Code     0  printfa.o(i.__0sprintf)
    sprintf                                  0x08002d1d   Thumb Code     0  printfa.o(i.__0sprintf)
    __scatterload_copy                       0x08002d65   Thumb Code    14  handlers.o(i.__scatterload_copy)
    __scatterload_null                       0x08002d73   Thumb Code     2  handlers.o(i.__scatterload_null)
    __scatterload_zeroinit                   0x08002d75   Thumb Code    14  handlers.o(i.__scatterload_zeroinit)
    beepOff                                  0x08003619   Thumb Code    12  main.o(i.beepOff)
    beepOn                                   0x08003629   Thumb Code    10  main.o(i.beepOn)
    fputc                                    0x08003639   Thumb Code    24  main.o(i.fputc)
    getTrailStatus                           0x08003655   Thumb Code   442  trail.o(i.getTrailStatus)
    main                                     0x08003829   Thumb Code   234  main.o(i.main)
    stage1and2and3                           0x08003935   Thumb Code   722  main.o(i.stage1and2and3)
    stageFive                                0x08003c15   Thumb Code   398  main.o(i.stageFive)
    stageFour                                0x08003dd1   Thumb Code   272  main.o(i.stageFour)
    trailModule                              0x08003ef9   Thumb Code   152  main.o(i.trailModule)
    asc2_0806                                0x08003fa0   Data         552  oled.o(.constdata)
    asc2_1206                                0x080041c8   Data        1140  oled.o(.constdata)
    asc2_1608                                0x0800463c   Data        1520  oled.o(.constdata)
    asc2_2412                                0x08004c2c   Data        3420  oled.o(.constdata)
    Hzk1                                     0x08005988   Data         352  oled.o(.constdata)
    Hzk2                                     0x08005ae8   Data          72  oled.o(.constdata)
    Hzk3                                     0x08005b30   Data         128  oled.o(.constdata)
    Hzk4                                     0x08005bb0   Data         512  oled.o(.constdata)
    AHBPrescTable                            0x08005db0   Data          16  system_stm32f1xx.o(.constdata)
    APBPrescTable                            0x08005dc0   Data           8  system_stm32f1xx.o(.constdata)
    Region$$Table$$Base                      0x08005dc8   Number         0  anon$$obj.o(Region$$Table)
    Region$$Table$$Limit                     0x08005de8   Number         0  anon$$obj.o(Region$$Table)
    encoderPulse                             0x20000000   Data           4  main.o(.data)
    thisTrailStatus                          0x20000004   Data           4  main.o(.data)
    lastTrailStatus                          0x20000008   Data           4  main.o(.data)
    Trail_PID_PWM                            0x2000000c   Data           4  main.o(.data)
    outRight                                 0x20000010   Data           4  main.o(.data)
    outLeft                                  0x20000014   Data           4  main.o(.data)
    distance                                 0x20000018   Data           4  main.o(.data)
    count                                    0x2000001c   Data           4  main.o(.data)
    oledFlag                                 0x20000020   Data           4  main.o(.data)
    sign                                     0x20000024   Data           4  main.o(.data)
    signplus                                 0x20000028   Data           4  main.o(.data)
    countplus                                0x2000002c   Data           4  main.o(.data)
    stage1                                   0x20000030   Data           4  main.o(.data)
    stage2                                   0x20000034   Data           4  main.o(.data)
    stage3                                   0x20000038   Data           4  main.o(.data)
    stage4                                   0x2000003c   Data           4  main.o(.data)
    stage5                                   0x20000040   Data           4  main.o(.data)
    flag                                     0x20000044   Data           4  main.o(.data)
    direction                                0x20000048   Data           4  main.o(.data)
    string1                                  0x2000004c   Data          11  main.o(.data)
    uwTickFreq                               0x20000058   Data           1  stm32f1xx_hal.o(.data)
    uwTickPrio                               0x2000005c   Data           4  stm32f1xx_hal.o(.data)
    uwTick                                   0x20000060   Data           4  stm32f1xx_hal.o(.data)
    SystemCoreClock                          0x20000064   Data           4  system_stm32f1xx.o(.data)
    __stdout                                 0x20000068   Data           4  stdout.o(.data)
    OLED_GRAM                                0x2000006c   Data        1152  oled.o(.bss)
    distanceStr                              0x200004ec   Data          20  main.o(.bss)
    leftMotor_PID                            0x20000500   Data          40  main.o(.bss)
    rightMotor_PID                           0x20000528   Data          40  main.o(.bss)
    trail                                    0x20000550   Data          36  main.o(.bss)
    htim1                                    0x20000574   Data          72  tim.o(.bss)
    htim2                                    0x200005bc   Data          72  tim.o(.bss)
    htim3                                    0x20000604   Data          72  tim.o(.bss)
    htim4                                    0x2000064c   Data          72  tim.o(.bss)
    huart3                                   0x20000694   Data          68  usart.o(.bss)
    __initial_sp                             0x20000cd8   Data           0  startup_stm32f103xb.o(STACK)



==============================================================================

Memory Map of the image

  Image Entry point : 0x080000ed

  Load Region LR_IROM1 (Base: 0x08000000, Size: 0x00005e54, Max: 0x00010000, ABSOLUTE)

    Execution Region ER_IROM1 (Exec base: 0x08000000, Load base: 0x08000000, Size: 0x00005de8, Max: 0x00010000, ABSOLUTE)

    Exec Addr    Load Addr    Size         Type   Attr      Idx    E Section Name        Object

    0x08000000   0x08000000   0x000000ec   Data   RO            3    RESET               startup_stm32f103xb.o
    0x080000ec   0x080000ec   0x00000000   Code   RO         3177  * .ARM.Collect$$$$00000000  mc_w.l(entry.o)
    0x080000ec   0x080000ec   0x00000004   Code   RO         3473    .ARM.Collect$$$$00000001  mc_w.l(entry2.o)
    0x080000f0   0x080000f0   0x00000004   Code   RO         3476    .ARM.Collect$$$$00000004  mc_w.l(entry5.o)
    0x080000f4   0x080000f4   0x00000000   Code   RO         3478    .ARM.Collect$$$$00000008  mc_w.l(entry7b.o)
    0x080000f4   0x080000f4   0x00000000   Code   RO         3480    .ARM.Collect$$$$0000000A  mc_w.l(entry8b.o)
    0x080000f4   0x080000f4   0x00000008   Code   RO         3481    .ARM.Collect$$$$0000000B  mc_w.l(entry9a.o)
    0x080000fc   0x080000fc   0x00000004   Code   RO         3488    .ARM.Collect$$$$0000000E  mc_w.l(entry12b.o)
    0x08000100   0x08000100   0x00000000   Code   RO         3483    .ARM.Collect$$$$0000000F  mc_w.l(entry10a.o)
    0x08000100   0x08000100   0x00000000   Code   RO         3485    .ARM.Collect$$$$00000011  mc_w.l(entry11a.o)
    0x08000100   0x08000100   0x00000004   Code   RO         3474    .ARM.Collect$$$$00002712  mc_w.l(entry2.o)
    0x08000104   0x08000104   0x00000024   Code   RO            4    .text               startup_stm32f103xb.o
    0x08000128   0x08000128   0x00000020   Code   RO         3180    .text               mc_w.l(llushr.o)
    0x08000148   0x08000148   0x00000024   Code   RO         3182    .text               mc_w.l(memseta.o)
    0x0800016c   0x0800016c   0x000000b0   Code   RO         3445    .text               mf_w.l(fadd.o)
    0x0800021c   0x0800021c   0x00000064   Code   RO         3447    .text               mf_w.l(fmul.o)
    0x08000280   0x08000280   0x00000018   Code   RO         3449    .text               mf_w.l(fscalb.o)
    0x08000298   0x08000298   0x000000e4   Code   RO         3451    .text               mf_w.l(dmul.o)
    0x0800037c   0x0800037c   0x000000de   Code   RO         3453    .text               mf_w.l(ddiv.o)
    0x0800045a   0x0800045a   0x0000002e   Code   RO         3455    .text               mf_w.l(dscalb.o)
    0x08000488   0x08000488   0x00000012   Code   RO         3457    .text               mf_w.l(fflti.o)
    0x0800049a   0x0800049a   0x00000022   Code   RO         3459    .text               mf_w.l(dflti.o)
    0x080004bc   0x080004bc   0x0000001a   Code   RO         3461    .text               mf_w.l(dfltui.o)
    0x080004d6   0x080004d6   0x00000032   Code   RO         3463    .text               mf_w.l(ffixi.o)
    0x08000508   0x08000508   0x00000026   Code   RO         3465    .text               mf_w.l(f2d.o)
    0x0800052e   0x0800052e   0x00000038   Code   RO         3467    .text               mf_w.l(d2f.o)
    0x08000566   0x08000566   0x00000002   PAD
    0x08000568   0x08000568   0x00000014   Code   RO         3469    .text               mf_w.l(cfcmple.o)
    0x0800057c   0x0800057c   0x00000014   Code   RO         3471    .text               mf_w.l(cfrcmple.o)
    0x08000590   0x08000590   0x0000002c   Code   RO         3490    .text               mc_w.l(uidiv.o)
    0x080005bc   0x080005bc   0x00000062   Code   RO         3492    .text               mc_w.l(uldiv.o)
    0x0800061e   0x0800061e   0x00000000   Code   RO         3494    .text               mc_w.l(iusefp.o)
    0x0800061e   0x0800061e   0x0000006e   Code   RO         3495    .text               mf_w.l(fepilogue.o)
    0x0800068c   0x0800068c   0x000000ba   Code   RO         3497    .text               mf_w.l(depilogue.o)
    0x08000746   0x08000746   0x0000014e   Code   RO         3499    .text               mf_w.l(dadd.o)
    0x08000894   0x08000894   0x00000030   Code   RO         3501    .text               mf_w.l(dfixul.o)
    0x080008c4   0x080008c4   0x00000030   Code   RO         3503    .text               mf_w.l(cdrcmple.o)
    0x080008f4   0x080008f4   0x00000024   Code   RO         3505    .text               mc_w.l(init.o)
    0x08000918   0x08000918   0x0000001e   Code   RO         3507    .text               mc_w.l(llshl.o)
    0x08000936   0x08000936   0x00000024   Code   RO         3509    .text               mc_w.l(llsshr.o)
    0x0800095a   0x0800095a   0x00000002   Code   RO          695    i.BusFault_Handler  stm32f1xx_it.o
    0x0800095c   0x0800095c   0x00000020   Code   RO          146    i.CalActualSpeed    motor.o
    0x0800097c   0x0800097c   0x00000002   Code   RO          696    i.DebugMon_Handler  stm32f1xx_it.o
    0x0800097e   0x0800097e   0x00000002   PAD
    0x08000980   0x08000980   0x00000024   Code   RO          241    i.Delayus           hc_sr04.o
    0x080009a4   0x080009a4   0x00000004   Code   RO          443    i.Error_Handler     main.o
    0x080009a8   0x080009a8   0x0000002c   Code   RO          444    i.GetEncoderPulse   main.o
    0x080009d4   0x080009d4   0x00000024   Code   RO         1817    i.HAL_Delay         stm32f1xx_hal.o
    0x080009f8   0x080009f8   0x000001e0   Code   RO         2125    i.HAL_GPIO_Init     stm32f1xx_hal_gpio.o
    0x08000bd8   0x08000bd8   0x0000000a   Code   RO         2127    i.HAL_GPIO_ReadPin  stm32f1xx_hal_gpio.o
    0x08000be2   0x08000be2   0x00000010   Code   RO         2128    i.HAL_GPIO_TogglePin  stm32f1xx_hal_gpio.o
    0x08000bf2   0x08000bf2   0x0000000a   Code   RO         2129    i.HAL_GPIO_WritePin  stm32f1xx_hal_gpio.o
    0x08000bfc   0x08000bfc   0x0000000c   Code   RO         1821    i.HAL_GetTick       stm32f1xx_hal.o
    0x08000c08   0x08000c08   0x00000010   Code   RO         1827    i.HAL_IncTick       stm32f1xx_hal.o
    0x08000c18   0x08000c18   0x00000024   Code   RO         1828    i.HAL_Init          stm32f1xx_hal.o
    0x08000c3c   0x08000c3c   0x00000040   Code   RO         1829    i.HAL_InitTick      stm32f1xx_hal.o
    0x08000c7c   0x08000c7c   0x0000003c   Code   RO          777    i.HAL_MspInit       stm32f1xx_hal_msp.o
    0x08000cb8   0x08000cb8   0x0000001a   Code   RO         2285    i.HAL_NVIC_EnableIRQ  stm32f1xx_hal_cortex.o
    0x08000cd2   0x08000cd2   0x00000002   PAD
    0x08000cd4   0x08000cd4   0x00000040   Code   RO         2291    i.HAL_NVIC_SetPriority  stm32f1xx_hal_cortex.o
    0x08000d14   0x08000d14   0x00000024   Code   RO         2292    i.HAL_NVIC_SetPriorityGrouping  stm32f1xx_hal_cortex.o
    0x08000d38   0x08000d38   0x0000012c   Code   RO         1985    i.HAL_RCC_ClockConfig  stm32f1xx_hal_rcc.o
    0x08000e64   0x08000e64   0x00000020   Code   RO         1992    i.HAL_RCC_GetPCLK1Freq  stm32f1xx_hal_rcc.o
    0x08000e84   0x08000e84   0x00000020   Code   RO         1993    i.HAL_RCC_GetPCLK2Freq  stm32f1xx_hal_rcc.o
    0x08000ea4   0x08000ea4   0x0000006c   Code   RO         1994    i.HAL_RCC_GetSysClockFreq  stm32f1xx_hal_rcc.o
    0x08000f10   0x08000f10   0x00000320   Code   RO         1997    i.HAL_RCC_OscConfig  stm32f1xx_hal_rcc.o
    0x08001230   0x08001230   0x00000028   Code   RO         2296    i.HAL_SYSTICK_Config  stm32f1xx_hal_cortex.o
    0x08001258   0x08001258   0x00000002   Code   RO         1543    i.HAL_TIMEx_BreakCallback  stm32f1xx_hal_tim_ex.o
    0x0800125a   0x0800125a   0x00000002   Code   RO         1544    i.HAL_TIMEx_CommutCallback  stm32f1xx_hal_tim_ex.o
    0x0800125c   0x0800125c   0x00000054   Code   RO         1546    i.HAL_TIMEx_ConfigBreakDeadTime  stm32f1xx_hal_tim_ex.o
    0x080012b0   0x080012b0   0x00000068   Code   RO         1562    i.HAL_TIMEx_MasterConfigSynchronization  stm32f1xx_hal_tim_ex.o
    0x08001318   0x08001318   0x0000005a   Code   RO          839    i.HAL_TIM_Base_Init  stm32f1xx_hal_tim.o
    0x08001372   0x08001372   0x00000002   PAD
    0x08001374   0x08001374   0x00000050   Code   RO          576    i.HAL_TIM_Base_MspInit  tim.o
    0x080013c4   0x080013c4   0x00000058   Code   RO          844    i.HAL_TIM_Base_Start_IT  stm32f1xx_hal_tim.o
    0x0800141c   0x0800141c   0x000000d6   Code   RO          848    i.HAL_TIM_ConfigClockSource  stm32f1xx_hal_tim.o
    0x080014f2   0x080014f2   0x000000a4   Code   RO          860    i.HAL_TIM_Encoder_Init  stm32f1xx_hal_tim.o
    0x08001596   0x08001596   0x00000002   PAD
    0x08001598   0x08001598   0x000000a0   Code   RO          578    i.HAL_TIM_Encoder_MspInit  tim.o
    0x08001638   0x08001638   0x0000008e   Code   RO          863    i.HAL_TIM_Encoder_Start  stm32f1xx_hal_tim.o
    0x080016c6   0x080016c6   0x00000002   Code   RO          873    i.HAL_TIM_IC_CaptureCallback  stm32f1xx_hal_tim.o
    0x080016c8   0x080016c8   0x00000166   Code   RO          887    i.HAL_TIM_IRQHandler  stm32f1xx_hal_tim.o
    0x0800182e   0x0800182e   0x00000002   PAD
    0x08001830   0x08001830   0x0000004c   Code   RO          579    i.HAL_TIM_MspPostInit  tim.o
    0x0800187c   0x0800187c   0x00000002   Code   RO          890    i.HAL_TIM_OC_DelayElapsedCallback  stm32f1xx_hal_tim.o
    0x0800187e   0x0800187e   0x000000c6   Code   RO          911    i.HAL_TIM_PWM_ConfigChannel  stm32f1xx_hal_tim.o
    0x08001944   0x08001944   0x0000005a   Code   RO          914    i.HAL_TIM_PWM_Init  stm32f1xx_hal_tim.o
    0x0800199e   0x0800199e   0x00000002   Code   RO          916    i.HAL_TIM_PWM_MspInit  stm32f1xx_hal_tim.o
    0x080019a0   0x080019a0   0x00000002   Code   RO          917    i.HAL_TIM_PWM_PulseFinishedCallback  stm32f1xx_hal_tim.o
    0x080019a2   0x080019a2   0x00000002   PAD
    0x080019a4   0x080019a4   0x0000009c   Code   RO          919    i.HAL_TIM_PWM_Start  stm32f1xx_hal_tim.o
    0x08001a40   0x08001a40   0x00000254   Code   RO          445    i.HAL_TIM_PeriodElapsedCallback  main.o
    0x08001c94   0x08001c94   0x00000002   Code   RO          930    i.HAL_TIM_TriggerCallback  stm32f1xx_hal_tim.o
    0x08001c96   0x08001c96   0x00000062   Code   RO         2814    i.HAL_UART_Init     stm32f1xx_hal_uart.o
    0x08001cf8   0x08001cf8   0x00000070   Code   RO          654    i.HAL_UART_MspInit  usart.o
    0x08001d68   0x08001d68   0x000000b2   Code   RO         2822    i.HAL_UART_Transmit  stm32f1xx_hal_uart.o
    0x08001e1a   0x08001e1a   0x00000002   PAD
    0x08001e1c   0x08001e1c   0x0000009c   Code   RO          242    i.HC_SR04_Read      hc_sr04.o
    0x08001eb8   0x08001eb8   0x00000002   Code   RO          697    i.HardFault_Handler  stm32f1xx_it.o
    0x08001eba   0x08001eba   0x00000002   PAD
    0x08001ebc   0x08001ebc   0x00000044   Code   RO          274    i.I2C_Start         oled.o
    0x08001f00   0x08001f00   0x00000034   Code   RO          275    i.I2C_Stop          oled.o
    0x08001f34   0x08001f34   0x00000038   Code   RO          276    i.I2C_WaitAck       oled.o
    0x08001f6c   0x08001f6c   0x0000000a   Code   RO          277    i.IIC_delay         oled.o
    0x08001f76   0x08001f76   0x00000002   PAD
    0x08001f78   0x08001f78   0x00000020   Code   RO          147    i.LeftMotor_Back    motor.o
    0x08001f98   0x08001f98   0x00000020   Code   RO          148    i.LeftMotor_Go      motor.o
    0x08001fb8   0x08001fb8   0x00000020   Code   RO          149    i.LeftMotor_Stop    motor.o
    0x08001fd8   0x08001fd8   0x0000010c   Code   RO          551    i.MX_GPIO_Init      gpio.o
    0x080020e4   0x080020e4   0x000000d8   Code   RO          580    i.MX_TIM1_Init      tim.o
    0x080021bc   0x080021bc   0x00000068   Code   RO          581    i.MX_TIM2_Init      tim.o
    0x08002224   0x08002224   0x0000006c   Code   RO          582    i.MX_TIM3_Init      tim.o
    0x08002290   0x08002290   0x0000006c   Code   RO          583    i.MX_TIM4_Init      tim.o
    0x080022fc   0x080022fc   0x00000038   Code   RO          655    i.MX_USART3_UART_Init  usart.o
    0x08002334   0x08002334   0x00000002   Code   RO          698    i.MemManage_Handler  stm32f1xx_it.o
    0x08002336   0x08002336   0x00000002   PAD
    0x08002338   0x08002338   0x00000068   Code   RO          150    i.MotorControl      motor.o
    0x080023a0   0x080023a0   0x00000002   Code   RO          699    i.NMI_Handler       stm32f1xx_it.o
    0x080023a2   0x080023a2   0x00000002   PAD
    0x080023a4   0x080023a4   0x0000002c   Code   RO          278    i.OLED_Clear        oled.o
    0x080023d0   0x080023d0   0x0000002c   Code   RO          285    i.OLED_DrawPoint    oled.o
    0x080023fc   0x080023fc   0x000000fc   Code   RO          286    i.OLED_Init         oled.o
    0x080024f8   0x080024f8   0x00000068   Code   RO          288    i.OLED_Refresh      oled.o
    0x08002560   0x08002560   0x000000e4   Code   RO          290    i.OLED_ShowChar     oled.o
    0x08002644   0x08002644   0x0000003c   Code   RO          294    i.OLED_ShowString   oled.o
    0x08002680   0x08002680   0x00000036   Code   RO          295    i.OLED_WR_Byte      oled.o
    0x080026b6   0x080026b6   0x00000002   PAD
    0x080026b8   0x080026b8   0x00000038   Code   RO           13    i.PID_Init          pid.o
    0x080026f0   0x080026f0   0x00000028   Code   RO           14    i.PID_Trail_Init    pid.o
    0x08002718   0x08002718   0x00000002   Code   RO          700    i.PendSV_Handler    stm32f1xx_it.o
    0x0800271a   0x0800271a   0x00000002   PAD
    0x0800271c   0x0800271c   0x00000020   Code   RO          151    i.RightMotor_Back   motor.o
    0x0800273c   0x0800273c   0x00000020   Code   RO          152    i.RightMotor_Go     motor.o
    0x0800275c   0x0800275c   0x00000020   Code   RO          153    i.RightMotor_Stop   motor.o
    0x0800277c   0x0800277c   0x00000002   Code   RO          701    i.SVC_Handler       stm32f1xx_it.o
    0x0800277e   0x0800277e   0x00000002   PAD
    0x08002780   0x08002780   0x00000054   Code   RO          296    i.Send_Byte         oled.o
    0x080027d4   0x080027d4   0x00000004   Code   RO          702    i.SysTick_Handler   stm32f1xx_it.o
    0x080027d8   0x080027d8   0x0000005e   Code   RO          446    i.SystemClock_Config  main.o
    0x08002836   0x08002836   0x00000002   Code   RO         3143    i.SystemInit        system_stm32f1xx.o
    0x08002838   0x08002838   0x0000000c   Code   RO          703    i.TIM2_IRQHandler   stm32f1xx_it.o
    0x08002844   0x08002844   0x0000006c   Code   RO          932    i.TIM_Base_SetConfig  stm32f1xx_hal_tim.o
    0x080028b0   0x080028b0   0x0000001a   Code   RO          933    i.TIM_CCxChannelCmd  stm32f1xx_hal_tim.o
    0x080028ca   0x080028ca   0x00000014   Code   RO          943    i.TIM_ETR_SetConfig  stm32f1xx_hal_tim.o
    0x080028de   0x080028de   0x00000010   Code   RO          944    i.TIM_ITRx_SetConfig  stm32f1xx_hal_tim.o
    0x080028ee   0x080028ee   0x00000002   PAD
    0x080028f0   0x080028f0   0x00000050   Code   RO          945    i.TIM_OC1_SetConfig  stm32f1xx_hal_tim.o
    0x08002940   0x08002940   0x00000058   Code   RO          946    i.TIM_OC2_SetConfig  stm32f1xx_hal_tim.o
    0x08002998   0x08002998   0x00000058   Code   RO          947    i.TIM_OC3_SetConfig  stm32f1xx_hal_tim.o
    0x080029f0   0x080029f0   0x00000044   Code   RO          948    i.TIM_OC4_SetConfig  stm32f1xx_hal_tim.o
    0x08002a34   0x08002a34   0x00000022   Code   RO          950    i.TIM_TI1_ConfigInputStage  stm32f1xx_hal_tim.o
    0x08002a56   0x08002a56   0x00000024   Code   RO          952    i.TIM_TI2_ConfigInputStage  stm32f1xx_hal_tim.o
    0x08002a7a   0x08002a7a   0x000000a8   Code   RO           15    i.Trail_PID         pid.o
    0x08002b22   0x08002b22   0x00000002   PAD
    0x08002b24   0x08002b24   0x000000b8   Code   RO         2840    i.UART_SetConfig    stm32f1xx_hal_uart.o
    0x08002bdc   0x08002bdc   0x00000064   Code   RO         2843    i.UART_WaitOnFlagUntilTimeout  stm32f1xx_hal_uart.o
    0x08002c40   0x08002c40   0x00000002   Code   RO          704    i.UsageFault_Handler  stm32f1xx_it.o
    0x08002c42   0x08002c42   0x00000002   PAD
    0x08002c44   0x08002c44   0x000000b8   Code   RO           16    i.Velocity_PID      pid.o
    0x08002cfc   0x08002cfc   0x00000020   Code   RO         3417    i.__0printf         mc_w.l(printfa.o)
    0x08002d1c   0x08002d1c   0x00000028   Code   RO         3419    i.__0sprintf        mc_w.l(printfa.o)
    0x08002d44   0x08002d44   0x00000020   Code   RO         2298    i.__NVIC_SetPriority  stm32f1xx_hal_cortex.o
    0x08002d64   0x08002d64   0x0000000e   Code   RO         3513    i.__scatterload_copy  mc_w.l(handlers.o)
    0x08002d72   0x08002d72   0x00000002   Code   RO         3514    i.__scatterload_null  mc_w.l(handlers.o)
    0x08002d74   0x08002d74   0x0000000e   Code   RO         3515    i.__scatterload_zeroinit  mc_w.l(handlers.o)
    0x08002d82   0x08002d82   0x00000002   PAD
    0x08002d84   0x08002d84   0x00000184   Code   RO         3424    i._fp_digits        mc_w.l(printfa.o)
    0x08002f08   0x08002f08   0x000006b4   Code   RO         3425    i._printf_core      mc_w.l(printfa.o)
    0x080035bc   0x080035bc   0x00000024   Code   RO         3426    i._printf_post_padding  mc_w.l(printfa.o)
    0x080035e0   0x080035e0   0x0000002e   Code   RO         3427    i._printf_pre_padding  mc_w.l(printfa.o)
    0x0800360e   0x0800360e   0x0000000a   Code   RO         3429    i._sputc            mc_w.l(printfa.o)
    0x08003618   0x08003618   0x00000010   Code   RO          447    i.beepOff           main.o
    0x08003628   0x08003628   0x00000010   Code   RO          448    i.beepOn            main.o
    0x08003638   0x08003638   0x0000001c   Code   RO          449    i.fputc             main.o
    0x08003654   0x08003654   0x000001d4   Code   RO          214    i.getTrailStatus    trail.o
    0x08003828   0x08003828   0x0000010c   Code   RO          450    i.main              main.o
    0x08003934   0x08003934   0x000002e0   Code   RO          451    i.stage1and2and3    main.o
    0x08003c14   0x08003c14   0x000001bc   Code   RO          452    i.stageFive         main.o
    0x08003dd0   0x08003dd0   0x00000128   Code   RO          453    i.stageFour         main.o
    0x08003ef8   0x08003ef8   0x000000a8   Code   RO          454    i.trailModule       main.o
    0x08003fa0   0x08003fa0   0x00001e10   Data   RO          298    .constdata          oled.o
    0x08005db0   0x08005db0   0x00000010   Data   RO         3144    .constdata          system_stm32f1xx.o
    0x08005dc0   0x08005dc0   0x00000008   Data   RO         3145    .constdata          system_stm32f1xx.o
    0x08005dc8   0x08005dc8   0x00000020   Data   RO         3511    Region$$Table       anon$$obj.o


    Execution Region RW_IRAM1 (Exec base: 0x20000000, Load base: 0x08005de8, Size: 0x00000cd8, Max: 0x00005000, ABSOLUTE)

    Exec Addr    Load Addr    Size         Type   Attr      Idx    E Section Name        Object

    0x20000000   0x08005de8   0x00000057   Data   RW          456    .data               main.o
    0x20000057   0x08005e3f   0x00000001   PAD
    0x20000058   0x08005e40   0x0000000c   Data   RW         1835    .data               stm32f1xx_hal.o
    0x20000064   0x08005e4c   0x00000004   Data   RW         3146    .data               system_stm32f1xx.o
    0x20000068   0x08005e50   0x00000004   Data   RW         3489    .data               mc_w.l(stdout.o)
    0x2000006c        -       0x00000480   Zero   RW          297    .bss                oled.o
    0x200004ec        -       0x00000088   Zero   RW          455    .bss                main.o
    0x20000574        -       0x00000120   Zero   RW          584    .bss                tim.o
    0x20000694        -       0x00000044   Zero   RW          656    .bss                usart.o
    0x200006d8        -       0x00000600   Zero   RW            1    STACK               startup_stm32f103xb.o


==============================================================================

Image component sizes


      Code (inc. data)   RO Data    RW Data    ZI Data      Debug   Object Name

       268         16          0          0          0        923   gpio.o
       192         28          0          0          0       1341   hc_sr04.o
      2710        210          0         87        136       9576   main.o
       328         44          0          0          0       3911   motor.o
      1056         54       7696          0       1152       7840   oled.o
       448         34          0          0          0     427707   pid.o
        36          8        236          0       1536        760   startup_stm32f103xb.o
       164         28          0         12          0       5569   stm32f1xx_hal.o
       198         14          0          0          0      28695   stm32f1xx_hal_cortex.o
       516         34          0          0          0       3920   stm32f1xx_hal_gpio.o
        60          8          0          0          0        786   stm32f1xx_hal_msp.o
      1272        100          0          0          0       4948   stm32f1xx_hal_rcc.o
      2074         58          0          0          0      16745   stm32f1xx_hal_tim.o
       192         12          0          0          0       2957   stm32f1xx_hal_tim_ex.o
       560          6          0          0          0       3736   stm32f1xx_hal_uart.o
        32          6          0          0          0       3896   stm32f1xx_it.o
         2          0         24          4          0        995   system_stm32f1xx.o
       852         70          0          0        288       4741   tim.o
       468         26          0          0          0        809   trail.o
       168         20          0          0         68       1518   usart.o

    ----------------------------------------------------------------------
     11630        776       7988        104       3180     531373   Object Totals
         0          0         32          0          0          0   (incl. Generated)
        34          0          0          1          0          0   (incl. Padding)

    ----------------------------------------------------------------------

      Code (inc. data)   RO Data    RW Data    ZI Data      Debug   Library Member Name

         0          0          0          0          0          0   entry.o
         0          0          0          0          0          0   entry10a.o
         0          0          0          0          0          0   entry11a.o
         4          0          0          0          0          0   entry12b.o
         8          4          0          0          0          0   entry2.o
         4          0          0          0          0          0   entry5.o
         0          0          0          0          0          0   entry7b.o
         0          0          0          0          0          0   entry8b.o
         8          4          0          0          0          0   entry9a.o
        30          0          0          0          0          0   handlers.o
        36          8          0          0          0         68   init.o
         0          0          0          0          0          0   iusefp.o
        30          0          0          0          0         68   llshl.o
        36          0          0          0          0         68   llsshr.o
        32          0          0          0          0         68   llushr.o
        36          0          0          0          0        108   memseta.o
      2268         96          0          0          0        616   printfa.o
         0          0          0          4          0          0   stdout.o
        44          0          0          0          0         80   uidiv.o
        98          0          0          0          0         92   uldiv.o
        48          0          0          0          0         68   cdrcmple.o
        20          0          0          0          0         68   cfcmple.o
        20          0          0          0          0         68   cfrcmple.o
        56          0          0          0          0         88   d2f.o
       334          0          0          0          0        148   dadd.o
       222          0          0          0          0        100   ddiv.o
       186          0          0          0          0        176   depilogue.o
        48          0          0          0          0         68   dfixul.o
        34          0          0          0          0         76   dflti.o
        26          0          0          0          0         76   dfltui.o
       228          0          0          0          0         96   dmul.o
        46          0          0          0          0         80   dscalb.o
        38          0          0          0          0         68   f2d.o
       176          0          0          0          0        140   fadd.o
       110          0          0          0          0        168   fepilogue.o
        50          0          0          0          0         68   ffixi.o
        18          0          0          0          0         68   fflti.o
       100          0          0          0          0         76   fmul.o
        24          0          0          0          0         68   fscalb.o

    ----------------------------------------------------------------------
      4422        112          0          4          0       2936   Library Totals
         4          0          0          0          0          0   (incl. Padding)

    ----------------------------------------------------------------------

      Code (inc. data)   RO Data    RW Data    ZI Data      Debug   Library Name

      2634        112          0          4          0       1168   mc_w.l
      1784          0          0          0          0       1768   mf_w.l

    ----------------------------------------------------------------------
      4422        112          0          4          0       2936   Library Totals

    ----------------------------------------------------------------------

==============================================================================


      Code (inc. data)   RO Data    RW Data    ZI Data      Debug   

     16052        888       7988        108       3180     527181   Grand Totals
     16052        888       7988        108       3180     527181   ELF Image Totals
     16052        888       7988        108          0          0   ROM Totals

==============================================================================

    Total RO  Size (Code + RO Data)                24040 (  23.48kB)
    Total RW  Size (RW Data + ZI Data)              3288 (   3.21kB)
    Total ROM Size (Code + RO Data + RW Data)      24148 (  23.58kB)

==============================================================================

