Component: ARM Compiler 5.06 update 7 (build 960) Tool: armlink [4d3601]

==============================================================================

Section Cross References

    startup_stm32f103xb.o(RESET) refers to startup_stm32f103xb.o(STACK) for __initial_sp
    startup_stm32f103xb.o(RESET) refers to startup_stm32f103xb.o(.text) for Reset_Handler
    startup_stm32f103xb.o(RESET) refers to stm32f1xx_it.o(i.NMI_Handler) for NMI_Handler
    startup_stm32f103xb.o(RESET) refers to stm32f1xx_it.o(i.HardFault_Handler) for HardFault_Handler
    startup_stm32f103xb.o(RESET) refers to stm32f1xx_it.o(i.MemManage_Handler) for MemManage_Handler
    startup_stm32f103xb.o(RESET) refers to stm32f1xx_it.o(i.BusFault_Handler) for BusFault_Handler
    startup_stm32f103xb.o(RESET) refers to stm32f1xx_it.o(i.UsageFault_Handler) for UsageFault_Handler
    startup_stm32f103xb.o(RESET) refers to stm32f1xx_it.o(i.SVC_Handler) for SVC_Handler
    startup_stm32f103xb.o(RESET) refers to stm32f1xx_it.o(i.DebugMon_Handler) for DebugMon_Handler
    startup_stm32f103xb.o(RESET) refers to stm32f1xx_it.o(i.PendSV_Handler) for PendSV_Handler
    startup_stm32f103xb.o(RESET) refers to stm32f1xx_it.o(i.SysTick_Handler) for SysTick_Handler
    startup_stm32f103xb.o(RESET) refers to stm32f1xx_it.o(i.TIM2_IRQHandler) for TIM2_IRQHandler
    startup_stm32f103xb.o(.text) refers to system_stm32f1xx.o(i.SystemInit) for SystemInit
    startup_stm32f103xb.o(.text) refers to entry.o(.ARM.Collect$$$$00000000) for __main
    pid.o(i.Trail_PID) refers to pid.o(i.PID_Trail_Init) for PID_Trail_Init
    pid.o(i.Trail_PID) refers to fadd.o(.text) for __aeabi_fsub
    pid.o(i.Trail_PID) refers to fscalb.o(.text) for __ARM_scalbnf
    pid.o(i.Trail_PID) refers to fmul.o(.text) for __aeabi_fmul
    pid.o(i.Trail_PID) refers to ffixi.o(.text) for __aeabi_f2iz
    pid.o(i.Trail_PID) refers to fflti.o(.text) for __aeabi_i2f
    pid.o(i.Trail_PID) refers to cfrcmple.o(.text) for __aeabi_cfrcmple
    pid.o(i.Trail_PID) refers to cfcmple.o(.text) for __aeabi_cfcmple
    pid.o(i.Velocity_PID) refers to pid.o(i.PID_Init) for PID_Init
    pid.o(i.Velocity_PID) refers to fadd.o(.text) for __aeabi_fsub
    pid.o(i.Velocity_PID) refers to fscalb.o(.text) for __ARM_scalbnf
    pid.o(i.Velocity_PID) refers to fmul.o(.text) for __aeabi_fmul
    pid.o(i.Velocity_PID) refers to cfrcmple.o(.text) for __aeabi_cfrcmple
    pid.o(i.Velocity_PID) refers to ffixi.o(.text) for __aeabi_f2iz
    pid.o(i.Velocity_PID) refers to fflti.o(.text) for __aeabi_i2f
    motor.o(i.CalActualSpeed) refers to dflti.o(.text) for __aeabi_i2d
    motor.o(i.CalActualSpeed) refers to dmul.o(.text) for __aeabi_dmul
    motor.o(i.CalActualSpeed) refers to d2f.o(.text) for __aeabi_d2f
    motor.o(i.LeftMotor_Back) refers to stm32f1xx_hal_gpio.o(i.HAL_GPIO_WritePin) for HAL_GPIO_WritePin
    motor.o(i.LeftMotor_Go) refers to stm32f1xx_hal_gpio.o(i.HAL_GPIO_WritePin) for HAL_GPIO_WritePin
    motor.o(i.LeftMotor_Stop) refers to stm32f1xx_hal_gpio.o(i.HAL_GPIO_WritePin) for HAL_GPIO_WritePin
    motor.o(i.MotorControl) refers to motor.o(i.LeftMotor_Go) for LeftMotor_Go
    motor.o(i.MotorControl) refers to motor.o(i.RightMotor_Go) for RightMotor_Go
    motor.o(i.MotorControl) refers to motor.o(i.LeftMotor_Back) for LeftMotor_Back
    motor.o(i.MotorControl) refers to motor.o(i.LeftMotor_Stop) for LeftMotor_Stop
    motor.o(i.MotorControl) refers to motor.o(i.RightMotor_Stop) for RightMotor_Stop
    motor.o(i.MotorControl) refers to motor.o(i.RightMotor_Back) for RightMotor_Back
    motor.o(i.MotorControl) refers to tim.o(.bss) for htim1
    motor.o(i.RightMotor_Back) refers to stm32f1xx_hal_gpio.o(i.HAL_GPIO_WritePin) for HAL_GPIO_WritePin
    motor.o(i.RightMotor_Go) refers to stm32f1xx_hal_gpio.o(i.HAL_GPIO_WritePin) for HAL_GPIO_WritePin
    motor.o(i.RightMotor_Stop) refers to stm32f1xx_hal_gpio.o(i.HAL_GPIO_WritePin) for HAL_GPIO_WritePin
    trail.o(i.getTrailStatus) refers to stm32f1xx_hal_gpio.o(i.HAL_GPIO_ReadPin) for HAL_GPIO_ReadPin
    hc_sr04.o(i.Delayus) refers to system_stm32f1xx.o(.data) for SystemCoreClock
    hc_sr04.o(i.HC_SR04_Read) refers to stm32f1xx_hal_gpio.o(i.HAL_GPIO_WritePin) for HAL_GPIO_WritePin
    hc_sr04.o(i.HC_SR04_Read) refers to hc_sr04.o(i.Delayus) for Delayus
    hc_sr04.o(i.HC_SR04_Read) refers to stm32f1xx_hal_gpio.o(i.HAL_GPIO_ReadPin) for HAL_GPIO_ReadPin
    hc_sr04.o(i.HC_SR04_Read) refers to dfltui.o(.text) for __aeabi_ui2d
    hc_sr04.o(i.HC_SR04_Read) refers to dmul.o(.text) for __aeabi_dmul
    hc_sr04.o(i.HC_SR04_Read) refers to dscalb.o(.text) for __ARM_scalbn
    hc_sr04.o(i.HC_SR04_Read) refers to d2f.o(.text) for __aeabi_d2f
    oled.o(i.I2C_Start) refers to stm32f1xx_hal_gpio.o(i.HAL_GPIO_WritePin) for HAL_GPIO_WritePin
    oled.o(i.I2C_Start) refers to oled.o(i.IIC_delay) for IIC_delay
    oled.o(i.I2C_Stop) refers to stm32f1xx_hal_gpio.o(i.HAL_GPIO_WritePin) for HAL_GPIO_WritePin
    oled.o(i.I2C_Stop) refers to oled.o(i.IIC_delay) for IIC_delay
[...]
    Removing stm32f1xx_hal_tim.o(i.HAL_TIM_OnePulse_Stop_IT), (120 bytes).
    Removing stm32f1xx_hal_tim.o(i.HAL_TIM_PWM_DeInit), (92 bytes).
    Removing stm32f1xx_hal_tim.o(i.HAL_TIM_PWM_GetState), (6 bytes).
    Removing stm32f1xx_hal_tim.o(i.HAL_TIM_PWM_MspDeInit), (2 bytes).
    Removing stm32f1xx_hal_tim.o(i.HAL_TIM_PWM_PulseFinishedHalfCpltCallback), (2 bytes).
    Removing stm32f1xx_hal_tim.o(i.HAL_TIM_PWM_Start_DMA), (388 bytes).
    Removing stm32f1xx_hal_tim.o(i.HAL_TIM_PWM_Start_IT), (196 bytes).
    Removing stm32f1xx_hal_tim.o(i.HAL_TIM_PWM_Stop), (112 bytes).
    Removing stm32f1xx_hal_tim.o(i.HAL_TIM_PWM_Stop_DMA), (184 bytes).
    Removing stm32f1xx_hal_tim.o(i.HAL_TIM_PWM_Stop_IT), (164 bytes).
    Removing stm32f1xx_hal_tim.o(i.HAL_TIM_PeriodElapsedCallback), (2 bytes).
    Removing stm32f1xx_hal_tim.o(i.HAL_TIM_PeriodElapsedHalfCpltCallback), (2 bytes).
    Removing stm32f1xx_hal_tim.o(i.HAL_TIM_ReadCapturedValue), (42 bytes).
    Removing stm32f1xx_hal_tim.o(i.HAL_TIM_SlaveConfigSynchro), (86 bytes).
    Removing stm32f1xx_hal_tim.o(i.HAL_TIM_SlaveConfigSynchro_IT), (86 bytes).
    Removing stm32f1xx_hal_tim.o(i.HAL_TIM_TriggerHalfCpltCallback), (2 bytes).
    Removing stm32f1xx_hal_tim.o(i.TIM_DMACaptureCplt), (110 bytes).
    Removing stm32f1xx_hal_tim.o(i.TIM_DMACaptureHalfCplt), (56 bytes).
    Removing stm32f1xx_hal_tim.o(i.TIM_DMADelayPulseCplt), (94 bytes).
    Removing stm32f1xx_hal_tim.o(i.TIM_DMADelayPulseHalfCplt), (56 bytes).
    Removing stm32f1xx_hal_tim.o(i.TIM_DMAError), (84 bytes).
    Removing stm32f1xx_hal_tim.o(i.TIM_DMAPeriodElapsedCplt), (22 bytes).
    Removing stm32f1xx_hal_tim.o(i.TIM_DMAPeriodElapsedHalfCplt), (10 bytes).
    Removing stm32f1xx_hal_tim.o(i.TIM_DMATriggerCplt), (22 bytes).
    Removing stm32f1xx_hal_tim.o(i.TIM_DMATriggerHalfCplt), (10 bytes).
    Removing stm32f1xx_hal_tim.o(i.TIM_SlaveTimer_SetConfig), (134 bytes).
    Removing stm32f1xx_hal_tim.o(i.TIM_TI1_SetConfig), (88 bytes).
    Removing stm32f1xx_hal_tim.o(i.TIM_TI2_SetConfig), (54 bytes).
    Removing stm32f1xx_hal_tim_ex.o(.rev16_text), (4 bytes).
    Removing stm32f1xx_hal_tim_ex.o(.revsh_text), (4 bytes).
    Removing stm32f1xx_hal_tim_ex.o(.rrx_text), (6 bytes).
    Removing stm32f1xx_hal_tim_ex.o(i.HAL_TIMEx_CommutHalfCpltCallback), (2 bytes).
    Removing stm32f1xx_hal_tim_ex.o(i.HAL_TIMEx_ConfigCommutEvent), (112 bytes).
    Removing stm32f1xx_hal_tim_ex.o(i.HAL_TIMEx_ConfigCommutEvent_DMA), (144 bytes).
    Removing stm32f1xx_hal_tim_ex.o(i.HAL_TIMEx_ConfigCommutEvent_IT), (112 bytes).
    Removing stm32f1xx_hal_tim_ex.o(i.HAL_TIMEx_GetChannelNState), (34 bytes).
    Removing stm32f1xx_hal_tim_ex.o(i.HAL_TIMEx_HallSensor_DeInit), (76 bytes).
    Removing stm32f1xx_hal_tim_ex.o(i.HAL_TIMEx_HallSensor_GetState), (6 bytes).
    Removing stm32f1xx_hal_tim_ex.o(i.HAL_TIMEx_HallSensor_Init), (208 bytes).
    Removing stm32f1xx_hal_tim_ex.o(i.HAL_TIMEx_HallSensor_MspDeInit), (2 bytes).
    Removing stm32f1xx_hal_tim_ex.o(i.HAL_TIMEx_HallSensor_MspInit), (2 bytes).
    Removing stm32f1xx_hal_tim_ex.o(i.HAL_TIMEx_HallSensor_Start), (128 bytes).
    Removing stm32f1xx_hal_tim_ex.o(i.HAL_TIMEx_HallSensor_Start_DMA), (184 bytes).
    Removing stm32f1xx_hal_tim_ex.o(i.HAL_TIMEx_HallSensor_Start_IT), (140 bytes).
    Removing stm32f1xx_hal_tim_ex.o(i.HAL_TIMEx_HallSensor_Stop), (58 bytes).
    Removing stm32f1xx_hal_tim_ex.o(i.HAL_TIMEx_HallSensor_Stop_DMA), (70 bytes).
    Removing stm32f1xx_hal_tim_ex.o(i.HAL_TIMEx_HallSensor_Stop_IT), (68 bytes).
    Removing stm32f1xx_hal_tim_ex.o(i.HAL_TIMEx_OCN_Start), (152 bytes).
    Removing stm32f1xx_hal_tim_ex.o(i.HAL_TIMEx_OCN_Start_DMA), (336 bytes).
    Removing stm32f1xx_hal_tim_ex.o(i.HAL_TIMEx_OCN_Start_IT), (188 bytes).
    Removing stm32f1xx_hal_tim_ex.o(i.HAL_TIMEx_OCN_Stop), (104 bytes).
    Removing stm32f1xx_hal_tim_ex.o(i.HAL_TIMEx_OCN_Stop_DMA), (158 bytes).
    Removing stm32f1xx_hal_tim_ex.o(i.HAL_TIMEx_OCN_Stop_IT), (160 bytes).
    Removing stm32f1xx_hal_tim_ex.o(i.HAL_TIMEx_OnePulseN_Start), (100 bytes).
    Removing stm32f1xx_hal_tim_ex.o(i.HAL_TIMEx_OnePulseN_Start_IT), (120 bytes).
    Removing stm32f1xx_hal_tim_ex.o(i.HAL_TIMEx_OnePulseN_Stop), (98 bytes).
    Removing stm32f1xx_hal_tim_ex.o(i.HAL_TIMEx_OnePulseN_Stop_IT), (120 bytes).
    Removing stm32f1xx_hal_tim_ex.o(i.HAL_TIMEx_PWMN_Start), (152 bytes).
    Removing stm32f1xx_hal_tim_ex.o(i.HAL_TIMEx_PWMN_Start_DMA), (336 bytes).
    Removing stm32f1xx_hal_tim_ex.o(i.HAL_TIMEx_PWMN_Start_IT), (188 bytes).
    Removing stm32f1xx_hal_tim_ex.o(i.HAL_TIMEx_PWMN_Stop), (104 bytes).
    Removing stm32f1xx_hal_tim_ex.o(i.HAL_TIMEx_PWMN_Stop_DMA), (158 bytes).
    Removing stm32f1xx_hal_tim_ex.o(i.HAL_TIMEx_PWMN_Stop_IT), (160 bytes).
    Removing stm32f1xx_hal_tim_ex.o(i.HAL_TIMEx_RemapConfig), (4 bytes).
    Removing stm32f1xx_hal_tim_ex.o(i.TIMEx_DMACommutationCplt), (16 bytes).
    Removing stm32f1xx_hal_tim_ex.o(i.TIMEx_DMACommutationHalfCplt), (16 bytes).
    Removing stm32f1xx_hal_tim_ex.o(i.TIM_CCxNChannelCmd), (26 bytes).
    Removing stm32f1xx_hal_tim_ex.o(i.TIM_DMADelayPulseNCplt), (94 bytes).
    Removing stm32f1xx_hal_tim_ex.o(i.TIM_DMAErrorCCxN), (62 bytes).
    Removing stm32f1xx_hal.o(.rev16_text), (4 bytes).
    Removing stm32f1xx_hal.o(.revsh_text), (4 bytes).
    Removing stm32f1xx_hal.o(.rrx_text), (6 bytes).
    Removing stm32f1xx_hal.o(i.HAL_DBGMCU_DisableDBGSleepMode), (16 bytes).
    Removing stm32f1xx_hal.o(i.HAL_DBGMCU_DisableDBGStandbyMode), (16 bytes).
    Removing stm32f1xx_hal.o(i.HAL_DBGMCU_DisableDBGStopMode), (16 bytes).
    Removing stm32f1xx_hal.o(i.HAL_DBGMCU_EnableDBGSleepMode), (16 bytes).
    Removing stm32f1xx_hal.o(i.HAL_DBGMCU_EnableDBGStandbyMode), (16 bytes).
    Removing stm32f1xx_hal.o(i.HAL_DBGMCU_EnableDBGStopMode), (16 bytes).
    Removing stm32f1xx_hal.o(i.HAL_DeInit), (32 bytes).
    Removing stm32f1xx_hal.o(i.HAL_GetDEVID), (16 bytes).
    Removing stm32f1xx_hal.o(i.HAL_GetHalVersion), (8 bytes).
    Removing stm32f1xx_hal.o(i.HAL_GetREVID), (12 bytes).
    Removing stm32f1xx_hal.o(i.HAL_GetTickFreq), (12 bytes).
    Removing stm32f1xx_hal.o(i.HAL_GetTickPrio), (12 bytes).
    Removing stm32f1xx_hal.o(i.HAL_GetUIDw0), (12 bytes).
    Removing stm32f1xx_hal.o(i.HAL_GetUIDw1), (12 bytes).
    Removing stm32f1xx_hal.o(i.HAL_GetUIDw2), (12 bytes).
    Removing stm32f1xx_hal.o(i.HAL_MspDeInit), (2 bytes).
    Removing stm32f1xx_hal.o(i.HAL_MspInit), (2 bytes).
    Removing stm32f1xx_hal.o(i.HAL_ResumeTick), (14 bytes).
    Removing stm32f1xx_hal.o(i.HAL_SetTickFreq), (36 bytes).
    Removing stm32f1xx_hal.o(i.HAL_SuspendTick), (14 bytes).
    Removing stm32f1xx_hal_rcc.o(.rev16_text), (4 bytes).
    Removing stm32f1xx_hal_rcc.o(.revsh_text), (4 bytes).
    Removing stm32f1xx_hal_rcc.o(.rrx_text), (6 bytes).
    Removing stm32f1xx_hal_rcc.o(i.HAL_RCC_CSSCallback), (2 bytes).
    Removing stm32f1xx_hal_rcc.o(i.HAL_RCC_DeInit), (220 bytes).
    Removing stm32f1xx_hal_rcc.o(i.HAL_RCC_DisableCSS), (12 bytes).
    Removing stm32f1xx_hal_rcc.o(i.HAL_RCC_EnableCSS), (12 bytes).
    Removing stm32f1xx_hal_rcc.o(i.HAL_RCC_GetClockConfig), (64 bytes).
    Removing stm32f1xx_hal_rcc.o(i.HAL_RCC_GetHCLKFreq), (12 bytes).
    Removing stm32f1xx_hal_rcc.o(i.HAL_RCC_GetOscConfig), (144 bytes).
    Removing stm32f1xx_hal_rcc.o(i.HAL_RCC_MCOConfig), (72 bytes).
    Removing stm32f1xx_hal_rcc.o(i.HAL_RCC_NMI_IRQHandler), (24 bytes).
    Removing stm32f1xx_hal_rcc_ex.o(.rev16_text), (4 bytes).
    Removing stm32f1xx_hal_rcc_ex.o(.revsh_text), (4 bytes).
    Removing stm32f1xx_hal_rcc_ex.o(.rrx_text), (6 bytes).
    Removing stm32f1xx_hal_rcc_ex.o(i.HAL_RCCEx_GetPeriphCLKConfig), (44 bytes).
    Removing stm32f1xx_hal_rcc_ex.o(i.HAL_RCCEx_GetPeriphCLKFreq), (200 bytes).
    Removing stm32f1xx_hal_rcc_ex.o(i.HAL_RCCEx_PeriphCLKConfig), (236 bytes).
    Removing stm32f1xx_hal_gpio.o(.rev16_text), (4 bytes).
    Removing stm32f1xx_hal_gpio.o(.revsh_text), (4 bytes).
    Removing stm32f1xx_hal_gpio.o(.rrx_text), (6 bytes).
    Removing stm32f1xx_hal_gpio.o(i.HAL_GPIO_DeInit), (252 bytes).
    Removing stm32f1xx_hal_gpio.o(i.HAL_GPIO_EXTI_Callback), (2 bytes).
    Removing stm32f1xx_hal_gpio.o(i.HAL_GPIO_EXTI_IRQHandler), (24 bytes).
    Removing stm32f1xx_hal_gpio.o(i.HAL_GPIO_LockPin), (34 bytes).
    Removing stm32f1xx_hal_dma.o(.rev16_text), (4 bytes).
    Removing stm32f1xx_hal_dma.o(.revsh_text), (4 bytes).
    Removing stm32f1xx_hal_dma.o(.rrx_text), (6 bytes).
    Removing stm32f1xx_hal_dma.o(i.DMA_SetConfig), (42 bytes).
    Removing stm32f1xx_hal_dma.o(i.HAL_DMA_Abort), (70 bytes).
    Removing stm32f1xx_hal_dma.o(i.HAL_DMA_Abort_IT), (152 bytes).
    Removing stm32f1xx_hal_dma.o(i.HAL_DMA_DeInit), (92 bytes).
    Removing stm32f1xx_hal_dma.o(i.HAL_DMA_GetError), (4 bytes).
    Removing stm32f1xx_hal_dma.o(i.HAL_DMA_GetState), (6 bytes).
    Removing stm32f1xx_hal_dma.o(i.HAL_DMA_IRQHandler), (340 bytes).
    Removing stm32f1xx_hal_dma.o(i.HAL_DMA_Init), (92 bytes).
    Removing stm32f1xx_hal_dma.o(i.HAL_DMA_PollForTransfer), (532 bytes).
    Removing stm32f1xx_hal_dma.o(i.HAL_DMA_RegisterCallback), (74 bytes).
    Removing stm32f1xx_hal_dma.o(i.HAL_DMA_Start), (80 bytes).
    Removing stm32f1xx_hal_dma.o(i.HAL_DMA_Start_IT), (112 bytes).
    Removing stm32f1xx_hal_dma.o(i.HAL_DMA_UnRegisterCallback), (82 bytes).
    Removing stm32f1xx_hal_cortex.o(.rev16_text), (4 bytes).
    Removing stm32f1xx_hal_cortex.o(.revsh_text), (4 bytes).
    Removing stm32f1xx_hal_cortex.o(.rrx_text), (6 bytes).
    Removing stm32f1xx_hal_cortex.o(i.HAL_NVIC_ClearPendingIRQ), (26 bytes).
    Removing stm32f1xx_hal_cortex.o(i.HAL_NVIC_DisableIRQ), (34 bytes).
    Removing stm32f1xx_hal_cortex.o(i.HAL_NVIC_GetActive), (36 bytes).
    Removing stm32f1xx_hal_cortex.o(i.HAL_NVIC_GetPendingIRQ), (36 bytes).
    Removing stm32f1xx_hal_cortex.o(i.HAL_NVIC_GetPriority), (82 bytes).
    Removing stm32f1xx_hal_cortex.o(i.HAL_NVIC_GetPriorityGrouping), (16 bytes).
    Removing stm32f1xx_hal_cortex.o(i.HAL_NVIC_SetPendingIRQ), (26 bytes).
    Removing stm32f1xx_hal_cortex.o(i.HAL_NVIC_SystemReset), (36 bytes).
    Removing stm32f1xx_hal_cortex.o(i.HAL_SYSTICK_CLKSourceConfig), (24 bytes).
    Removing stm32f1xx_hal_cortex.o(i.HAL_SYSTICK_Callback), (2 bytes).
    Removing stm32f1xx_hal_cortex.o(i.HAL_SYSTICK_IRQHandler), (8 bytes).
    Removing stm32f1xx_hal_pwr.o(.rev16_text), (4 bytes).
    Removing stm32f1xx_hal_pwr.o(.revsh_text), (4 bytes).
    Removing stm32f1xx_hal_pwr.o(.rrx_text), (6 bytes).
    Removing stm32f1xx_hal_pwr.o(i.HAL_PWR_ConfigPVD), (124 bytes).
    Removing stm32f1xx_hal_pwr.o(i.HAL_PWR_DeInit), (24 bytes).
    Removing stm32f1xx_hal_pwr.o(i.HAL_PWR_DisableBkUpAccess), (12 bytes).
    Removing stm32f1xx_hal_pwr.o(i.HAL_PWR_DisablePVD), (12 bytes).
    Removing stm32f1xx_hal_pwr.o(i.HAL_PWR_DisableSEVOnPend), (16 bytes).
    Removing stm32f1xx_hal_pwr.o(i.HAL_PWR_DisableSleepOnExit), (16 bytes).
    Removing stm32f1xx_hal_pwr.o(i.HAL_PWR_DisableWakeUpPin), (28 bytes).
    Removing stm32f1xx_hal_pwr.o(i.HAL_PWR_EnableBkUpAccess), (12 bytes).
    Removing stm32f1xx_hal_pwr.o(i.HAL_PWR_EnablePVD), (12 bytes).
    Removing stm32f1xx_hal_pwr.o(i.HAL_PWR_EnableSEVOnPend), (16 bytes).
    Removing stm32f1xx_hal_pwr.o(i.HAL_PWR_EnableSleepOnExit), (16 bytes).
    Removing stm32f1xx_hal_pwr.o(i.HAL_PWR_EnableWakeUpPin), (28 bytes).
    Removing stm32f1xx_hal_pwr.o(i.HAL_PWR_EnterSLEEPMode), (32 bytes).
    Removing stm32f1xx_hal_pwr.o(i.HAL_PWR_EnterSTANDBYMode), (32 bytes).
    Removing stm32f1xx_hal_pwr.o(i.HAL_PWR_EnterSTOPMode), (68 bytes).
    Removing stm32f1xx_hal_pwr.o(i.HAL_PWR_PVDCallback), (2 bytes).
    Removing stm32f1xx_hal_pwr.o(i.HAL_PWR_PVD_IRQHandler), (28 bytes).
    Removing stm32f1xx_hal_pwr.o(i.PWR_OverloadWfe), (6 bytes).
    Removing stm32f1xx_hal_flash.o(.rev16_text), (4 bytes).
    Removing stm32f1xx_hal_flash.o(.revsh_text), (4 bytes).
    Removing stm32f1xx_hal_flash.o(.rrx_text), (6 bytes).
    Removing stm32f1xx_hal_flash.o(i.FLASH_Program_HalfWord), (28 bytes).
    Removing stm32f1xx_hal_flash.o(i.FLASH_SetErrorCode), (92 bytes).
    Removing stm32f1xx_hal_flash.o(i.FLASH_WaitForLastOperation), (84 bytes).
    Removing stm32f1xx_hal_flash.o(i.HAL_FLASH_EndOfOperationCallback), (2 bytes).
    Removing stm32f1xx_hal_flash.o(i.HAL_FLASH_GetError), (12 bytes).
    Removing stm32f1xx_hal_flash.o(i.HAL_FLASH_IRQHandler), (264 bytes).
    Removing stm32f1xx_hal_flash.o(i.HAL_FLASH_Lock), (20 bytes).
    Removing stm32f1xx_hal_flash.o(i.HAL_FLASH_OB_Launch), (4 bytes).
    Removing stm32f1xx_hal_flash.o(i.HAL_FLASH_OB_Lock), (20 bytes).
    Removing stm32f1xx_hal_flash.o(i.HAL_FLASH_OB_Unlock), (36 bytes).
    Removing stm32f1xx_hal_flash.o(i.HAL_FLASH_OperationErrorCallback), (2 bytes).
    Removing stm32f1xx_hal_flash.o(i.HAL_FLASH_Program), (128 bytes).
    Removing stm32f1xx_hal_flash.o(i.HAL_FLASH_Program_IT), (100 bytes).
    Removing stm32f1xx_hal_flash.o(i.HAL_FLASH_Unlock), (40 bytes).
    Removing stm32f1xx_hal_flash.o(.bss), (32 bytes).
    Removing stm32f1xx_hal_flash_ex.o(.rev16_text), (4 bytes).
    Removing stm32f1xx_hal_flash_ex.o(.revsh_text), (4 bytes).
    Removing stm32f1xx_hal_flash_ex.o(.rrx_text), (6 bytes).
    Removing stm32f1xx_hal_flash_ex.o(i.FLASH_MassErase), (36 bytes).
    Removing stm32f1xx_hal_flash_ex.o(i.FLASH_OB_DisableWRP), (176 bytes).
    Removing stm32f1xx_hal_flash_ex.o(i.FLASH_OB_EnableWRP), (176 bytes).
    Removing stm32f1xx_hal_flash_ex.o(i.FLASH_OB_GetRDP), (24 bytes).
    Removing stm32f1xx_hal_flash_ex.o(i.FLASH_OB_RDP_LevelConfig), (100 bytes).
    Removing stm32f1xx_hal_flash_ex.o(i.FLASH_PageErase), (36 bytes).
    Removing stm32f1xx_hal_flash_ex.o(i.HAL_FLASHEx_Erase), (168 bytes).
    Removing stm32f1xx_hal_flash_ex.o(i.HAL_FLASHEx_Erase_IT), (84 bytes).
    Removing stm32f1xx_hal_flash_ex.o(i.HAL_FLASHEx_OBErase), (84 bytes).
    Removing stm32f1xx_hal_flash_ex.o(i.HAL_FLASHEx_OBGetConfig), (36 bytes).
    Removing stm32f1xx_hal_flash_ex.o(i.HAL_FLASHEx_OBGetUserData), (32 bytes).
    Removing stm32f1xx_hal_flash_ex.o(i.HAL_FLASHEx_OBProgram), (200 bytes).
    Removing stm32f1xx_hal_exti.o(.rev16_text), (4 bytes).
    Removing stm32f1xx_hal_exti.o(.revsh_text), (4 bytes).
    Removing stm32f1xx_hal_exti.o(.rrx_text), (6 bytes).
    Removing stm32f1xx_hal_exti.o(i.HAL_EXTI_ClearConfigLine), (104 bytes).
    Removing stm32f1xx_hal_exti.o(i.HAL_EXTI_ClearPending), (20 bytes).
    Removing stm32f1xx_hal_exti.o(i.HAL_EXTI_GenerateSWI), (20 bytes).
    Removing stm32f1xx_hal_exti.o(i.HAL_EXTI_GetConfigLine), (144 bytes).
    Removing stm32f1xx_hal_exti.o(i.HAL_EXTI_GetHandle), (12 bytes).
    Removing stm32f1xx_hal_exti.o(i.HAL_EXTI_GetPending), (24 bytes).
    Removing stm32f1xx_hal_exti.o(i.HAL_EXTI_IRQHandler), (36 bytes).
    Removing stm32f1xx_hal_exti.o(i.HAL_EXTI_RegisterCallback), (14 bytes).
    Removing stm32f1xx_hal_exti.o(i.HAL_EXTI_SetConfigLine), (164 bytes).
    Removing stm32f1xx_hal_uart.o(.rev16_text), (4 bytes).
    Removing stm32f1xx_hal_uart.o(.revsh_text), (4 bytes).
    Removing stm32f1xx_hal_uart.o(.rrx_text), (6 bytes).
    Removing stm32f1xx_hal_uart.o(i.HAL_HalfDuplex_EnableReceiver), (50 bytes).
    Removing stm32f1xx_hal_uart.o(i.HAL_HalfDuplex_EnableTransmitter), (50 bytes).
    Removing stm32f1xx_hal_uart.o(i.HAL_HalfDuplex_Init), (108 bytes).
    Removing stm32f1xx_hal_uart.o(i.HAL_LIN_Init), (128 bytes).
    Removing stm32f1xx_hal_uart.o(i.HAL_LIN_SendBreak), (46 bytes).
    Removing stm32f1xx_hal_uart.o(i.HAL_MultiProcessor_EnterMuteMode), (46 bytes).
    Removing stm32f1xx_hal_uart.o(i.HAL_MultiProcessor_ExitMuteMode), (46 bytes).
    Removing stm32f1xx_hal_uart.o(i.HAL_MultiProcessor_Init), (142 bytes).
    Removing stm32f1xx_hal_uart.o(i.HAL_UARTEx_ReceiveToIdle), (254 bytes).
    Removing stm32f1xx_hal_uart.o(i.HAL_UARTEx_ReceiveToIdle_DMA), (74 bytes).
    Removing stm32f1xx_hal_uart.o(i.HAL_UARTEx_ReceiveToIdle_IT), (74 bytes).
    Removing stm32f1xx_hal_uart.o(i.HAL_UARTEx_RxEventCallback), (2 bytes).
    Removing stm32f1xx_hal_uart.o(i.HAL_UART_Abort), (156 bytes).
    Removing stm32f1xx_hal_uart.o(i.HAL_UART_AbortCpltCallback), (2 bytes).
    Removing stm32f1xx_hal_uart.o(i.HAL_UART_AbortReceive), (106 bytes).
    Removing stm32f1xx_hal_uart.o(i.HAL_UART_AbortReceiveCpltCallback), (2 bytes).
    Removing stm32f1xx_hal_uart.o(i.HAL_UART_AbortReceive_IT), (112 bytes).
    Removing stm32f1xx_hal_uart.o(i.HAL_UART_AbortTransmit), (78 bytes).
    Removing stm32f1xx_hal_uart.o(i.HAL_UART_AbortTransmitCpltCallback), (2 bytes).
    Removing stm32f1xx_hal_uart.o(i.HAL_UART_AbortTransmit_IT), (84 bytes).
    Removing stm32f1xx_hal_uart.o(i.HAL_UART_Abort_IT), (188 bytes).
    Removing stm32f1xx_hal_uart.o(i.HAL_UART_DMAPause), (102 bytes).
    Removing stm32f1xx_hal_uart.o(i.HAL_UART_DMAResume), (94 bytes).
    Removing stm32f1xx_hal_uart.o(i.HAL_UART_DMAStop), (88 bytes).
    Removing stm32f1xx_hal_uart.o(i.HAL_UART_DeInit), (52 bytes).
    Removing stm32f1xx_hal_uart.o(i.HAL_UART_ErrorCallback), (2 bytes).
    Removing stm32f1xx_hal_uart.o(i.HAL_UART_GetError), (4 bytes).
    Removing stm32f1xx_hal_uart.o(i.HAL_UART_GetState), (10 bytes).
    Removing stm32f1xx_hal_uart.o(i.HAL_UART_IRQHandler), (524 bytes).
    Removing stm32f1xx_hal_uart.o(i.HAL_UART_MspDeInit), (2 bytes).
    Removing stm32f1xx_hal_uart.o(i.HAL_UART_MspInit), (2 bytes).
    Removing stm32f1xx_hal_uart.o(i.HAL_UART_Receive), (192 bytes).
    Removing stm32f1xx_hal_uart.o(i.HAL_UART_Receive_DMA), (42 bytes).
    Removing stm32f1xx_hal_uart.o(i.HAL_UART_Receive_IT), (42 bytes).
    Removing stm32f1xx_hal_uart.o(i.HAL_UART_RxCpltCallback), (2 bytes).
    Removing stm32f1xx_hal_uart.o(i.HAL_UART_RxHalfCpltCallback), (2 bytes).
    Removing stm32f1xx_hal_uart.o(i.HAL_UART_Transmit), (178 bytes).
    Removing stm32f1xx_hal_uart.o(i.HAL_UART_Transmit_DMA), (128 bytes).
    Removing stm32f1xx_hal_uart.o(i.HAL_UART_Transmit_IT), (62 bytes).
    Removing stm32f1xx_hal_uart.o(i.HAL_UART_TxCpltCallback), (2 bytes).
    Removing stm32f1xx_hal_uart.o(i.HAL_UART_TxHalfCpltCallback), (2 bytes).
    Removing stm32f1xx_hal_uart.o(i.UART_DMAAbortOnError), (16 bytes).
    Removing stm32f1xx_hal_uart.o(i.UART_DMAError), (74 bytes).
    Removing stm32f1xx_hal_uart.o(i.UART_DMAReceiveCplt), (90 bytes).
    Removing stm32f1xx_hal_uart.o(i.UART_DMARxAbortCallback), (44 bytes).
    Removing stm32f1xx_hal_uart.o(i.UART_DMARxHalfCplt), (26 bytes).
    Removing stm32f1xx_hal_uart.o(i.UART_DMARxOnlyAbortCallback), (22 bytes).
    Removing stm32f1xx_hal_uart.o(i.UART_DMATransmitCplt), (46 bytes).
    Removing stm32f1xx_hal_uart.o(i.UART_DMATxAbortCallback), (44 bytes).
    Removing stm32f1xx_hal_uart.o(i.UART_DMATxHalfCplt), (10 bytes).
    Removing stm32f1xx_hal_uart.o(i.UART_DMATxOnlyAbortCallback), (20 bytes).
    Removing stm32f1xx_hal_uart.o(i.UART_EndRxTransfer), (48 bytes).
    Removing stm32f1xx_hal_uart.o(i.UART_EndTxTransfer), (18 bytes).
    Removing stm32f1xx_hal_uart.o(i.UART_Receive_IT), (182 bytes).
    Removing stm32f1xx_hal_uart.o(i.UART_Start_Receive_DMA), (112 bytes).
    Removing stm32f1xx_hal_uart.o(i.UART_Start_Receive_IT), (54 bytes).
    Removing stm32f1xx_hal_uart.o(i.UART_WaitOnFlagUntilTimeout), (100 bytes).
    Removing system_stm32f1xx.o(.rev16_text), (4 bytes).
    Removing system_stm32f1xx.o(.revsh_text), (4 bytes).
    Removing system_stm32f1xx.o(.rrx_text), (6 bytes).
    Removing system_stm32f1xx.o(i.SystemCoreClockUpdate), (104 bytes).

404 unused section(s) (total 26315 bytes) removed from the image.

==============================================================================

Image Symbol Table

    Local Symbols

    Symbol Name                              Value     Ov Type        Size  Object(Section)

    ../Core/Src/gpio.c                       0x00000000   Number         0  gpio.o ABSOLUTE
    ../Core/Src/main.c                       0x00000000   Number         0  main.o ABSOLUTE
    ../Core/Src/stm32f1xx_hal_msp.c          0x00000000   Number         0  stm32f1xx_hal_msp.o ABSOLUTE
    ../Core/Src/stm32f1xx_it.c               0x00000000   Number         0  stm32f1xx_it.o ABSOLUTE
    ../Core/Src/system_stm32f1xx.c           0x00000000   Number         0  system_stm32f1xx.o ABSOLUTE
    ../Core/Src/tim.c                        0x00000000   Number         0  tim.o ABSOLUTE
    ../Core/Src/usart.c                      0x00000000   Number         0  usart.o ABSOLUTE
    ../Drivers/STM32F1xx_HAL_Driver/Src/stm32f1xx_hal.c 0x00000000   Number         0  stm32f1xx_hal.o ABSOLUTE
    ../Drivers/STM32F1xx_HAL_Driver/Src/stm32f1xx_hal_cortex.c 0x00000000   Number         0  stm32f1xx_hal_cortex.o ABSOLUTE
    ../Drivers/STM32F1xx_HAL_Driver/Src/stm32f1xx_hal_dma.c 0x00000000   Number         0  stm32f1xx_hal_dma.o ABSOLUTE
    ../Drivers/STM32F1xx_HAL_Driver/Src/stm32f1xx_hal_exti.c 0x00000000   Number         0  stm32f1xx_hal_exti.o ABSOLUTE
    ../Drivers/STM32F1xx_HAL_Driver/Src/stm32f1xx_hal_flash.c 0x00000000   Number         0  stm32f1xx_hal_flash.o ABSOLUTE
    ../Drivers/STM32F1xx_HAL_Driver/Src/stm32f1xx_hal_flash_ex.c 0x00000000   Number         0  stm32f1xx_hal_flash_ex.o ABSOLUTE
    ../Drivers/STM32F1xx_HAL_Driver/Src/stm32f1xx_hal_gpio.c 0x00000000   Number         0  stm32f1xx_hal_gpio.o ABSOLUTE
    ../Drivers/STM32F1xx_HAL_Driver/Src/stm32f1xx_hal_gpio_ex.c 0x00000000   Number         0  stm32f1xx_hal_gpio_ex.o ABSOLUTE
    ../Drivers/STM32F1xx_HAL_Driver/Src/stm32f1xx_hal_pwr.c 0x00000000   Number         0  stm32f1xx_hal_pwr.o ABSOLUTE
    ../Drivers/STM32F1xx_HAL_Driver/Src/stm32f1xx_hal_rcc.c 0x00000000   Number         0  stm32f1xx_hal_rcc.o ABSOLUTE
    ../Drivers/STM32F1xx_HAL_Driver/Src/stm32f1xx_hal_rcc_ex.c 0x00000000   Number         0  stm32f1xx_hal_rcc_ex.o ABSOLUTE
    ../Drivers/STM32F1xx_HAL_Driver/Src/stm32f1xx_hal_tim.c 0x00000000   Number         0  stm32f1xx_hal_tim.o ABSOLUTE
    ../Drivers/STM32F1xx_HAL_Driver/Src/stm32f1xx_hal_tim_ex.c 0x00000000   Number         0  stm32f1xx_hal_tim_ex.o ABSOLUTE
    ../Drivers/STM32F1xx_HAL_Driver/Src/stm32f1xx_hal_uart.c 0x00000000   Number         0  stm32f1xx_hal_uart.o ABSOLUTE
    ../clib/microlib/init/entry.s            0x00000000   Number         0  entry8a.o ABSOLUTE
    ../clib/microlib/init/entry.s            0x00000000   Number         0  entry9a.o ABSOLUTE
    ../clib/microlib/init/entry.s            0x00000000   Number         0  entry11a.o ABSOLUTE
    ../clib/microlib/init/entry.s            0x00000000   Number         0  entry11b.o ABSOLUTE
    ../clib/microlib/init/entry.s            0x00000000   Number         0  entry12a.o ABSOLUTE
    ../clib/microlib/init/entry.s            0x00000000   Number         0  entry7a.o ABSOLUTE
    ../clib/microlib/init/entry.s            0x00000000   Number         0  entry8b.o ABSOLUTE
    ../clib/microlib/init/entry.s            0x00000000   Number         0  entry12b.o ABSOLUTE
    ../clib/microlib/init/entry.s            0x00000000   Number         0  entry7b.o ABSOLUTE
    ../clib/microlib/init/entry.s            0x00000000   Number         0  entry5.o ABSOLUTE
    ../clib/microlib/init/entry.s            0x00000000   Number         0  entry2.o ABSOLUTE
    ../clib/microlib/init/entry.s            0x00000000   Number         0  entry10b.o ABSOLUTE
    ../clib/microlib/init/entry.s            0x00000000   Number         0  entry.o ABSOLUTE
    ../clib/microlib/init/entry.s            0x00000000   Number         0  entry9b.o ABSOLUTE
    ../clib/microlib/init/entry.s            0x00000000   Number         0  entry10a.o ABSOLUTE
    ../clib/microlib/longlong.c              0x00000000   Number         0  llushr.o ABSOLUTE
    ../clib/microlib/longlong.c              0x00000000   Number         0  llshl.o ABSOLUTE
    ../clib/microlib/string/memset.c         0x00000000   Number         0  memseta.o ABSOLUTE
    ../clib/microlib/stubs.s                 0x00000000   Number         0  iusefp.o ABSOLUTE
    ../fplib/microlib/d2f.c                  0x00000000   Number         0  d2f.o ABSOLUTE
    ../fplib/microlib/fpadd.c                0x00000000   Number         0  fadd.o ABSOLUTE
    ../fplib/microlib/fpepilogue.c           0x00000000   Number         0  fepilogue.o ABSOLUTE
    ../fplib/microlib/fpepilogue.c           0x00000000   Number         0  depilogue.o ABSOLUTE
    ../fplib/microlib/fpfix.c                0x00000000   Number         0  ffixi.o ABSOLUTE
    ../fplib/microlib/fpflt.c                0x00000000   Number         0  fflti.o ABSOLUTE
    ../fplib/microlib/fpflt.c                0x00000000   Number         0  dfltui.o ABSOLUTE
    ../fplib/microlib/fpflt.c                0x00000000   Number         0  dflti.o ABSOLUTE
    ../fplib/microlib/fpmul.c                0x00000000   Number         0  fmul.o ABSOLUTE
    ../fplib/microlib/fpmul.c                0x00000000   Number         0  dmul.o ABSOLUTE
    ../fplib/microlib/fpscalb.c              0x00000000   Number         0  fscalb.o ABSOLUTE
    ../fplib/microlib/fpscalb.c              0x00000000   Number         0  dscalb.o ABSOLUTE
    ..\Core\Src\HC_SR04.c                    0x00000000   Number         0  hc_sr04.o ABSOLUTE
    ..\Core\Src\gpio.c                       0x00000000   Number         0  gpio.o ABSOLUTE
    ..\Core\Src\main.c                       0x00000000   Number         0  main.o ABSOLUTE
    ..\Core\Src\motor.c                      0x00000000   Number         0  motor.o ABSOLUTE
    ..\Core\Src\oled.c                       0x00000000   Number         0  oled.o ABSOLUTE
    ..\Core\Src\pid.c                        0x00000000   Number         0  pid.o ABSOLUTE
    ..\Core\Src\stm32f1xx_hal_msp.c          0x00000000   Number         0  stm32f1xx_hal_msp.o ABSOLUTE
    ..\Core\Src\stm32f1xx_it.c               0x00000000   Number         0  stm32f1xx_it.o ABSOLUTE
    ..\Core\Src\system_stm32f1xx.c           0x00000000   Number         0  system_stm32f1xx.o ABSOLUTE
    ..\Core\Src\tim.c                        0x00000000   Number         0  tim.o ABSOLUTE
    ..\Core\Src\trail.c                      0x00000000   Number         0  trail.o ABSOLUTE
    ..\Core\Src\usart.c                      0x00000000   Number         0  usart.o ABSOLUTE
    ..\Drivers\STM32F1xx_HAL_Driver\Src\stm32f1xx_hal.c 0x00000000   Number         0  stm32f1xx_hal.o ABSOLUTE
    ..\Drivers\STM32F1xx_HAL_Driver\Src\stm32f1xx_hal_cortex.c 0x00000000   Number         0  stm32f1xx_hal_cortex.o ABSOLUTE
    ..\Drivers\STM32F1xx_HAL_Driver\Src\stm32f1xx_hal_dma.c 0x00000000   Number         0  stm32f1xx_hal_dma.o ABSOLUTE
    ..\Drivers\STM32F1xx_HAL_Driver\Src\stm32f1xx_hal_exti.c 0x00000000   Number         0  stm32f1xx_hal_exti.o ABSOLUTE
    ..\Drivers\STM32F1xx_HAL_Driver\Src\stm32f1xx_hal_flash.c 0x00000000   Number         0  stm32f1xx_hal_flash.o ABSOLUTE
    ..\Drivers\STM32F1xx_HAL_Driver\Src\stm32f1xx_hal_flash_ex.c 0x00000000   Number         0  stm32f1xx_hal_flash_ex.o ABSOLUTE
    ..\Drivers\STM32F1xx_HAL_Driver\Src\stm32f1xx_hal_gpio.c 0x00000000   Number         0  stm32f1xx_hal_gpio.o ABSOLUTE
    ..\Drivers\STM32F1xx_HAL_Driver\Src\stm32f1xx_hal_gpio_ex.c 0x00000000   Number         0  stm32f1xx_hal_gpio_ex.o ABSOLUTE
    ..\Drivers\STM32F1xx_HAL_Driver\Src\stm32f1xx_hal_pwr.c 0x00000000   Number         0  stm32f1xx_hal_pwr.o ABSOLUTE
    ..\Drivers\STM32F1xx_HAL_Driver\Src\stm32f1xx_hal_rcc.c 0x00000000   Number         0  stm32f1xx_hal_rcc.o ABSOLUTE
    ..\Drivers\STM32F1xx_HAL_Driver\Src\stm32f1xx_hal_rcc_ex.c 0x00000000   Number         0  stm32f1xx_hal_rcc_ex.o ABSOLUTE
    ..\Drivers\STM32F1xx_HAL_Driver\Src\stm32f1xx_hal_tim.c 0x00000000   Number         0  stm32f1xx_hal_tim.o ABSOLUTE
    ..\Drivers\STM32F1xx_HAL_Driver\Src\stm32f1xx_hal_tim_ex.c 0x00000000   Number         0  stm32f1xx_hal_tim_ex.o ABSOLUTE
    ..\Drivers\STM32F1xx_HAL_Driver\Src\stm32f1xx_hal_uart.c 0x00000000   Number         0  stm32f1xx_hal_uart.o ABSOLUTE
    ..\\Core\\Src\\HC_SR04.c                 0x00000000   Number         0  hc_sr04.o ABSOLUTE
    ..\\Core\\Src\\motor.c                   0x00000000   Number         0  motor.o ABSOLUTE
    ..\\Core\\Src\\oled.c                    0x00000000   Number         0  oled.o ABSOLUTE
    ..\\Core\\Src\\pid.c                     0x00000000   Number         0  pid.o ABSOLUTE
    ..\\Core\\Src\\trail.c                   0x00000000   Number         0  trail.o ABSOLUTE
    cfcmple.s                                0x00000000   Number         0  cfcmple.o ABSOLUTE
    cfrcmple.s                               0x00000000   Number         0  cfrcmple.o ABSOLUTE
    dc.s                                     0x00000000   Number         0  dc.o ABSOLUTE
    handlers.s                               0x00000000   Number         0  handlers.o ABSOLUTE
    init.s                                   0x00000000   Number         0  init.o ABSOLUTE
    startup_stm32f103xb.s                    0x00000000   Number         0  startup_stm32f103xb.o ABSOLUTE
    RESET                                    0x08000000   Section      236  startup_stm32f103xb.o(RESET)
    .ARM.Collect$$$$00000000                 0x080000ec   Section        0  entry.o(.ARM.Collect$$$$00000000)
    .ARM.Collect$$$$00000001                 0x080000ec   Section        4  entry2.o(.ARM.Collect$$$$00000001)
    .ARM.Collect$$$$00000004                 0x080000f0   Section        4  entry5.o(.ARM.Collect$$$$00000004)
    .ARM.Collect$$$$00000008                 0x080000f4   Section        0  entry7b.o(.ARM.Collect$$$$00000008)
    .ARM.Collect$$$$0000000A                 0x080000f4   Section        0  entry8b.o(.ARM.Collect$$$$0000000A)
    .ARM.Collect$$$$0000000B                 0x080000f4   Section        8  entry9a.o(.ARM.Collect$$$$0000000B)
    .ARM.Collect$$$$0000000E                 0x080000fc   Section        4  entry12b.o(.ARM.Collect$$$$0000000E)
    .ARM.Collect$$$$0000000F                 0x08000100   Section        0  entry10a.o(.ARM.Collect$$$$0000000F)
    .ARM.Collect$$$$00000011                 0x08000100   Section        0  entry11a.o(.ARM.Collect$$$$00000011)
    .ARM.Collect$$$$00002712                 0x08000100   Section        4  entry2.o(.ARM.Collect$$$$00002712)
    __lit__00000000                          0x08000100   Data           4  entry2.o(.ARM.Collect$$$$00002712)
    .text                                    0x08000104   Section       36  startup_stm32f103xb.o(.text)
    .text                                    0x08000128   Section        0  llushr.o(.text)
    .text                                    0x08000148   Section        0  memseta.o(.text)
    .text                                    0x0800016c   Section        0  fadd.o(.text)
    .text                                    0x0800021c   Section        0  fmul.o(.text)
    .text                                    0x08000280   Section        0  fscalb.o(.text)
    .text                                    0x08000298   Section        0  dmul.o(.text)
    .text                                    0x0800037c   Section        0  dscalb.o(.text)
    .text                                    0x080003aa   Section        0  fflti.o(.text)
    .text                                    0x080003bc   Section        0  dflti.o(.text)
    .text                                    0x080003de   Section        0  dfltui.o(.text)
    .text                                    0x080003f8   Section        0  ffixi.o(.text)
    .text                                    0x0800042a   Section        0  d2f.o(.text)
    .text                                    0x08000464   Section       20  cfcmple.o(.text)
    .text                                    0x08000478   Section       20  cfrcmple.o(.text)
    .text                                    0x0800048c   Section        0  iusefp.o(.text)
    .text                                    0x0800048c   Section        0  fepilogue.o(.text)
    .text                                    0x080004fa   Section        0  depilogue.o(.text)
    .text                                    0x080005b4   Section       36  init.o(.text)
    .text                                    0x080005d8   Section        0  llshl.o(.text)
    i.BusFault_Handler                       0x080005f6   Section        0  stm32f1xx_it.o(i.BusFault_Handler)
    i.CalActualSpeed                         0x080005f8   Section        0  motor.o(i.CalActualSpeed)
    i.DebugMon_Handler                       0x08000618   Section        0  stm32f1xx_it.o(i.DebugMon_Handler)
    i.Delayus                                0x0800061c   Section        0  hc_sr04.o(i.Delayus)
    i.Error_Handler                          0x08000640   Section        0  main.o(i.Error_Handler)
    i.GetEncoderPulse                        0x08000644   Section        0  main.o(i.GetEncoderPulse)
    i.HAL_Delay                              0x08000670   Section        0  stm32f1xx_hal.o(i.HAL_Delay)
    i.HAL_GPIO_Init                          0x08000694   Section        0  stm32f1xx_hal_gpio.o(i.HAL_GPIO_Init)
    i.HAL_GPIO_ReadPin                       0x08000874   Section        0  stm32f1xx_hal_gpio.o(i.HAL_GPIO_ReadPin)
    i.HAL_GPIO_TogglePin                     0x0800087e   Section        0  stm32f1xx_hal_gpio.o(i.HAL_GPIO_TogglePin)
    i.HAL_GPIO_WritePin                      0x0800088e   Section        0  stm32f1xx_hal_gpio.o(i.HAL_GPIO_WritePin)
    i.HAL_GetTick                            0x08000898   Section        0  stm32f1xx_hal.o(i.HAL_GetTick)
    i.HAL_IncTick                            0x080008a4   Section        0  stm32f1xx_hal.o(i.HAL_IncTick)
    i.HAL_Init                               0x080008b4   Section        0  stm32f1xx_hal.o(i.HAL_Init)
    i.HAL_InitTick                           0x080008d8   Section        0  stm32f1xx_hal.o(i.HAL_InitTick)
    i.HAL_MspInit                            0x08000918   Section        0  stm32f1xx_hal_msp.o(i.HAL_MspInit)
    i.HAL_NVIC_EnableIRQ                     0x08000954   Section        0  stm32f1xx_hal_cortex.o(i.HAL_NVIC_EnableIRQ)
    i.HAL_NVIC_SetPriority                   0x08000970   Section        0  stm32f1xx_hal_cortex.o(i.HAL_NVIC_SetPriority)
    i.HAL_NVIC_SetPriorityGrouping           0x080009b0   Section        0  stm32f1xx_hal_cortex.o(i.HAL_NVIC_SetPriorityGrouping)
    i.HAL_RCC_ClockConfig                    0x080009d4   Section        0  stm32f1xx_hal_rcc.o(i.HAL_RCC_ClockConfig)
    i.HAL_RCC_GetPCLK1Freq                   0x08000b00   Section        0  stm32f1xx_hal_rcc.o(i.HAL_RCC_GetPCLK1Freq)
    i.HAL_RCC_GetPCLK2Freq                   0x08000b20   Section        0  stm32f1xx_hal_rcc.o(i.HAL_RCC_GetPCLK2Freq)
    i.HAL_RCC_GetSysClockFreq                0x08000b40   Section        0  stm32f1xx_hal_rcc.o(i.HAL_RCC_GetSysClockFreq)
    i.HAL_RCC_OscConfig                      0x08000bac   Section        0  stm32f1xx_hal_rcc.o(i.HAL_RCC_OscConfig)
    i.HAL_SYSTICK_Config                     0x08000ecc   Section        0  stm32f1xx_hal_cortex.o(i.HAL_SYSTICK_Config)
    i.HAL_TIMEx_BreakCallback                0x08000ef4   Section        0  stm32f1xx_hal_tim_ex.o(i.HAL_TIMEx_BreakCallback)
    i.HAL_TIMEx_CommutCallback               0x08000ef6   Section        0  stm32f1xx_hal_tim_ex.o(i.HAL_TIMEx_CommutCallback)
    i.HAL_TIMEx_ConfigBreakDeadTime          0x08000ef8   Section        0  stm32f1xx_hal_tim_ex.o(i.HAL_TIMEx_ConfigBreakDeadTime)
    i.HAL_TIMEx_MasterConfigSynchronization  0x08000f4c   Section        0  stm32f1xx_hal_tim_ex.o(i.HAL_TIMEx_MasterConfigSynchronization)
    i.HAL_TIM_Base_Init                      0x08000fb4   Section        0  stm32f1xx_hal_tim.o(i.HAL_TIM_Base_Init)
    i.HAL_TIM_Base_MspInit                   0x08001010   Section        0  tim.o(i.HAL_TIM_Base_MspInit)
    i.HAL_TIM_Base_Start_IT                  0x08001060   Section        0  stm32f1xx_hal_tim.o(i.HAL_TIM_Base_Start_IT)
    i.HAL_TIM_ConfigClockSource              0x080010b8   Section        0  stm32f1xx_hal_tim.o(i.HAL_TIM_ConfigClockSource)
    i.HAL_TIM_Encoder_Init                   0x0800118e   Section        0  stm32f1xx_hal_tim.o(i.HAL_TIM_Encoder_Init)
    i.HAL_TIM_Encoder_MspInit                0x08001234   Section        0  tim.o(i.HAL_TIM_Encoder_MspInit)
    i.HAL_TIM_Encoder_Start                  0x080012d4   Section        0  stm32f1xx_hal_tim.o(i.HAL_TIM_Encoder_Start)
    i.HAL_TIM_IC_CaptureCallback             0x08001362   Section        0  stm32f1xx_hal_tim.o(i.HAL_TIM_IC_CaptureCallback)
    i.HAL_TIM_IRQHandler                     0x08001364   Section        0  stm32f1xx_hal_tim.o(i.HAL_TIM_IRQHandler)
    i.HAL_TIM_MspPostInit                    0x080014cc   Section        0  tim.o(i.HAL_TIM_MspPostInit)
    i.HAL_TIM_OC_DelayElapsedCallback        0x08001518   Section        0  stm32f1xx_hal_tim.o(i.HAL_TIM_OC_DelayElapsedCallback)
    i.HAL_TIM_PWM_ConfigChannel              0x0800151a   Section        0  stm32f1xx_hal_tim.o(i.HAL_TIM_PWM_ConfigChannel)
    i.HAL_TIM_PWM_Init                       0x080015e0   Section        0  stm32f1xx_hal_tim.o(i.HAL_TIM_PWM_Init)
    i.HAL_TIM_PWM_MspInit                    0x0800163a   Section        0  stm32f1xx_hal_tim.o(i.HAL_TIM_PWM_MspInit)
    i.HAL_TIM_PWM_PulseFinishedCallback      0x0800163c   Section        0  stm32f1xx_hal_tim.o(i.HAL_TIM_PWM_PulseFinishedCallback)
    i.HAL_TIM_PWM_Start                      0x08001640   Section        0  stm32f1xx_hal_tim.o(i.HAL_TIM_PWM_Start)
    i.HAL_TIM_PeriodElapsedCallback          0x080016dc   Section        0  main.o(i.HAL_TIM_PeriodElapsedCallback)
    i.HAL_TIM_TriggerCallback                0x0800183c   Section        0  stm32f1xx_hal_tim.o(i.HAL_TIM_TriggerCallback)
    i.HAL_UART_Init                          0x0800183e   Section        0  stm32f1xx_hal_uart.o(i.HAL_UART_Init)
    i.HAL_UART_MspInit                       0x080018a0   Section        0  usart.o(i.HAL_UART_MspInit)
    i.HC_SR04_Read                           0x08001910   Section        0  hc_sr04.o(i.HC_SR04_Read)
    i.HardFault_Handler                      0x080019ac   Section        0  stm32f1xx_it.o(i.HardFault_Handler)
    i.I2C_Start                              0x080019b0   Section        0  oled.o(i.I2C_Start)
    i.I2C_Stop                               0x080019f4   Section        0  oled.o(i.I2C_Stop)
    i.I2C_WaitAck                            0x08001a28   Section        0  oled.o(i.I2C_WaitAck)
    i.IIC_delay                              0x08001a60   Section        0  oled.o(i.IIC_delay)
    i.LeftMotor_Back                         0x08001a6c   Section        0  motor.o(i.LeftMotor_Back)
    i.LeftMotor_Go                           0x08001a8c   Section        0  motor.o(i.LeftMotor_Go)
    i.LeftMotor_Stop                         0x08001aac   Section        0  motor.o(i.LeftMotor_Stop)
    i.MX_GPIO_Init                           0x08001acc   Section        0  gpio.o(i.MX_GPIO_Init)
    i.MX_TIM1_Init                           0x08001bd8   Section        0  tim.o(i.MX_TIM1_Init)
    i.MX_TIM2_Init                           0x08001cb0   Section        0  tim.o(i.MX_TIM2_Init)
    i.MX_TIM3_Init                           0x08001d18   Section        0  tim.o(i.MX_TIM3_Init)
    i.MX_TIM4_Init                           0x08001d84   Section        0  tim.o(i.MX_TIM4_Init)
    i.MX_USART3_UART_Init                    0x08001df0   Section        0  usart.o(i.MX_USART3_UART_Init)
    i.MemManage_Handler                      0x08001e28   Section        0  stm32f1xx_it.o(i.MemManage_Handler)
    i.MotorControl                           0x08001e2c   Section        0  motor.o(i.MotorControl)
    i.NMI_Handler                            0x08001e94   Section        0  stm32f1xx_it.o(i.NMI_Handler)
    i.OLED_Clear                             0x08001e98   Section        0  oled.o(i.OLED_Clear)
    i.OLED_DrawPoint                         0x08001ec4   Section        0  oled.o(i.OLED_DrawPoint)
    i.OLED_Init                              0x08001ef0   Section        0  oled.o(i.OLED_Init)
    i.OLED_Refresh                           0x08001fec   Section        0  oled.o(i.OLED_Refresh)
    i.OLED_ShowChar                          0x08002054   Section        0  oled.o(i.OLED_ShowChar)
    i.OLED_ShowString                        0x08002138   Section        0  oled.o(i.OLED_ShowString)
    i.OLED_WR_Byte                           0x08002174   Section        0  oled.o(i.OLED_WR_Byte)
    i.PID_Init                               0x080021ac   Section        0  pid.o(i.PID_Init)
    i.PID_Trail_Init                         0x080021e4   Section        0  pid.o(i.PID_Trail_Init)
    i.PendSV_Handler                         0x0800220c   Section        0  stm32f1xx_it.o(i.PendSV_Handler)
    i.RightMotor_Back                        0x08002210   Section        0  motor.o(i.RightMotor_Back)
    i.RightMotor_Go                          0x08002230   Section        0  motor.o(i.RightMotor_Go)
    i.RightMotor_Stop                        0x08002250   Section        0  motor.o(i.RightMotor_Stop)
    i.SVC_Handler                            0x08002270   Section        0  stm32f1xx_it.o(i.SVC_Handler)
    i.Send_Byte                              0x08002274   Section        0  oled.o(i.Send_Byte)
    i.SysTick_Handler                        0x080022c8   Section        0  stm32f1xx_it.o(i.SysTick_Handler)
    i.SystemClock_Config                     0x080022cc   Section        0  main.o(i.SystemClock_Config)
    i.SystemInit                             0x0800232a   Section        0  system_stm32f1xx.o(i.SystemInit)
    i.TIM2_IRQHandler                        0x0800232c   Section        0  stm32f1xx_it.o(i.TIM2_IRQHandler)
    i.TIM_Base_SetConfig                     0x08002338   Section        0  stm32f1xx_hal_tim.o(i.TIM_Base_SetConfig)
    i.TIM_CCxChannelCmd                      0x080023a4   Section        0  stm32f1xx_hal_tim.o(i.TIM_CCxChannelCmd)
    i.TIM_ETR_SetConfig                      0x080023be   Section        0  stm32f1xx_hal_tim.o(i.TIM_ETR_SetConfig)
    i.TIM_ITRx_SetConfig                     0x080023d2   Section        0  stm32f1xx_hal_tim.o(i.TIM_ITRx_SetConfig)
    TIM_ITRx_SetConfig                       0x080023d3   Thumb Code    16  stm32f1xx_hal_tim.o(i.TIM_ITRx_SetConfig)
    i.TIM_OC1_SetConfig                      0x080023e4   Section        0  stm32f1xx_hal_tim.o(i.TIM_OC1_SetConfig)
    TIM_OC1_SetConfig                        0x080023e5   Thumb Code    74  stm32f1xx_hal_tim.o(i.TIM_OC1_SetConfig)
    i.TIM_OC2_SetConfig                      0x08002434   Section        0  stm32f1xx_hal_tim.o(i.TIM_OC2_SetConfig)
    i.TIM_OC3_SetConfig                      0x0800248c   Section        0  stm32f1xx_hal_tim.o(i.TIM_OC3_SetConfig)
    TIM_OC3_SetConfig                        0x0800248d   Thumb Code    82  stm32f1xx_hal_tim.o(i.TIM_OC3_SetConfig)
    i.TIM_OC4_SetConfig                      0x080024e4   Section        0  stm32f1xx_hal_tim.o(i.TIM_OC4_SetConfig)
    TIM_OC4_SetConfig                        0x080024e5   Thumb Code    64  stm32f1xx_hal_tim.o(i.TIM_OC4_SetConfig)
    i.TIM_TI1_ConfigInputStage               0x08002528   Section        0  stm32f1xx_hal_tim.o(i.TIM_TI1_ConfigInputStage)
    TIM_TI1_ConfigInputStage                 0x08002529   Thumb Code    34  stm32f1xx_hal_tim.o(i.TIM_TI1_ConfigInputStage)
    i.TIM_TI2_ConfigInputStage               0x0800254a   Section        0  stm32f1xx_hal_tim.o(i.TIM_TI2_ConfigInputStage)
    TIM_TI2_ConfigInputStage                 0x0800254b   Thumb Code    36  stm32f1xx_hal_tim.o(i.TIM_TI2_ConfigInputStage)
    i.Trail_PID                              0x0800256e   Section        0  pid.o(i.Trail_PID)
    i.UART_SetConfig                         0x08002618   Section        0  stm32f1xx_hal_uart.o(i.UART_SetConfig)
    UART_SetConfig                           0x08002619   Thumb Code   178  stm32f1xx_hal_uart.o(i.UART_SetConfig)
    i.UsageFault_Handler                     0x080026d0   Section        0  stm32f1xx_it.o(i.UsageFault_Handler)
    i.Velocity_PID                           0x080026d4   Section        0  pid.o(i.Velocity_PID)
    i.__NVIC_SetPriority                     0x0800278c   Section        0  stm32f1xx_hal_cortex.o(i.__NVIC_SetPriority)
    __NVIC_SetPriority                       0x0800278d   Thumb Code    32  stm32f1xx_hal_cortex.o(i.__NVIC_SetPriority)
    i.__scatterload_copy                     0x080027ac   Section       14  handlers.o(i.__scatterload_copy)
    i.__scatterload_null                     0x080027ba   Section        2  handlers.o(i.__scatterload_null)
    i.__scatterload_zeroinit                 0x080027bc   Section       14  handlers.o(i.__scatterload_zeroinit)
    i.beepOff                                0x080027cc   Section        0  main.o(i.beepOff)
    i.beepOn                                 0x080027dc   Section        0  main.o(i.beepOn)
    i.getTrailStatus                         0x080027ec   Section        0  trail.o(i.getTrailStatus)
    i.main                                   0x080029c0   Section        0  main.o(i.main)
    i.trailModule                            0x08002cec   Section        0  main.o(i.trailModule)
    .constdata                               0x08002d94   Section     7696  oled.o(.constdata)
    .constdata                               0x08004ba4   Section       16  system_stm32f1xx.o(.constdata)
    .constdata                               0x08004bb4   Section        8  system_stm32f1xx.o(.constdata)
    .data                                    0x20000000   Section       64  main.o(.data)
    .data                                    0x20000040   Section       12  stm32f1xx_hal.o(.data)
    .data                                    0x2000004c   Section        4  system_stm32f1xx.o(.data)
    .bss                                     0x20000050   Section     1152  oled.o(.bss)
    .bss                                     0x200004d0   Section      116  main.o(.bss)
    .bss                                     0x20000544   Section      288  tim.o(.bss)
    .bss                                     0x20000664   Section       68  usart.o(.bss)
    STACK                                    0x200006a8   Section     1536  startup_stm32f103xb.o(STACK)

    Global Symbols

    Symbol Name                              Value     Ov Type        Size  Object(Section)

    BuildAttributes$$THM_ISAv4$P$D$K$B$S$PE$A:L22UL41UL21$X:L11$S22US41US21$IEEE1$IW$USESV6$~STKCKD$USESV7$~SHL$OTIME$ROPI$EBA8$MICROLIB$REQ8$PRES8$EABIv2 0x00000000   Number         0  anon$$obj.o ABSOLUTE
    __ARM_use_no_argv                        0x00000000   Number         0  main.o ABSOLUTE
    __arm_fini_                               - Undefined Weak Reference
    __cpp_initialize__aeabi_                  - Undefined Weak Reference
    __cxa_finalize                            - Undefined Weak Reference
    __decompress                              - Undefined Weak Reference
    _clock_init                               - Undefined Weak Reference
    _microlib_exit                            - Undefined Weak Reference
    __Vectors_Size                           0x000000ec   Number         0  startup_stm32f103xb.o ABSOLUTE
    __Vectors                                0x08000000   Data           4  startup_stm32f103xb.o(RESET)
    __Vectors_End                            0x080000ec   Data           0  startup_stm32f103xb.o(RESET)
    __main                                   0x080000ed   Thumb Code     0  entry.o(.ARM.Collect$$$$00000000)
    _main_stk                                0x080000ed   Thumb Code     0  entry2.o(.ARM.Collect$$$$00000001)
    _main_scatterload                        0x080000f1   Thumb Code     0  entry5.o(.ARM.Collect$$$$00000004)
    __main_after_scatterload                 0x080000f5   Thumb Code     0  entry5.o(.ARM.Collect$$$$00000004)
    _main_clock                              0x080000f5   Thumb Code     0  entry7b.o(.ARM.Collect$$$$00000008)
    _main_cpp_init                           0x080000f5   Thumb Code     0  entry8b.o(.ARM.Collect$$$$0000000A)
    _main_init                               0x080000f5   Thumb Code     0  entry9a.o(.ARM.Collect$$$$0000000B)
    __rt_lib_shutdown_fini                   0x080000fd   Thumb Code     0  entry12b.o(.ARM.Collect$$$$0000000E)
    __rt_final_cpp                           0x08000101   Thumb Code     0  entry10a.o(.ARM.Collect$$$$0000000F)
    __rt_final_exit                          0x08000101   Thumb Code     0  entry11a.o(.ARM.Collect$$$$00000011)
    Reset_Handler                            0x08000105   Thumb Code     8  startup_stm32f103xb.o(.text)
    ADC1_2_IRQHandler                        0x0800011f   Thumb Code     0  startup_stm32f103xb.o(.text)
    CAN1_RX1_IRQHandler                      0x0800011f   Thumb Code     0  startup_stm32f103xb.o(.text)
    CAN1_SCE_IRQHandler                      0x0800011f   Thumb Code     0  startup_stm32f103xb.o(.text)
    DMA1_Channel1_IRQHandler                 0x0800011f   Thumb Code     0  startup_stm32f103xb.o(.text)
    DMA1_Channel2_IRQHandler                 0x0800011f   Thumb Code     0  startup_stm32f103xb.o(.text)
    DMA1_Channel3_IRQHandler                 0x0800011f   Thumb Code     0  startup_stm32f103xb.o(.text)
    DMA1_Channel4_IRQHandler                 0x0800011f   Thumb Code     0  startup_stm32f103xb.o(.text)
    DMA1_Channel5_IRQHandler                 0x0800011f   Thumb Code     0  startup_stm32f103xb.o(.text)
    DMA1_Channel6_IRQHandler                 0x0800011f   Thumb Code     0  startup_stm32f103xb.o(.text)
    DMA1_Channel7_IRQHandler                 0x0800011f   Thumb Code     0  startup_stm32f103xb.o(.text)
    EXTI0_IRQHandler                         0x0800011f   Thumb Code     0  startup_stm32f103xb.o(.text)
    EXTI15_10_IRQHandler                     0x0800011f   Thumb Code     0  startup_stm32f103xb.o(.text)
    EXTI1_IRQHandler                         0x0800011f   Thumb Code     0  startup_stm32f103xb.o(.text)
    EXTI2_IRQHandler                         0x0800011f   Thumb Code     0  startup_stm32f103xb.o(.text)
    EXTI3_IRQHandler                         0x0800011f   Thumb Code     0  startup_stm32f103xb.o(.text)
    EXTI4_IRQHandler                         0x0800011f   Thumb Code     0  startup_stm32f103xb.o(.text)
    EXTI9_5_IRQHandler                       0x0800011f   Thumb Code     0  startup_stm32f103xb.o(.text)
    FLASH_IRQHandler                         0x0800011f   Thumb Code     0  startup_stm32f103xb.o(.text)
    I2C1_ER_IRQHandler                       0x0800011f   Thumb Code     0  startup_stm32f103xb.o(.text)
    I2C1_EV_IRQHandler                       0x0800011f   Thumb Code     0  startup_stm32f103xb.o(.text)
    I2C2_ER_IRQHandler                       0x0800011f   Thumb Code     0  startup_stm32f103xb.o(.text)
    I2C2_EV_IRQHandler                       0x0800011f   Thumb Code     0  startup_stm32f103xb.o(.text)
    PVD_IRQHandler                           0x0800011f   Thumb Code     0  startup_stm32f103xb.o(.text)
    RCC_IRQHandler                           0x0800011f   Thumb Code     0  startup_stm32f103xb.o(.text)
    RTC_Alarm_IRQHandler                     0x0800011f   Thumb Code     0  startup_stm32f103xb.o(.text)
    RTC_IRQHandler                           0x0800011f   Thumb Code     0  startup_stm32f103xb.o(.text)
    SPI1_IRQHandler                          0x0800011f   Thumb Code     0  startup_stm32f103xb.o(.text)
    SPI2_IRQHandler                          0x0800011f   Thumb Code     0  startup_stm32f103xb.o(.text)
    TAMPER_IRQHandler                        0x0800011f   Thumb Code     0  startup_stm32f103xb.o(.text)
    TIM1_BRK_IRQHandler                      0x0800011f   Thumb Code     0  startup_stm32f103xb.o(.text)
    TIM1_CC_IRQHandler                       0x0800011f   Thumb Code     0  startup_stm32f103xb.o(.text)
    TIM1_TRG_COM_IRQHandler                  0x0800011f   Thumb Code     0  startup_stm32f103xb.o(.text)
    TIM1_UP_IRQHandler                       0x0800011f   Thumb Code     0  startup_stm32f103xb.o(.text)
    TIM3_IRQHandler                          0x0800011f   Thumb Code     0  startup_stm32f103xb.o(.text)
    TIM4_IRQHandler                          0x0800011f   Thumb Code     0  startup_stm32f103xb.o(.text)
    USART1_IRQHandler                        0x0800011f   Thumb Code     0  startup_stm32f103xb.o(.text)
    USART2_IRQHandler                        0x0800011f   Thumb Code     0  startup_stm32f103xb.o(.text)
    USART3_IRQHandler                        0x0800011f   Thumb Code     0  startup_stm32f103xb.o(.text)
    USBWakeUp_IRQHandler                     0x0800011f   Thumb Code     0  startup_stm32f103xb.o(.text)
    USB_HP_CAN1_TX_IRQHandler                0x0800011f   Thumb Code     0  startup_stm32f103xb.o(.text)
    USB_LP_CAN1_RX0_IRQHandler               0x0800011f   Thumb Code     0  startup_stm32f103xb.o(.text)
    WWDG_IRQHandler                          0x0800011f   Thumb Code     0  startup_stm32f103xb.o(.text)
    __aeabi_llsr                             0x08000129   Thumb Code    32  llushr.o(.text)
    _ll_ushift_r                             0x08000129   Thumb Code     0  llushr.o(.text)
    __aeabi_memset                           0x08000149   Thumb Code    14  memseta.o(.text)
    __aeabi_memset4                          0x08000149   Thumb Code     0  memseta.o(.text)
    __aeabi_memset8                          0x08000149   Thumb Code     0  memseta.o(.text)
    __aeabi_memclr                           0x08000157   Thumb Code     4  memseta.o(.text)
    __aeabi_memclr4                          0x08000157   Thumb Code     0  memseta.o(.text)
    __aeabi_memclr8                          0x08000157   Thumb Code     0  memseta.o(.text)
    _memset$wrapper                          0x0800015b   Thumb Code    18  memseta.o(.text)
    __aeabi_fadd                             0x0800016d   Thumb Code   164  fadd.o(.text)
    __aeabi_fsub                             0x08000211   Thumb Code     6  fadd.o(.text)
    __aeabi_frsub                            0x08000217   Thumb Code     6  fadd.o(.text)
    __aeabi_fmul                             0x0800021d   Thumb Code   100  fmul.o(.text)
    __ARM_scalbnf                            0x08000281   Thumb Code    24  fscalb.o(.text)
    scalbnf                                  0x08000281   Thumb Code     0  fscalb.o(.text)
    __aeabi_dmul                             0x08000299   Thumb Code   228  dmul.o(.text)
    __ARM_scalbn                             0x0800037d   Thumb Code    46  dscalb.o(.text)
    scalbn                                   0x0800037d   Thumb Code     0  dscalb.o(.text)
    __aeabi_i2f                              0x080003ab   Thumb Code    18  fflti.o(.text)
    __aeabi_i2d                              0x080003bd   Thumb Code    34  dflti.o(.text)
    __aeabi_ui2d                             0x080003df   Thumb Code    26  dfltui.o(.text)
    __aeabi_f2iz                             0x080003f9   Thumb Code    50  ffixi.o(.text)
    __aeabi_d2f                              0x0800042b   Thumb Code    56  d2f.o(.text)
    __aeabi_cfcmpeq                          0x08000465   Thumb Code     0  cfcmple.o(.text)
    __aeabi_cfcmple                          0x08000465   Thumb Code    20  cfcmple.o(.text)
    __aeabi_cfrcmple                         0x08000479   Thumb Code    20  cfrcmple.o(.text)
    __I$use$fp                               0x0800048d   Thumb Code     0  iusefp.o(.text)
    _float_round                             0x0800048d   Thumb Code    18  fepilogue.o(.text)
    _float_epilogue                          0x0800049f   Thumb Code    92  fepilogue.o(.text)
    _double_round                            0x080004fb   Thumb Code    30  depilogue.o(.text)
    _double_epilogue                         0x08000519   Thumb Code   156  depilogue.o(.text)
    __scatterload                            0x080005b5   Thumb Code    28  init.o(.text)
    __scatterload_rt2                        0x080005b5   Thumb Code     0  init.o(.text)
    __aeabi_llsl                             0x080005d9   Thumb Code    30  llshl.o(.text)
    _ll_shift_l                              0x080005d9   Thumb Code     0  llshl.o(.text)
    BusFault_Handler                         0x080005f7   Thumb Code     2  stm32f1xx_it.o(i.BusFault_Handler)
    CalActualSpeed                           0x080005f9   Thumb Code    22  motor.o(i.CalActualSpeed)
    DebugMon_Handler                         0x08000619   Thumb Code     2  stm32f1xx_it.o(i.DebugMon_Handler)
    Delayus                                  0x0800061d   Thumb Code    28  hc_sr04.o(i.Delayus)
    Error_Handler                            0x08000641   Thumb Code     4  main.o(i.Error_Handler)
    GetEncoderPulse                          0x08000645   Thumb Code    32  main.o(i.GetEncoderPulse)
    HAL_Delay                                0x08000671   Thumb Code    32  stm32f1xx_hal.o(i.HAL_Delay)
    HAL_GPIO_Init                            0x08000695   Thumb Code   446  stm32f1xx_hal_gpio.o(i.HAL_GPIO_Init)
    HAL_GPIO_ReadPin                         0x08000875   Thumb Code    10  stm32f1xx_hal_gpio.o(i.HAL_GPIO_ReadPin)
    HAL_GPIO_TogglePin                       0x0800087f   Thumb Code    16  stm32f1xx_hal_gpio.o(i.HAL_GPIO_TogglePin)
    HAL_GPIO_WritePin                        0x0800088f   Thumb Code    10  stm32f1xx_hal_gpio.o(i.HAL_GPIO_WritePin)
    HAL_GetTick                              0x08000899   Thumb Code     6  stm32f1xx_hal.o(i.HAL_GetTick)
    HAL_IncTick                              0x080008a5   Thumb Code    12  stm32f1xx_hal.o(i.HAL_IncTick)
    HAL_Init                                 0x080008b5   Thumb Code    32  stm32f1xx_hal.o(i.HAL_Init)
    HAL_InitTick                             0x080008d9   Thumb Code    54  stm32f1xx_hal.o(i.HAL_InitTick)
    HAL_MspInit                              0x08000919   Thumb Code    52  stm32f1xx_hal_msp.o(i.HAL_MspInit)
    HAL_NVIC_EnableIRQ                       0x08000955   Thumb Code    26  stm32f1xx_hal_cortex.o(i.HAL_NVIC_EnableIRQ)
    HAL_NVIC_SetPriority                     0x08000971   Thumb Code    60  stm32f1xx_hal_cortex.o(i.HAL_NVIC_SetPriority)
    HAL_NVIC_SetPriorityGrouping             0x080009b1   Thumb Code    26  stm32f1xx_hal_cortex.o(i.HAL_NVIC_SetPriorityGrouping)
    HAL_RCC_ClockConfig                      0x080009d5   Thumb Code   280  stm32f1xx_hal_rcc.o(i.HAL_RCC_ClockConfig)
    HAL_RCC_GetPCLK1Freq                     0x08000b01   Thumb Code    20  stm32f1xx_hal_rcc.o(i.HAL_RCC_GetPCLK1Freq)
    HAL_RCC_GetPCLK2Freq                     0x08000b21   Thumb Code    20  stm32f1xx_hal_rcc.o(i.HAL_RCC_GetPCLK2Freq)
    HAL_RCC_GetSysClockFreq                  0x08000b41   Thumb Code    74  stm32f1xx_hal_rcc.o(i.HAL_RCC_GetSysClockFreq)
    HAL_RCC_OscConfig                        0x08000bad   Thumb Code   778  stm32f1xx_hal_rcc.o(i.HAL_RCC_OscConfig)
    HAL_SYSTICK_Config                       0x08000ecd   Thumb Code    40  stm32f1xx_hal_cortex.o(i.HAL_SYSTICK_Config)
    HAL_TIMEx_BreakCallback                  0x08000ef5   Thumb Code     2  stm32f1xx_hal_tim_ex.o(i.HAL_TIMEx_BreakCallback)
    HAL_TIMEx_CommutCallback                 0x08000ef7   Thumb Code     2  stm32f1xx_hal_tim_ex.o(i.HAL_TIMEx_CommutCallback)
    HAL_TIMEx_ConfigBreakDeadTime            0x08000ef9   Thumb Code    84  stm32f1xx_hal_tim_ex.o(i.HAL_TIMEx_ConfigBreakDeadTime)
    HAL_TIMEx_MasterConfigSynchronization    0x08000f4d   Thumb Code    92  stm32f1xx_hal_tim_ex.o(i.HAL_TIMEx_MasterConfigSynchronization)
    HAL_TIM_Base_Init                        0x08000fb5   Thumb Code    90  stm32f1xx_hal_tim.o(i.HAL_TIM_Base_Init)
    HAL_TIM_Base_MspInit                     0x08001011   Thumb Code    72  tim.o(i.HAL_TIM_Base_MspInit)
    HAL_TIM_Base_Start_IT                    0x08001061   Thumb Code    76  stm32f1xx_hal_tim.o(i.HAL_TIM_Base_Start_IT)
    HAL_TIM_ConfigClockSource                0x080010b9   Thumb Code   214  stm32f1xx_hal_tim.o(i.HAL_TIM_ConfigClockSource)
    HAL_TIM_Encoder_Init                     0x0800118f   Thumb Code   164  stm32f1xx_hal_tim.o(i.HAL_TIM_Encoder_Init)
    HAL_TIM_Encoder_MspInit                  0x08001235   Thumb Code   140  tim.o(i.HAL_TIM_Encoder_MspInit)
    HAL_TIM_Encoder_Start                    0x080012d5   Thumb Code   142  stm32f1xx_hal_tim.o(i.HAL_TIM_Encoder_Start)
    HAL_TIM_IC_CaptureCallback               0x08001363   Thumb Code     2  stm32f1xx_hal_tim.o(i.HAL_TIM_IC_CaptureCallback)
    HAL_TIM_IRQHandler                       0x08001365   Thumb Code   358  stm32f1xx_hal_tim.o(i.HAL_TIM_IRQHandler)
    HAL_TIM_MspPostInit                      0x080014cd   Thumb Code    64  tim.o(i.HAL_TIM_MspPostInit)
    HAL_TIM_OC_DelayElapsedCallback          0x08001519   Thumb Code     2  stm32f1xx_hal_tim.o(i.HAL_TIM_OC_DelayElapsedCallback)
    HAL_TIM_PWM_ConfigChannel                0x0800151b   Thumb Code   198  stm32f1xx_hal_tim.o(i.HAL_TIM_PWM_ConfigChannel)
    HAL_TIM_PWM_Init                         0x080015e1   Thumb Code    90  stm32f1xx_hal_tim.o(i.HAL_TIM_PWM_Init)
    HAL_TIM_PWM_MspInit                      0x0800163b   Thumb Code     2  stm32f1xx_hal_tim.o(i.HAL_TIM_PWM_MspInit)
    HAL_TIM_PWM_PulseFinishedCallback        0x0800163d   Thumb Code     2  stm32f1xx_hal_tim.o(i.HAL_TIM_PWM_PulseFinishedCallback)
    HAL_TIM_PWM_Start                        0x08001641   Thumb Code   144  stm32f1xx_hal_tim.o(i.HAL_TIM_PWM_Start)
    HAL_TIM_PeriodElapsedCallback            0x080016dd   Thumb Code   334  main.o(i.HAL_TIM_PeriodElapsedCallback)
    HAL_TIM_TriggerCallback                  0x0800183d   Thumb Code     2  stm32f1xx_hal_tim.o(i.HAL_TIM_TriggerCallback)
    HAL_UART_Init                            0x0800183f   Thumb Code    98  stm32f1xx_hal_uart.o(i.HAL_UART_Init)
    HAL_UART_MspInit                         0x080018a1   Thumb Code   100  usart.o(i.HAL_UART_MspInit)
    HC_SR04_Read                             0x08001911   Thumb Code   136  hc_sr04.o(i.HC_SR04_Read)
    HardFault_Handler                        0x080019ad   Thumb Code     2  stm32f1xx_it.o(i.HardFault_Handler)
    I2C_Start                                0x080019b1   Thumb Code    64  oled.o(i.I2C_Start)
    I2C_Stop                                 0x080019f5   Thumb Code    46  oled.o(i.I2C_Stop)
    I2C_WaitAck                              0x08001a29   Thumb Code    52  oled.o(i.I2C_WaitAck)
    IIC_delay                                0x08001a61   Thumb Code    10  oled.o(i.IIC_delay)
    LeftMotor_Back                           0x08001a6d   Thumb Code    28  motor.o(i.LeftMotor_Back)
    LeftMotor_Go                             0x08001a8d   Thumb Code    28  motor.o(i.LeftMotor_Go)
    LeftMotor_Stop                           0x08001aad   Thumb Code    28  motor.o(i.LeftMotor_Stop)
    MX_GPIO_Init                             0x08001acd   Thumb Code   252  gpio.o(i.MX_GPIO_Init)
    MX_TIM1_Init                             0x08001bd9   Thumb Code   208  tim.o(i.MX_TIM1_Init)
    MX_TIM2_Init                             0x08001cb1   Thumb Code    98  tim.o(i.MX_TIM2_Init)
    MX_TIM3_Init                             0x08001d19   Thumb Code   100  tim.o(i.MX_TIM3_Init)
    MX_TIM4_Init                             0x08001d85   Thumb Code   100  tim.o(i.MX_TIM4_Init)
    MX_USART3_UART_Init                      0x08001df1   Thumb Code    48  usart.o(i.MX_USART3_UART_Init)
    MemManage_Handler                        0x08001e29   Thumb Code     2  stm32f1xx_it.o(i.MemManage_Handler)
    MotorControl                             0x08001e2d   Thumb Code   100  motor.o(i.MotorControl)
    NMI_Handler                              0x08001e95   Thumb Code     2  stm32f1xx_it.o(i.NMI_Handler)
    OLED_Clear                               0x08001e99   Thumb Code    40  oled.o(i.OLED_Clear)
    OLED_DrawPoint                           0x08001ec5   Thumb Code    40  oled.o(i.OLED_DrawPoint)
    OLED_Init                                0x08001ef1   Thumb Code   246  oled.o(i.OLED_Init)
    OLED_Refresh                             0x08001fed   Thumb Code   100  oled.o(i.OLED_Refresh)
    OLED_ShowChar                            0x08002055   Thumb Code   212  oled.o(i.OLED_ShowChar)
    OLED_ShowString                          0x08002139   Thumb Code    60  oled.o(i.OLED_ShowString)
    OLED_WR_Byte                             0x08002175   Thumb Code    54  oled.o(i.OLED_WR_Byte)
    PID_Init                                 0x080021ad   Thumb Code    36  pid.o(i.PID_Init)
    PID_Trail_Init                           0x080021e5   Thumb Code    32  pid.o(i.PID_Trail_Init)
    PendSV_Handler                           0x0800220d   Thumb Code     2  stm32f1xx_it.o(i.PendSV_Handler)
    RightMotor_Back                          0x08002211   Thumb Code    28  motor.o(i.RightMotor_Back)
    RightMotor_Go                            0x08002231   Thumb Code    28  motor.o(i.RightMotor_Go)
    RightMotor_Stop                          0x08002251   Thumb Code    28  motor.o(i.RightMotor_Stop)
    SVC_Handler                              0x08002271   Thumb Code     2  stm32f1xx_it.o(i.SVC_Handler)
    Send_Byte                                0x08002275   Thumb Code    78  oled.o(i.Send_Byte)
    SysTick_Handler                          0x080022c9   Thumb Code     4  stm32f1xx_it.o(i.SysTick_Handler)
    SystemClock_Config                       0x080022cd   Thumb Code    94  main.o(i.SystemClock_Config)
    SystemInit                               0x0800232b   Thumb Code     2  system_stm32f1xx.o(i.SystemInit)
    TIM2_IRQHandler                          0x0800232d   Thumb Code     6  stm32f1xx_it.o(i.TIM2_IRQHandler)
    TIM_Base_SetConfig                       0x08002339   Thumb Code    94  stm32f1xx_hal_tim.o(i.TIM_Base_SetConfig)
    TIM_CCxChannelCmd                        0x080023a5   Thumb Code    26  stm32f1xx_hal_tim.o(i.TIM_CCxChannelCmd)
    TIM_ETR_SetConfig                        0x080023bf   Thumb Code    20  stm32f1xx_hal_tim.o(i.TIM_ETR_SetConfig)
    TIM_OC2_SetConfig                        0x08002435   Thumb Code    84  stm32f1xx_hal_tim.o(i.TIM_OC2_SetConfig)
    Trail_PID                                0x0800256f   Thumb Code   168  pid.o(i.Trail_PID)
    UsageFault_Handler                       0x080026d1   Thumb Code     2  stm32f1xx_it.o(i.UsageFault_Handler)
    Velocity_PID                             0x080026d5   Thumb Code   178  pid.o(i.Velocity_PID)
    __scatterload_copy                       0x080027ad   Thumb Code    14  handlers.o(i.__scatterload_copy)
    __scatterload_null                       0x080027bb   Thumb Code     2  handlers.o(i.__scatterload_null)
    __scatterload_zeroinit                   0x080027bd   Thumb Code    14  handlers.o(i.__scatterload_zeroinit)
    beepOff                                  0x080027cd   Thumb Code    12  main.o(i.beepOff)
    beepOn                                   0x080027dd   Thumb Code    10  main.o(i.beepOn)
    getTrailStatus                           0x080027ed   Thumb Code   442  trail.o(i.getTrailStatus)
    main                                     0x080029c1   Thumb Code   762  main.o(i.main)
    trailModule                              0x08002ced   Thumb Code   152  main.o(i.trailModule)
    asc2_0806                                0x08002d94   Data         552  oled.o(.constdata)
    asc2_1206                                0x08002fbc   Data        1140  oled.o(.constdata)
    asc2_1608                                0x08003430   Data        1520  oled.o(.constdata)
    asc2_2412                                0x08003a20   Data        3420  oled.o(.constdata)
    Hzk1                                     0x0800477c   Data         352  oled.o(.constdata)
    Hzk2                                     0x080048dc   Data          72  oled.o(.constdata)
    Hzk3                                     0x08004924   Data         128  oled.o(.constdata)
    Hzk4                                     0x080049a4   Data         512  oled.o(.constdata)
    AHBPrescTable                            0x08004ba4   Data          16  system_stm32f1xx.o(.constdata)
    APBPrescTable                            0x08004bb4   Data           8  system_stm32f1xx.o(.constdata)
    Region$$Table$$Base                      0x08004bbc   Number         0  anon$$obj.o(Region$$Table)
    Region$$Table$$Limit                     0x08004bdc   Number         0  anon$$obj.o(Region$$Table)
    encoderPulse                             0x20000000   Data           4  main.o(.data)
    thisTrailStatus                          0x20000004   Data           4  main.o(.data)
    lastTrailStatus                          0x20000008   Data           4  main.o(.data)
    Trail_PID_PWM                            0x2000000c   Data           4  main.o(.data)
    outRight                                 0x20000010   Data           4  main.o(.data)
    outLeft                                  0x20000014   Data           4  main.o(.data)
    distance                                 0x20000018   Data           4  main.o(.data)
    count                                    0x2000001c   Data           4  main.o(.data)
    oledFlag                                 0x20000020   Data           4  main.o(.data)
    sign                                     0x20000024   Data           4  main.o(.data)
    signplus                                 0x20000028   Data           4  main.o(.data)
    countplus                                0x2000002c   Data           4  main.o(.data)
    stage1                                   0x20000030   Data           4  main.o(.data)
    stage2                                   0x20000034   Data           4  main.o(.data)
    stage3                                   0x20000038   Data           4  main.o(.data)
    direction                                0x2000003c   Data           4  main.o(.data)
    uwTickFreq                               0x20000040   Data           1  stm32f1xx_hal.o(.data)
    uwTickPrio                               0x20000044   Data           4  stm32f1xx_hal.o(.data)
    uwTick                                   0x20000048   Data           4  stm32f1xx_hal.o(.data)
    SystemCoreClock                          0x2000004c   Data           4  system_stm32f1xx.o(.data)
    OLED_GRAM                                0x20000050   Data        1152  oled.o(.bss)
    leftMotor_PID                            0x200004d0   Data          40  main.o(.bss)
    rightMotor_PID                           0x200004f8   Data          40  main.o(.bss)
    trail                                    0x20000520   Data          36  main.o(.bss)
    htim1                                    0x20000544   Data          72  tim.o(.bss)
    htim2                                    0x2000058c   Data          72  tim.o(.bss)
    htim3                                    0x200005d4   Data          72  tim.o(.bss)
    htim4                                    0x2000061c   Data          72  tim.o(.bss)
    huart3                                   0x20000664   Data          68  usart.o(.bss)
    __initial_sp                             0x20000ca8   Data           0  startup_stm32f103xb.o(STACK)



==============================================================================

Memory Map of the image

  Image Entry point : 0x080000ed

  Load Region LR_IROM1 (Base: 0x08000000, Size: 0x00004c2c, Max: 0x00010000, ABSOLUTE)

    Execution Region ER_IROM1 (Exec base: 0x08000000, Load base: 0x08000000, Size: 0x00004bdc, Max: 0x00010000, ABSOLUTE)

    Exec Addr    Load Addr    Size         Type   Attr      Idx    E Section Name        Object

    0x08000000   0x08000000   0x000000ec   Data   RO            3    RESET               startup_stm32f103xb.o
    0x080000ec   0x080000ec   0x00000000   Code   RO         3161  * .ARM.Collect$$$$00000000  mc_w.l(entry.o)
    0x080000ec   0x080000ec   0x00000004   Code   RO         3192    .ARM.Collect$$$$00000001  mc_w.l(entry2.o)
    0x080000f0   0x080000f0   0x00000004   Code   RO         3195    .ARM.Collect$$$$00000004  mc_w.l(entry5.o)
    0x080000f4   0x080000f4   0x00000000   Code   RO         3197    .ARM.Collect$$$$00000008  mc_w.l(entry7b.o)
    0x080000f4   0x080000f4   0x00000000   Code   RO         3199    .ARM.Collect$$$$0000000A  mc_w.l(entry8b.o)
    0x080000f4   0x080000f4   0x00000008   Code   RO         3200    .ARM.Collect$$$$0000000B  mc_w.l(entry9a.o)
    0x080000fc   0x080000fc   0x00000004   Code   RO         3207    .ARM.Collect$$$$0000000E  mc_w.l(entry12b.o)
    0x08000100   0x08000100   0x00000000   Code   RO         3202    .ARM.Collect$$$$0000000F  mc_w.l(entry10a.o)
    0x08000100   0x08000100   0x00000000   Code   RO         3204    .ARM.Collect$$$$00000011  mc_w.l(entry11a.o)
    0x08000100   0x08000100   0x00000004   Code   RO         3193    .ARM.Collect$$$$00002712  mc_w.l(entry2.o)
    0x08000104   0x08000104   0x00000024   Code   RO            4    .text               startup_stm32f103xb.o
    0x08000128   0x08000128   0x00000020   Code   RO         3164    .text               mc_w.l(llushr.o)
    0x08000148   0x08000148   0x00000024   Code   RO         3166    .text               mc_w.l(memseta.o)
    0x0800016c   0x0800016c   0x000000b0   Code   RO         3168    .text               mf_w.l(fadd.o)
    0x0800021c   0x0800021c   0x00000064   Code   RO         3170    .text               mf_w.l(fmul.o)
    0x08000280   0x08000280   0x00000018   Code   RO         3172    .text               mf_w.l(fscalb.o)
    0x08000298   0x08000298   0x000000e4   Code   RO         3174    .text               mf_w.l(dmul.o)
    0x0800037c   0x0800037c   0x0000002e   Code   RO         3176    .text               mf_w.l(dscalb.o)
    0x080003aa   0x080003aa   0x00000012   Code   RO         3178    .text               mf_w.l(fflti.o)
    0x080003bc   0x080003bc   0x00000022   Code   RO         3180    .text               mf_w.l(dflti.o)
    0x080003de   0x080003de   0x0000001a   Code   RO         3182    .text               mf_w.l(dfltui.o)
    0x080003f8   0x080003f8   0x00000032   Code   RO         3184    .text               mf_w.l(ffixi.o)
    0x0800042a   0x0800042a   0x00000038   Code   RO         3186    .text               mf_w.l(d2f.o)
    0x08000462   0x08000462   0x00000002   PAD
    0x08000464   0x08000464   0x00000014   Code   RO         3188    .text               mf_w.l(cfcmple.o)
    0x08000478   0x08000478   0x00000014   Code   RO         3190    .text               mf_w.l(cfrcmple.o)
    0x0800048c   0x0800048c   0x00000000   Code   RO         3208    .text               mc_w.l(iusefp.o)
    0x0800048c   0x0800048c   0x0000006e   Code   RO         3209    .text               mf_w.l(fepilogue.o)
    0x080004fa   0x080004fa   0x000000ba   Code   RO         3211    .text               mf_w.l(depilogue.o)
    0x080005b4   0x080005b4   0x00000024   Code   RO         3213    .text               mc_w.l(init.o)
    0x080005d8   0x080005d8   0x0000001e   Code   RO         3215    .text               mc_w.l(llshl.o)
    0x080005f6   0x080005f6   0x00000002   Code   RO          679    i.BusFault_Handler  stm32f1xx_it.o
    0x080005f8   0x080005f8   0x00000020   Code   RO          146    i.CalActualSpeed    motor.o
    0x08000618   0x08000618   0x00000002   Code   RO          680    i.DebugMon_Handler  stm32f1xx_it.o
    0x0800061a   0x0800061a   0x00000002   PAD
    0x0800061c   0x0800061c   0x00000024   Code   RO          241    i.Delayus           hc_sr04.o
    0x08000640   0x08000640   0x00000004   Code   RO          443    i.Error_Handler     main.o
    0x08000644   0x08000644   0x0000002c   Code   RO          444    i.GetEncoderPulse   main.o
    0x08000670   0x08000670   0x00000024   Code   RO         1801    i.HAL_Delay         stm32f1xx_hal.o
    0x08000694   0x08000694   0x000001e0   Code   RO         2109    i.HAL_GPIO_Init     stm32f1xx_hal_gpio.o
    0x08000874   0x08000874   0x0000000a   Code   RO         2111    i.HAL_GPIO_ReadPin  stm32f1xx_hal_gpio.o
    0x0800087e   0x0800087e   0x00000010   Code   RO         2112    i.HAL_GPIO_TogglePin  stm32f1xx_hal_gpio.o
    0x0800088e   0x0800088e   0x0000000a   Code   RO         2113    i.HAL_GPIO_WritePin  stm32f1xx_hal_gpio.o
    0x08000898   0x08000898   0x0000000c   Code   RO         1805    i.HAL_GetTick       stm32f1xx_hal.o
    0x080008a4   0x080008a4   0x00000010   Code   RO         1811    i.HAL_IncTick       stm32f1xx_hal.o
    0x080008b4   0x080008b4   0x00000024   Code   RO         1812    i.HAL_Init          stm32f1xx_hal.o
    0x080008d8   0x080008d8   0x00000040   Code   RO         1813    i.HAL_InitTick      stm32f1xx_hal.o
    0x08000918   0x08000918   0x0000003c   Code   RO          761    i.HAL_MspInit       stm32f1xx_hal_msp.o
    0x08000954   0x08000954   0x0000001a   Code   RO         2269    i.HAL_NVIC_EnableIRQ  stm32f1xx_hal_cortex.o
    0x0800096e   0x0800096e   0x00000002   PAD
    0x08000970   0x08000970   0x00000040   Code   RO         2275    i.HAL_NVIC_SetPriority  stm32f1xx_hal_cortex.o
    0x080009b0   0x080009b0   0x00000024   Code   RO         2276    i.HAL_NVIC_SetPriorityGrouping  stm32f1xx_hal_cortex.o
    0x080009d4   0x080009d4   0x0000012c   Code   RO         1969    i.HAL_RCC_ClockConfig  stm32f1xx_hal_rcc.o
    0x08000b00   0x08000b00   0x00000020   Code   RO         1976    i.HAL_RCC_GetPCLK1Freq  stm32f1xx_hal_rcc.o
    0x08000b20   0x08000b20   0x00000020   Code   RO         1977    i.HAL_RCC_GetPCLK2Freq  stm32f1xx_hal_rcc.o
    0x08000b40   0x08000b40   0x0000006c   Code   RO         1978    i.HAL_RCC_GetSysClockFreq  stm32f1xx_hal_rcc.o
    0x08000bac   0x08000bac   0x00000320   Code   RO         1981    i.HAL_RCC_OscConfig  stm32f1xx_hal_rcc.o
    0x08000ecc   0x08000ecc   0x00000028   Code   RO         2280    i.HAL_SYSTICK_Config  stm32f1xx_hal_cortex.o
    0x08000ef4   0x08000ef4   0x00000002   Code   RO         1527    i.HAL_TIMEx_BreakCallback  stm32f1xx_hal_tim_ex.o
    0x08000ef6   0x08000ef6   0x00000002   Code   RO         1528    i.HAL_TIMEx_CommutCallback  stm32f1xx_hal_tim_ex.o
    0x08000ef8   0x08000ef8   0x00000054   Code   RO         1530    i.HAL_TIMEx_ConfigBreakDeadTime  stm32f1xx_hal_tim_ex.o
    0x08000f4c   0x08000f4c   0x00000068   Code   RO         1546    i.HAL_TIMEx_MasterConfigSynchronization  stm32f1xx_hal_tim_ex.o
    0x08000fb4   0x08000fb4   0x0000005a   Code   RO          823    i.HAL_TIM_Base_Init  stm32f1xx_hal_tim.o
    0x0800100e   0x0800100e   0x00000002   PAD
    0x08001010   0x08001010   0x00000050   Code   RO          560    i.HAL_TIM_Base_MspInit  tim.o
    0x08001060   0x08001060   0x00000058   Code   RO          828    i.HAL_TIM_Base_Start_IT  stm32f1xx_hal_tim.o
    0x080010b8   0x080010b8   0x000000d6   Code   RO          832    i.HAL_TIM_ConfigClockSource  stm32f1xx_hal_tim.o
    0x0800118e   0x0800118e   0x000000a4   Code   RO          844    i.HAL_TIM_Encoder_Init  stm32f1xx_hal_tim.o
    0x08001232   0x08001232   0x00000002   PAD
    0x08001234   0x08001234   0x000000a0   Code   RO          562    i.HAL_TIM_Encoder_MspInit  tim.o
    0x080012d4   0x080012d4   0x0000008e   Code   RO          847    i.HAL_TIM_Encoder_Start  stm32f1xx_hal_tim.o
    0x08001362   0x08001362   0x00000002   Code   RO          857    i.HAL_TIM_IC_CaptureCallback  stm32f1xx_hal_tim.o
    0x08001364   0x08001364   0x00000166   Code   RO          871    i.HAL_TIM_IRQHandler  stm32f1xx_hal_tim.o
    0x080014ca   0x080014ca   0x00000002   PAD
    0x080014cc   0x080014cc   0x0000004c   Code   RO          563    i.HAL_TIM_MspPostInit  tim.o
    0x08001518   0x08001518   0x00000002   Code   RO          874    i.HAL_TIM_OC_DelayElapsedCallback  stm32f1xx_hal_tim.o
    0x0800151a   0x0800151a   0x000000c6   Code   RO          895    i.HAL_TIM_PWM_ConfigChannel  stm32f1xx_hal_tim.o
    0x080015e0   0x080015e0   0x0000005a   Code   RO          898    i.HAL_TIM_PWM_Init  stm32f1xx_hal_tim.o
    0x0800163a   0x0800163a   0x00000002   Code   RO          900    i.HAL_TIM_PWM_MspInit  stm32f1xx_hal_tim.o
    0x0800163c   0x0800163c   0x00000002   Code   RO          901    i.HAL_TIM_PWM_PulseFinishedCallback  stm32f1xx_hal_tim.o
    0x0800163e   0x0800163e   0x00000002   PAD
    0x08001640   0x08001640   0x0000009c   Code   RO          903    i.HAL_TIM_PWM_Start  stm32f1xx_hal_tim.o
    0x080016dc   0x080016dc   0x00000160   Code   RO          445    i.HAL_TIM_PeriodElapsedCallback  main.o
    0x0800183c   0x0800183c   0x00000002   Code   RO          914    i.HAL_TIM_TriggerCallback  stm32f1xx_hal_tim.o
    0x0800183e   0x0800183e   0x00000062   Code   RO         2798    i.HAL_UART_Init     stm32f1xx_hal_uart.o
    0x080018a0   0x080018a0   0x00000070   Code   RO          638    i.HAL_UART_MspInit  usart.o
    0x08001910   0x08001910   0x0000009c   Code   RO          242    i.HC_SR04_Read      hc_sr04.o
    0x080019ac   0x080019ac   0x00000002   Code   RO          681    i.HardFault_Handler  stm32f1xx_it.o
    0x080019ae   0x080019ae   0x00000002   PAD
    0x080019b0   0x080019b0   0x00000044   Code   RO          274    i.I2C_Start         oled.o
    0x080019f4   0x080019f4   0x00000034   Code   RO          275    i.I2C_Stop          oled.o
    0x08001a28   0x08001a28   0x00000038   Code   RO          276    i.I2C_WaitAck       oled.o
    0x08001a60   0x08001a60   0x0000000a   Code   RO          277    i.IIC_delay         oled.o
    0x08001a6a   0x08001a6a   0x00000002   PAD
    0x08001a6c   0x08001a6c   0x00000020   Code   RO          147    i.LeftMotor_Back    motor.o
    0x08001a8c   0x08001a8c   0x00000020   Code   RO          148    i.LeftMotor_Go      motor.o
    0x08001aac   0x08001aac   0x00000020   Code   RO          149    i.LeftMotor_Stop    motor.o
    0x08001acc   0x08001acc   0x0000010c   Code   RO          535    i.MX_GPIO_Init      gpio.o
    0x08001bd8   0x08001bd8   0x000000d8   Code   RO          564    i.MX_TIM1_Init      tim.o
    0x08001cb0   0x08001cb0   0x00000068   Code   RO          565    i.MX_TIM2_Init      tim.o
    0x08001d18   0x08001d18   0x0000006c   Code   RO          566    i.MX_TIM3_Init      tim.o
    0x08001d84   0x08001d84   0x0000006c   Code   RO          567    i.MX_TIM4_Init      tim.o
    0x08001df0   0x08001df0   0x00000038   Code   RO          639    i.MX_USART3_UART_Init  usart.o
    0x08001e28   0x08001e28   0x00000002   Code   RO          682    i.MemManage_Handler  stm32f1xx_it.o
    0x08001e2a   0x08001e2a   0x00000002   PAD
    0x08001e2c   0x08001e2c   0x00000068   Code   RO          150    i.MotorControl      motor.o
    0x08001e94   0x08001e94   0x00000002   Code   RO          683    i.NMI_Handler       stm32f1xx_it.o
    0x08001e96   0x08001e96   0x00000002   PAD
    0x08001e98   0x08001e98   0x0000002c   Code   RO          278    i.OLED_Clear        oled.o
    0x08001ec4   0x08001ec4   0x0000002c   Code   RO          285    i.OLED_DrawPoint    oled.o
    0x08001ef0   0x08001ef0   0x000000fc   Code   RO          286    i.OLED_Init         oled.o
    0x08001fec   0x08001fec   0x00000068   Code   RO          288    i.OLED_Refresh      oled.o
    0x08002054   0x08002054   0x000000e4   Code   RO          290    i.OLED_ShowChar     oled.o
    0x08002138   0x08002138   0x0000003c   Code   RO          294    i.OLED_ShowString   oled.o
    0x08002174   0x08002174   0x00000036   Code   RO          295    i.OLED_WR_Byte      oled.o
    0x080021aa   0x080021aa   0x00000002   PAD
    0x080021ac   0x080021ac   0x00000038   Code   RO           13    i.PID_Init          pid.o
    0x080021e4   0x080021e4   0x00000028   Code   RO           14    i.PID_Trail_Init    pid.o
    0x0800220c   0x0800220c   0x00000002   Code   RO          684    i.PendSV_Handler    stm32f1xx_it.o
    0x0800220e   0x0800220e   0x00000002   PAD
    0x08002210   0x08002210   0x00000020   Code   RO          151    i.RightMotor_Back   motor.o
    0x08002230   0x08002230   0x00000020   Code   RO          152    i.RightMotor_Go     motor.o
    0x08002250   0x08002250   0x00000020   Code   RO          153    i.RightMotor_Stop   motor.o
    0x08002270   0x08002270   0x00000002   Code   RO          685    i.SVC_Handler       stm32f1xx_it.o
    0x08002272   0x08002272   0x00000002   PAD
    0x08002274   0x08002274   0x00000054   Code   RO          296    i.Send_Byte         oled.o
    0x080022c8   0x080022c8   0x00000004   Code   RO          686    i.SysTick_Handler   stm32f1xx_it.o
    0x080022cc   0x080022cc   0x0000005e   Code   RO          446    i.SystemClock_Config  main.o
    0x0800232a   0x0800232a   0x00000002   Code   RO         3127    i.SystemInit        system_stm32f1xx.o
    0x0800232c   0x0800232c   0x0000000c   Code   RO          687    i.TIM2_IRQHandler   stm32f1xx_it.o
    0x08002338   0x08002338   0x0000006c   Code   RO          916    i.TIM_Base_SetConfig  stm32f1xx_hal_tim.o
    0x080023a4   0x080023a4   0x0000001a   Code   RO          917    i.TIM_CCxChannelCmd  stm32f1xx_hal_tim.o
    0x080023be   0x080023be   0x00000014   Code   RO          927    i.TIM_ETR_SetConfig  stm32f1xx_hal_tim.o
    0x080023d2   0x080023d2   0x00000010   Code   RO          928    i.TIM_ITRx_SetConfig  stm32f1xx_hal_tim.o
    0x080023e2   0x080023e2   0x00000002   PAD
    0x080023e4   0x080023e4   0x00000050   Code   RO          929    i.TIM_OC1_SetConfig  stm32f1xx_hal_tim.o
    0x08002434   0x08002434   0x00000058   Code   RO          930    i.TIM_OC2_SetConfig  stm32f1xx_hal_tim.o
    0x0800248c   0x0800248c   0x00000058   Code   RO          931    i.TIM_OC3_SetConfig  stm32f1xx_hal_tim.o
    0x080024e4   0x080024e4   0x00000044   Code   RO          932    i.TIM_OC4_SetConfig  stm32f1xx_hal_tim.o
    0x08002528   0x08002528   0x00000022   Code   RO          934    i.TIM_TI1_ConfigInputStage  stm32f1xx_hal_tim.o
    0x0800254a   0x0800254a   0x00000024   Code   RO          936    i.TIM_TI2_ConfigInputStage  stm32f1xx_hal_tim.o
    0x0800256e   0x0800256e   0x000000a8   Code   RO           15    i.Trail_PID         pid.o
    0x08002616   0x08002616   0x00000002   PAD
    0x08002618   0x08002618   0x000000b8   Code   RO         2824    i.UART_SetConfig    stm32f1xx_hal_uart.o
    0x080026d0   0x080026d0   0x00000002   Code   RO          688    i.UsageFault_Handler  stm32f1xx_it.o
    0x080026d2   0x080026d2   0x00000002   PAD
    0x080026d4   0x080026d4   0x000000b8   Code   RO           16    i.Velocity_PID      pid.o
    0x0800278c   0x0800278c   0x00000020   Code   RO         2282    i.__NVIC_SetPriority  stm32f1xx_hal_cortex.o
    0x080027ac   0x080027ac   0x0000000e   Code   RO         3219    i.__scatterload_copy  mc_w.l(handlers.o)
    0x080027ba   0x080027ba   0x00000002   Code   RO         3220    i.__scatterload_null  mc_w.l(handlers.o)
    0x080027bc   0x080027bc   0x0000000e   Code   RO         3221    i.__scatterload_zeroinit  mc_w.l(handlers.o)
    0x080027ca   0x080027ca   0x00000002   PAD
    0x080027cc   0x080027cc   0x00000010   Code   RO          447    i.beepOff           main.o
    0x080027dc   0x080027dc   0x00000010   Code   RO          448    i.beepOn            main.o
    0x080027ec   0x080027ec   0x000001d4   Code   RO          214    i.getTrailStatus    trail.o
    0x080029c0   0x080029c0   0x0000032c   Code   RO          450    i.main              main.o
    0x08002cec   0x08002cec   0x000000a8   Code   RO          451    i.trailModule       main.o
    0x08002d94   0x08002d94   0x00001e10   Data   RO          298    .constdata          oled.o
    0x08004ba4   0x08004ba4   0x00000010   Data   RO         3128    .constdata          system_stm32f1xx.o
    0x08004bb4   0x08004bb4   0x00000008   Data   RO         3129    .constdata          system_stm32f1xx.o
    0x08004bbc   0x08004bbc   0x00000020   Data   RO         3217    Region$$Table       anon$$obj.o


    Execution Region RW_IRAM1 (Exec base: 0x20000000, Load base: 0x08004bdc, Size: 0x00000ca8, Max: 0x00005000, ABSOLUTE)

    Exec Addr    Load Addr    Size         Type   Attr      Idx    E Section Name        Object

    0x20000000   0x08004bdc   0x00000040   Data   RW          454    .data               main.o
    0x20000040   0x08004c1c   0x0000000c   Data   RW         1819    .data               stm32f1xx_hal.o
    0x2000004c   0x08004c28   0x00000004   Data   RW         3130    .data               system_stm32f1xx.o
    0x20000050        -       0x00000480   Zero   RW          297    .bss                oled.o
    0x200004d0        -       0x00000074   Zero   RW          452    .bss                main.o
    0x20000544        -       0x00000120   Zero   RW          568    .bss                tim.o
    0x20000664        -       0x00000044   Zero   RW          640    .bss                usart.o
    0x200006a8        -       0x00000600   Zero   RW            1    STACK               startup_stm32f103xb.o


==============================================================================

Image component sizes


      Code (inc. data)   RO Data    RW Data    ZI Data      Debug   Object Name

       268         16          0          0          0        995   gpio.o
       192         28          0          0          0       1445   hc_sr04.o
      1506        106          0         64        116       5999   main.o
       328         44          0          0          0       4231   motor.o
      1056         54       7696          0       1152       8376   oled.o
       448         34          0          0          0     428307   pid.o
        36          8        236          0       1536        796   startup_stm32f103xb.o
       164         28          0         12          0       5857   stm32f1xx_hal.o
       198         14          0          0          0      28915   stm32f1xx_hal_cortex.o
       516         34          0          0          0       4092   stm32f1xx_hal_gpio.o
        60          8          0          0          0        858   stm32f1xx_hal_msp.o
      1272        100          0          0          0       5156   stm32f1xx_hal_rcc.o
      2074         58          0          0          0      17613   stm32f1xx_hal_tim.o
       192         12          0          0          0       3125   stm32f1xx_hal_tim_ex.o
       282          6          0          0          0       1852   stm32f1xx_hal_uart.o
        32          6          0          0          0       4244   stm32f1xx_it.o
         2          0         24          4          0       1095   system_stm32f1xx.o
       852         70          0          0        288       5065   tim.o
       468         26          0          0          0        845   trail.o
       168         20          0          0         68       1658   usart.o

    ----------------------------------------------------------------------
     10146        672       7988         80       3160     530524   Object Totals
         0          0         32          0          0          0   (incl. Generated)
        32          0          0          0          0          0   (incl. Padding)

    ----------------------------------------------------------------------

      Code (inc. data)   RO Data    RW Data    ZI Data      Debug   Library Member Name

         0          0          0          0          0          0   entry.o
         0          0          0          0          0          0   entry10a.o
         0          0          0          0          0          0   entry11a.o
         4          0          0          0          0          0   entry12b.o
         8          4          0          0          0          0   entry2.o
         4          0          0          0          0          0   entry5.o
         0          0          0          0          0          0   entry7b.o
         0          0          0          0          0          0   entry8b.o
         8          4          0          0          0          0   entry9a.o
        30          0          0          0          0          0   handlers.o
        36          8          0          0          0         68   init.o
         0          0          0          0          0          0   iusefp.o
        30          0          0          0          0         68   llshl.o
        32          0          0          0          0         68   llushr.o
        36          0          0          0          0        108   memseta.o
        20          0          0          0          0         68   cfcmple.o
        20          0          0          0          0         68   cfrcmple.o
        56          0          0          0          0         88   d2f.o
       186          0          0          0          0        176   depilogue.o
        34          0          0          0          0         76   dflti.o
        26          0          0          0          0         76   dfltui.o
       228          0          0          0          0         96   dmul.o
        46          0          0          0          0         80   dscalb.o
       176          0          0          0          0        140   fadd.o
       110          0          0          0          0        168   fepilogue.o
        50          0          0          0          0         68   ffixi.o
        18          0          0          0          0         68   fflti.o
       100          0          0          0          0         76   fmul.o
        24          0          0          0          0         68   fscalb.o

    ----------------------------------------------------------------------
      1286         16          0          0          0       1628   Library Totals
         4          0          0          0          0          0   (incl. Padding)

    ----------------------------------------------------------------------

      Code (inc. data)   RO Data    RW Data    ZI Data      Debug   Library Name

       188         16          0          0          0        312   mc_w.l
      1094          0          0          0          0       1316   mf_w.l

    ----------------------------------------------------------------------
      1286         16          0          0          0       1628   Library Totals

    ----------------------------------------------------------------------

==============================================================================


      Code (inc. data)   RO Data    RW Data    ZI Data      Debug   

     11432        688       7988         80       3160     526116   Grand Totals
     11432        688       7988         80       3160     526116   ELF Image Totals
     11432        688       7988         80          0          0   ROM Totals

==============================================================================

    Total RO  Size (Code + RO Data)                19420 (  18.96kB)
    Total RW  Size (RW Data + ZI Data)              3240 (   3.16kB)
    Total ROM Size (Code + RO Data + RW Data)      19500 (  19.04kB)

==============================================================================

